D/wpa_supplicant(21063): RTM_NEWLINK: operstate=1 ifi_flags=0x11043 ([UP][RUNNING][LOWER_UP])
D/wpa_supplicant(21063): RTM_NEWLINK, IFLA_IFNAME: Interface 'ap0' added
D/wpa_supplicant(21063): nl80211: if_removed already cleared - ignore event
D/wpa_supplicant(21063): CTRL_IFACE monitor attached
D/wpa_supplicant(21063): 2f646174612f6d6973632f776966692f736f636b6574732f7770615f6374726c5f3730362d36353400
V/Provider/Settings(  840): invalidate [system]: current 267 != cached 264
D/dalvikvm(19870): GC_FOR_ALLOC freed 2534K (16782), 27% free 9467K/12868K, paused 20ms, total 20ms
I/System.out(19870): [CDS]close[0]
W/System.err(19870): Startup fail, 53 port is taken or has no privilege. Check if you are running in root, or another DNS server is running.
W/System.err(19870): Startup fail, 53 port is taken or has no privilege = java.net.BindException: bind failed: EADDRINUSE (Address already in use)
D/dalvikvm(19870): create interp thread : stack size=128KB
D/dalvikvm(19870): create new thread
D/dalvikvm(19870): new thread created
D/dalvikvm(19870): update thread list
D/dalvikvm(19870): threadid=20: interp stack at 0x5ec11000
D/dalvikvm(19870): threadid=20: created from interp
D/dalvikvm(19870): start new thread
D/dalvikvm(19870): threadid=20: notify debugger
D/dalvikvm(19870): threadid=20 (Thread-8): calling run()
D/dalvikvm(19870): threadid=20: exiting
D/dalvikvm(19870): threadid=20: bye!
I/AndroidRuntime(19870): VM exiting with result code -1, cleanup skipped.
D/IPCThreadState(  706): [DN #5] BR_DEAD_BINDER cookie 0x65b20a08
D/IPCThreadState(  706): [DN #5] BR_DEAD_BINDER cookie 0x65afa0a8
D/IPCThreadState(  706): [DN #5] BR_DEAD_BINDER cookie 0x5ddf0ef0
D/IPCThreadState(  706): [DN #5] BR_DEAD_BINDER cookie 0x6198bde8
D/IPCThreadState(  706): [DN #5] BR_DEAD_BINDER cookie 0x653a6b18
D/IPCThreadState(  706): [DN #5] BR_DEAD_BINDER cookie 0x63d1f288
D/IPCThreadState(  706): [DN #5] BR_CLEAR_DEATH_NOTIFICATION_DONE cookie 0x653a6b18
D/IPCThreadState(  706): [DN #5] BR_DEAD_BINDER cookie 0x6271f568
D/IPCThreadState(  706): [DN #5] BR_CLEAR_DEATH_NOTIFICATION_DONE cookie 0x63d1f288
D/IPCThreadState(  706): [DN #5] BR_DEAD_BINDER cookie 0x6528f408
W/InputDispatcher(  706): channel '4344d740 com.android.phoneassistant/com.android.phoneassistant.webserver.activity.ShareEntryActivity (server)' ~ Consumer closed input channel or an error occurred.  events=0x9
E/InputDispatcher(  706): channel '4344d740 com.android.phoneassistant/com.android.phoneassistant.webserver.activity.ShareEntryActivity (server)' ~ Channel is unrecoverably broken and will be disposed!
W/InputDispatcher(  706): channel '42c4adb8 com.android.phoneassistant/com.android.phoneassistant.webserver.activity.WebServerWithHotpot (server)' ~ Consumer closed input channel or an error occurred.  events=0x9
E/InputDispatcher(  706): channel '42c4adb8 com.android.phoneassistant/com.android.phoneassistant.webserver.activity.WebServerWithHotpot (server)' ~ Channel is unrecoverably broken and will be disposed!
I/SurfaceFlinger(  139): EventThread Client Pid (19870) disconnected by (139)
W/ADB_SERVICES( 4131): terminating JDWP 19870 connection: Try again
D/ADB_SERVICES( 4131): remove pid 19870 to jdwp process list
W/InputDispatcher(  706): channel '4307fec0 com.android.phoneassistant/com.android.phoneassistant.webserver.activity.WebServerWithHotpot (server)' ~ Consumer closed input channel or an error occurred.  events=0x9
D/ADB_SERVICES( 4131):  closing because is_eof=1 r=0 s->fde.force_eof=0
W/ADB_SERVICES( 4131): entered. LS(11153) fd=22
E/InputDispatcher(  706): channel '4307fec0 com.android.phoneassistant/com.android.phoneassistant.webserver.activity.WebServerWithHotpot (server)' ~ Channel is unrecoverably broken and will be disposed!
D/Zygote  (  140): Process 19870 exited cleanly (255)
D/dalvikvm(  706): JIT code cache reset in 2 ms (1048500 bytes 93/0)
D/dalvikvm(  706): GC_CONCURRENT freed 4359K (71126), 41% free 25780K/43332K, paused 20ms+15ms, total 189ms
D/dalvikvm(  706): WAIT_FOR_CONCURRENT_GC blocked 113ms
D/dalvikvm(  706): WAIT_FOR_CONCURRENT_GC blocked 123ms
D/dalvikvm(  706): WAIT_FOR_CONCURRENT_GC blocked 124ms
D/PowerManagerService(  706): handleSandman: canDream=false, mWakefulness=Awake
D/dalvikvm(  706): WAIT_FOR_CONCURRENT_GC blocked 105ms
D/dalvikvm(  706): WAIT_FOR_CONCURRENT_GC blocked 124ms
D/dalvikvm(  706): WAIT_FOR_CONCURRENT_GC blocked 99ms
D/dalvikvm(  706): WAIT_FOR_CONCURRENT_GC blocked 109ms
D/dalvikvm(  706): WAIT_FOR_CONCURRENT_GC blocked 67ms
D/DisplayManagerService(  706): Display listener for pid 19870 died.
D/dalvikvm(  706): WAIT_FOR_CONCURRENT_GC blocked 67ms
D/dalvikvm(  706): WAIT_FOR_CONCURRENT_GC blocked 68ms
D/dalvikvm(  706): WAIT_FOR_CONCURRENT_GC blocked 60ms
D/StateMachine(  706): handleMessage: E msg.what=147457
V/Provider/Settings(  706):  from settings cache , name = gprs_connection_setting , value = 0
D/SettingsProvider(  706): call request for 0
I/WindowState(  706): WIN DEATH: Window{4344d740 u0 com.android.phoneassistant/com.android.phoneassistant.webserver.activity.ShareEntryActivity}
W/InputDispatcher(  706): Attempted to unregister already unregistered input channel '4344d740 com.android.phoneassistant/com.android.phoneassistant.webserver.activity.ShareEntryActivity (server)'
V/ActivityManager(  706): Death received in com.android.server.am.ActivityManagerService$AppDeathRecipient@42900e68 for thread android.os.BinderProxy@41f69b60
I/ActivityManager(  706): Process com.android.phoneassistant (pid 19870) has died.
W/ActivityManager(  706): Scheduling restart of crashed service com.android.phoneassistant/.webserver.service.WSService in 5000ms
I/ProviderMap(  706): Removing from providersByClass name=ComponentInfo{com.android.phoneassistant/com.android.phoneassistant.provider.PhoneAssistantProvider} user=0
D/StateMachine(  706): processMsg: TetheredState
D/ConnectivityService(  706): getMobileDataEnabledGemini dataEnabledSlotId:-1 slotId:0
V/NetworkPolicy(  706): ensureActiveMobilePolicyLocked()
D/SettingsProvider(  706): lookupValue table system cache contains Key time_12_24 , value = Bundle[{value=24}]
D/NetdConnector(  706): RCV <- {600 Iface linkstate ap0 up}
D/IPCThreadState(  706): [DN #5] BR_CLEAR_DEATH_NOTIFICATION_DONE cookie 0x65b20a08
D/WifiStateMachine(  706): TetheredState{ what=147457 when=-112ms target=Handler (com.android.internal.util.StateMachine$SmHandler) {42476b38} }
D/StateMachine(  706): processMsg: SoftApStartedState
V/Provider/Settings(  966):  from settings cache , name = gprs_connection_setting , value = 0
D/WifiStateMachine(  706): SoftApStartedState{ what=147457 when=-113ms target=Handler (com.android.internal.util.StateMachine$SmHandler) {42476b38} }
D/Tethering(  706): interfaceLinkStateChanged ap0, true
D/Tethering(  706): interfaceStatusChanged ap0, true
D/StateMachine(  706): processMsg: DefaultState
D/WifiStateMachine(  706): DefaultState{ what=147457 when=-114ms target=Handler (com.android.internal.util.StateMachine$SmHandler) {42476b38} }
V/Provider/Settings(  840): from db cache, name = time_12_24 , value = 24
D/StateMachine(  706): handleMessage: X
D/MobileDataStateTracker(  706): default: getNetworkInfo: updated IsAvailable=true
V/Provider/Settings(  966):  from settings cache , name = gprs_connection_setting , value = 0
D/MobileDataStateTracker(  706): default: getNetworkInfo: updated IsAvailable=true
V/Provider/Settings(  966):  from settings cache , name = gprs_connection_setting , value = 0
D/MobileDataStateTracker(  706): mms: getNetworkInfo: updated IsAvailable=true
V/Provider/Settings(  966):  from settings cache , name = gprs_connection_setting , value = 0
I/ProviderMap(  706): Removing from providersByName name=com.android.phoneassistant user=0
V/AppWidgetContext(  840): package name: android
V/AppWidgetContext(  840): context permission not changed
D/MobileDataStateTracker(  706): mms: getNetworkInfo: updated IsAvailable=true
D/PhoneInterfaceManager(  966): getSimState simId = 0prop = READY
D/KeyguardViewMediator(  706): setHidden false
W/ActivityManager(  706): Force removing ActivityRecord{42b65398 u0 com.android.phoneassistant/.webserver.activity.WebServerWithHotpot}: app died, no saved state
V/Provider/Settings(  966):  from settings cache , name = gprs_connection_setting , value = 0
D/KeyguardUpdateMonitor(  706): sendKeyguardVisibilityChanged(true)
D/MobileDataStateTracker(  706): supl: getNetworkInfo: updated IsAvailable=true
D/KeyguardUpdateMonitor(  706): handleKeyguardVisibilityChanged(1)
V/Provider/Settings(  966):  from settings cache , name = gprs_connection_setting , value = 0
D/KeyguardViewMediator(  706): handleMessage enter msg name=SET_HIDDEN
D/KeyguardViewMediator(  706): handleMessage exit msg name=SET_HIDDEN
V/NetworkPolicy(  706): updateNetworkEnabledLocked()
V/NetworkPolicy(  706):  checking policy:NetworkPolicy[NetworkTemplate: matchRule=MOBILE_ALL, subscriberId=460022...]: cycleDay=1, cycleTimezone=Asia/Shanghai, warningBytes=2147483648, limitBytes=-1, lastWarningSnooze=-1, lastLimitSnooze=-1, metered=true, inferred=true, active=true
D/NetworkPolicy(  706): getSlotBySubscriberId= 460022955816270
V/NetworkPolicy(  706):  ignore setNetworkTemplateEnabled
V/NetworkPolicy(  706): updateNotificationsLocked()
D/NetworkPolicy(  706):  checking policy:NetworkPolicy[NetworkTemplate: matchRule=MOBILE_ALL, subscriberId=460022...]: cycleDay=1, cycleTimezone=Asia/Shanghai, warningBytes=2147483648, limitBytes=-1, lastWarningSnooze=-1, lastLimitSnooze=-1, metered=true, inferred=true, active=true
D/MobileDataStateTracker(  706): supl: getNetworkInfo: updated IsAvailable=true
D/PhoneInterfaceManager(  966): getSimState simId = 0prop = READY
V/Provider/Settings(  966):  from settings cache , name = gprs_connection_setting , value = 0
D/MobileDataStateTracker(  706): dun: getNetworkInfo: updated IsAvailable=true
V/Provider/Settings(  966):  from settings cache , name = gprs_connection_setting , value = 0
V/Provider/Settings(  706):  from settings cache , name = netstats_report_xt_over_dev , value = null
V/NetworkPolicy(  706):  getTotalBytes:2317015
D/NetworkPolicy(  706): NotificationsLocked totalBytes:2317015  start=1427817600000  end=1428308378173
D/MobileDataStateTracker(  706): dun: getNetworkInfo: updated IsAvailable=true
D/IPCThreadState(  706): [DN #5] BR_CLEAR_DEATH_NOTIFICATION_DONE cookie 0x65afa0a8
D/IPCThreadState(  706): [DN #5] BR_CLEAR_DEATH_NOTIFICATION_DONE cookie 0x5ddf0ef0
I/WindowState(  706): WIN DEATH: Window{42c4adb8 u0 com.android.phoneassistant/com.android.phoneassistant.webserver.activity.WebServerWithHotpot}
W/InputDispatcher(  706): Attempted to unregister already unregistered input channel '42c4adb8 com.android.phoneassistant/com.android.phoneassistant.webserver.activity.WebServerWithHotpot (server)'
V/Provider/Settings(  966):  from settings cache , name = gprs_connection_setting , value = 0
V/WindowManager(  706): Changing focus from Window{42c4adb8 u0 com.android.phoneassistant/com.android.phoneassistant.webserver.activity.WebServerWithHotpot EXITING} to Window{4307fec0 u0 com.android.phoneassistant/com.android.phoneassistant.webserver.activity.WebServerWithHotpot}
D/MobileDataStateTracker(  706): hipri: getNetworkInfo: updated IsAvailable=true
D/KeyguardViewMediator(  706): setHidden false
D/KeyguardUpdateMonitor(  706): sendKeyguardVisibilityChanged(true)
D/KeyguardUpdateMonitor(  706): handleKeyguardVisibilityChanged(1)
V/Provider/Settings(  966):  from settings cache , name = gprs_connection_setting , value = 0
D/MobileDataStateTracker(  706): hipri: getNetworkInfo: updated IsAvailable=true
D/KeyguardViewMediator(  706): handleMessage enter msg name=SET_HIDDEN
D/KeyguardViewMediator(  706): handleMessage exit msg name=SET_HIDDEN
I/WindowState(  706): WIN DEATH: Window{4307fec0 u0 com.android.phoneassistant/com.android.phoneassistant.webserver.activity.WebServerWithHotpot}
D/IPCThreadState(  706): [DN #5] BR_CLEAR_DEATH_NOTIFICATION_DONE cookie 0x6271f568
W/InputDispatcher(  706): Attempted to unregister already unregistered input channel '4307fec0 com.android.phoneassistant/com.android.phoneassistant.webserver.activity.WebServerWithHotpot (server)'
V/Provider/Settings(  966):  from settings cache , name = gprs_connection_setting , value = 0
D/MobileDataStateTracker(  706): fota: getNetworkInfo: updated IsAvailable=true
V/Provider/Settings(  966):  from settings cache , name = gprs_connection_setting , value = 0
D/KeyguardViewMediator(  706): setHidden false
D/KeyguardUpdateMonitor(  706): sendKeyguardVisibilityChanged(true)
D/KeyguardUpdateMonitor(  706): handleKeyguardVisibilityChanged(1)
D/KeyguardViewMediator(  706): handleMessage enter msg name=SET_HIDDEN
D/KeyguardViewMediator(  706): handleMessage exit msg name=SET_HIDDEN
D/MobileDataStateTracker(  706): fota: getNetworkInfo: updated IsAvailable=true
V/Provider/Settings(  966):  from settings cache , name = gprs_connection_setting , value = 0
V/WindowManager(  706): Changing focus from Window{4307fec0 u0 com.android.phoneassistant/com.android.phoneassistant.webserver.activity.WebServerWithHotpot} to null
D/IPCThreadState(  706): [DN #5] BR_CLEAR_DEATH_NOTIFICATION_DONE cookie 0x6528f408
I/libPerfService(  706): 1: set: 2
I/WindowManager(  706): Losing focus: Window{42c4adb8 u0 com.android.phoneassistant/com.android.phoneassistant.webserver.activity.WebServerWithHotpot EXITING}
W/ActivityManager(  706): Unable to write /sys/module/mlog/parameters/do_mlog
V/Provider/Settings(  706):  from settings cache , name = read_external_storage_enforced_default , value = null
D/dalvikvm(  140): threadid=4: exiting
D/dalvikvm(  140): threadid=4: bye!
D/dalvikvm(  140): threadid=3: exiting
D/dalvikvm(  140): threadid=3: bye!
D/dalvikvm(  140): threadid=2: exiting
D/dalvikvm(  140): threadid=2: bye!
D/dalvikvm(  140): pre gc
D/dalvikvm(  140): Zygote::ForkAndSpecialize +
D/MobileDataStateTracker(  706): ims: getNetworkInfo: updated IsAvailable=true
V/Provider/Settings(  966):  from settings cache , name = gprs_connection_setting , value = 0
D/MobileDataStateTracker(  706): ims: getNetworkInfo: updated IsAvailable=true
I/SurfaceTexture(  139): [com.android.phoneassistant/com.android.phoneassistant.webserver.activity.WebServerWithHotpot](this:0x40cae108,api:1) destroying EGLImage dpy=0x1 img=0x1000000a
I/SurfaceTexture(  139): [com.android.phoneassistant/com.android.phoneassistant.webserver.activity.WebServerWithHotpot](this:0x40cae108,api:1) destroying EGLImage dpy=0x1 img=0x1000000c
I/SurfaceTexture(  139): [com.android.phoneassistant/com.android.phoneassistant.webserver.activity.WebServerWithHotpot](this:0x40cae108,api:1) destroying EGLImage dpy=0x1 img=0x10000007
I/SurfaceTexture(  139): [com.android.phoneassistant/com.android.phoneassistant.webserver.activity.WebServerWithHotpot](this:0x40cae108,api:1) destroying EGLImage dpy=0x1 img=0x10000008
I/BufferQueue(  139): [com.android.phoneassistant/com.android.phoneassistant.webserver.activity.WebServerWithHotpot](this:0x41f2e190,api:1) consumerDisconnect
I/GraphicBuffer(  139): free buffer (w:544 h:960 f:1) handle(0x435cd230)
I/GraphicBuffer(  139): free buffer (w:544 h:960 f:1) handle(0x40cb4c60)
I/GraphicBuffer(  139): free buffer (w:544 h:960 f:1) handle(0x40c98060)
I/BufferQueue(  139): [com.android.phoneassistant/com.android.phoneassistant.webserver.activity.WebServerWithHotpot](this:0x41f2e190,api:1) ~BufferQueue
V/Provider/Settings(  966):  from settings cache , name = gprs_connection_setting , value = 0
I/GraphicBuffer(  139): free buffer (w:544 h:960 f:1) handle(0x439cfc08)
D/MobileDataStateTracker(  706): cbs: getNetworkInfo: updated IsAvailable=true
D/dalvikvm(  140): Zygote::ForkAndSpecialize : 21070
D/dalvikvm(  140): create interp thread : stack size=128KB
D/dalvikvm(  140): create new thread
D/dalvikvm(  140): new thread created
D/dalvikvm(  140): update thread list
D/dalvikvm(21070): Zygote::ForkAndSpecialize : 0
V/Provider/Settings(  966):  from settings cache , name = gprs_connection_setting , value = 0
D/dalvikvm(  140): threadid=2: interp stack at 0x5a2b0000
D/dalvikvm(  140): threadid=2: created from interp
D/dalvikvm(  140): start new thread
D/dalvikvm(  140): threadid=2: notify debugger
D/dalvikvm(  140): threadid=2 (ReferenceQueueDaemon): calling run()
D/dalvikvm(  140): create interp thread : stack size=128KB
D/dalvikvm(  140): create new thread
D/dalvikvm(  140): new thread created
D/dalvikvm(  140): update thread list
D/MobileDataStateTracker(  706): cbs: getNetworkInfo: updated IsAvailable=true
D/dalvikvm(  140): threadid=3: interp stack at 0x5a3d0000
D/dalvikvm(  140): threadid=3: created from interp
D/dalvikvm(  140): start new thread
D/dalvikvm(  140): threadid=3: notify debugger
D/dalvikvm(  140): threadid=3 (FinalizerDaemon): calling run()
D/dalvikvm(  140): create interp thread : stack size=128KB
D/dalvikvm(  140): create new thread
D/dalvikvm(  140): new thread created
D/dalvikvm(  140): update thread list
D/dalvikvm(  140): threadid=4: interp stack at 0x5a4f0000
D/dalvikvm(  140): threadid=4: created from interp
D/dalvikvm(  140): start new thread
D/dalvikvm(  140): threadid=4: notify debugger
D/dalvikvm(  140): threadid=4 (FinalizerWatchdogDaemon): calling run()
I/ActivityManager(  706): Start proc com.android.phoneassistant for activity com.android.phoneassistant/.webserver.activity.ShareEntryActivity: pid=21070 uid=10083 gids={50083, 1015, 3003, 1006, 1028}
D/IPCThreadState(  706): [DN #5] BR_CLEAR_DEATH_NOTIFICATION_DONE cookie 0x6198bde8
D/dalvikvm(21070): zygote get new systemTid : 21070
V/Provider/Settings(  966):  from settings cache , name = gprs_connection_setting , value = 0
D/dalvikvm(21070): Late-enabling CheckJNI
D/MobileDataStateTracker(  706): dm: getNetworkInfo: updated IsAvailable=true
V/Provider/Settings(  966):  from settings cache , name = gprs_connection_setting , value = 0
D/Tethering(  706): getTetheredIfacePairs:null, ap0
D/MobileDataStateTracker(  706): dm: getNetworkInfo: updated IsAvailable=true
V/Provider/Settings(  966):  from settings cache , name = gprs_connection_setting , value = 0
D/MobileDataStateTracker(  706): wap: getNetworkInfo: updated IsAvailable=true
D/dalvikvm(21070): threadid=2: interp stack at 0x5a3b0000
V/Provider/Settings(  966):  from settings cache , name = gprs_connection_setting , value = 0
W/NetworkStatsRecorder(  706): unknown interfaces [ccmni0, p2p0, ap0, wlan0], ignoring those stats
D/MobileDataStateTracker(  706): wap: getNetworkInfo: updated IsAvailable=true
V/Provider/Settings(  966):  from settings cache , name = gprs_connection_setting , value = 0
D/MobileDataStateTracker(  706): net: getNetworkInfo: updated IsAvailable=true
W/NetworkStatsRecorder(  706): unknown interfaces [ccmni0, p2p0, ap0, wlan0], ignoring those stats
V/Provider/Settings(  966):  from settings cache , name = gprs_connection_setting , value = 0
D/MobileDataStateTracker(  706): net: getNetworkInfo: updated IsAvailable=true
V/Provider/Settings(  966):  from settings cache , name = gprs_connection_setting , value = 0
D/MobileDataStateTracker(  706): cmmail: getNetworkInfo: updated IsAvailable=true
D/dalvikvm(21070): threadid=3: interp stack at 0x5a4d0000
V/Provider/Settings(  966):  from settings cache , name = gprs_connection_setting , value = 0
D/dalvikvm(21070): Elevating priority from 0 to -8
D/jdwp    (21070): prepping for JDWP over ADB
D/jdwp    (21070): ADB transport startup
D/MobileDataStateTracker(  706): cmmail: getNetworkInfo: updated IsAvailable=true
D/dalvikvm(  140): GC_EXPLICIT freed 42K (1064), 10% free 8128K/9032K, paused 2ms+3ms, total 29ms
V/Provider/Settings(  966):  from settings cache , name = gprs_connection_setting , value = 0
W/NetworkStatsRecorder(  706): unknown interfaces [ccmni0, p2p0, ap0, wlan0], ignoring those stats
D/MobileDataStateTracker(  706): rcse: getNetworkInfo: updated IsAvailable=true
V/Provider/Settings(  966):  from settings cache , name = gprs_connection_setting , value = 0
D/MobileDataStateTracker(  706): rcse: getNetworkInfo: updated IsAvailable=true
D/dalvikvm(21070): threadid=4: interp stack at 0x5a5f0000
D/jdwp    (21070): JDWP: thread running
D/jdwp    (21070): acceptConnection
D/ADB_SERVICES( 4131): Adding socket 20 pid 21070 to jdwp process list
D/jdwp    (21070): trying to receive file descriptor from ADB
W/NetworkStatsRecorder(  706): unknown interfaces [ccmni0, p2p0, ap0, wlan0], ignoring those stats
V/NetworkStats(  706): performPollLocked() took 212ms
V/ActivityManager(  706): Broadcast: com.android.server.action.NETWORK_STATS_UPDATED ordered=false userid=-1 callerApp=ProcessRecord{420cced8 706:system/1000}
D/PowerManagerService(  706): releaseWakeLockInternal: lock=1111910072, flags=0x0, tag=NetworkStats, total_time=212ms
D/PowerManagerService(  706): updateWakeLockSummaryLocked: mWakefulness=Awake, mWakeLockSummary=0x1
D/PowerManagerService(  706): newScreenState = 2
D/PowerManagerDisplayController(  706): requestPowerState: screenState=2, useProximitySensor=false, screenBrightness=100, screenAutoBrightnessAdjustment=0.0, useAutoBrightness=true, useEcoBrightness=false, blockScreenOn=false, isUserAdjustingAutoBrightness =false, waitForNegativeProximity=false
D/PowerManagerService(  706): updateScreenStateLocked: mDisplayReady=true, newScreenState=2, mWakefulness=1, mWakeLockSummary=0x1, mUserActivitySummary=0x1, mBootCompleted=true
D/PowerManagerService(  706): handleSandman: canDream=false, mWakefulness=Awake
V/NetworkStats(  706): setKernelCounterSet uid=10083 set=0
D/ConnectivityService(  706): onUidRulesChanged(uid=10083, uidRules=0)
V/Provider/Settings(  706):  from settings cache , name = gprs_connection_setting , value = 0
D/ConnectivityService(  706): getMobileDataEnabledGemini dataEnabledSlotId:-1 slotId:0
V/NetworkPolicy(  706): ensureActiveMobilePolicyLocked()
D/dalvikvm(21070): threadid=5: interp stack at 0x5a681000
D/dalvikvm(21070): zygote get thread init done
D/dalvikvm(21070): create interp thread : stack size=128KB
D/dalvikvm(21070): create new thread
D/dalvikvm(21070): new thread created
D/dalvikvm(21070): update thread list
D/PhoneInterfaceManager(  966): getSimState simId = 0prop = READY
W/ADB_SERVICES( 4131): create_local_service_socket() name=jdwp:21070
W/ADB_SERVICES( 4131): looking for pid 21070 in JDWP process list return fds0(22) fds1(23)
W/ADB_SERVICES( 4131): LS(11225): bound to 'jdwp:21070' via 22
W/ADB_SERVICES( 4131): trying to write to JDWP socket=20 pid=21070 count=1 out_fds=23
D/jdwp    (21070): received file descriptor 45 from ADB
D/dalvikvm(21070): threadid=6: interp stack at 0x5a6a1000
D/dalvikvm(21070): threadid=6: created from interp
D/dalvikvm(21070): start new thread
D/ADB_SERVICES( 4131): adb socket write list (24) (22) 
D/ADB_SERVICES( 4131): write_data=94
D/jdwp    (21070): processIncoming
D/dalvikvm(21070): threadid=6: notify debugger
D/dalvikvm(21070): threadid=6 (ReferenceQueueDaemon): calling run()
D/dalvikvm(21070): create interp thread : stack size=128KB
D/dalvikvm(21070): create new thread
D/dalvikvm(21070): new thread created
D/dalvikvm(21070): update thread list
D/dalvikvm(  140): GC_EXPLICIT freed <1K (2), 10% free 8128K/9032K, paused 1ms+2ms, total 26ms
D/dalvikvm(21070): threadid=7: interp stack at 0x5a6c1000
D/dalvikvm(21070): threadid=7: created from interp
D/dalvikvm(21070): start new thread
D/dalvikvm(21070): create interp thread : stack size=128KB
D/dalvikvm(21070): create new thread
D/dalvikvm(21070): threadid=7: notify debugger
D/dalvikvm(21070): threadid=7 (FinalizerDaemon): calling run()
D/dalvikvm(21070): new thread created
D/dalvikvm(21070): update thread list
V/NetworkPolicy(  706): updateNetworkEnabledLocked()
D/jdwp    (21070): processIncoming
D/jdwp    (21070): handlePacket : cmd=0x1, cmdSet=0xC7, len=0x13, id=0x400001B8, flags=0x0, dataLen=0x8
V/NetworkPolicy(  706):  checking policy:NetworkPolicy[NetworkTemplate: matchRule=MOBILE_ALL, subscriberId=460022...]: cycleDay=1, cycleTimezone=Asia/Shanghai, warningBytes=2147483648, limitBytes=-1, lastWarningSnooze=-1, lastLimitSnooze=-1, metered=true, inferred=true, active=true
D/NetworkPolicy(  706): getSlotBySubscriberId= 460022955816270
V/NetworkPolicy(  706):  ignore setNetworkTemplateEnabled
V/NetworkPolicy(  706): updateNotificationsLocked()
D/NetworkPolicy(  706):  checking policy:NetworkPolicy[NetworkTemplate: matchRule=MOBILE_ALL, subscriberId=460022...]: cycleDay=1, cycleTimezone=Asia/Shanghai, warningBytes=2147483648, limitBytes=-1, lastWarningSnooze=-1, lastLimitSnooze=-1, metered=true, inferred=true, active=true
D/PhoneInterfaceManager(  966): getSimState simId = 0prop = READY
D/jdwp    (21070): processIncoming
D/jdwp    (21070): handlePacket : cmd=0x1, cmdSet=0xC7, len=0x17, id=0x400001B9, flags=0x0, dataLen=0xC
V/Provider/Settings(  706):  from settings cache , name = netstats_report_xt_over_dev , value = null
V/NetworkPolicy(  706):  getTotalBytes:2317015
D/NetworkPolicy(  706): NotificationsLocked totalBytes:2317015  start=1427817600000  end=1428308378264
D/jdwp    (21070): processIncoming
D/jdwp    (21070): handlePacket : cmd=0x1, cmdSet=0xC7, len=0x13, id=0x400001BA, flags=0x0, dataLen=0x8
D/jdwp    (21070): processIncoming
D/jdwp    (21070): handlePacket : cmd=0x1, cmdSet=0xC7, len=0x13, id=0x400001BB, flags=0x0, dataLen=0x8
D/dalvikvm(21070): threadid=8: interp stack at 0x5a6e1000
D/dalvikvm(21070): threadid=8: created from interp
D/dalvikvm(21070): start new thread
D/dalvikvm(21070): threadid=8: notify debugger
D/dalvikvm(21070): threadid=8 (FinalizerWatchdogDaemon): calling run()
D/dalvikvm(  140): GC_EXPLICIT freed <1K (5), 10% free 8128K/9032K, paused 2ms+2ms, total 27ms
D/dalvikvm(21070): threadid=9: interp stack at 0x5a701000
V/Provider/Settings(  840):  from settings cache , name = time_12_24 , value = 24
D/dalvikvm(21029): threadid=10: exiting
D/dalvikvm(21029): threadid=10: bye!
D/KeyguardViewMediator(  706): setHidden false
D/KeyguardUpdateMonitor(  706): sendKeyguardVisibilityChanged(true)
D/KeyguardUpdateMonitor(  706): handleKeyguardVisibilityChanged(1)
D/KeyguardViewMediator(  706): handleMessage enter msg name=SET_HIDDEN
D/KeyguardViewMediator(  706): handleMessage exit msg name=SET_HIDDEN
D/dalvikvm(21070): threadid=10: interp stack at 0x5a721000
D/jdwp    (21070): sendBufferedRequest : len=0x3D
V/ActivityManager(  706): Binding process pid 21070 to record ProcessRecord{42434f90 21070:com.android.phoneassistant/u0a10083}
V/ActivityManager(  706): New death recipient com.android.server.am.ActivityManagerService$AppDeathRecipient@42192dd8 for thread android.os.BinderProxy@42732b28
I/ProviderMap(  706): getProviderByClass: ComponentInfo{com.android.phoneassistant/com.android.phoneassistant.provider.PhoneAssistantProvider}, callingUid = 1000
I/ProviderMap(  706): putProviderByClass: ComponentInfo{com.android.phoneassistant/com.android.phoneassistant.provider.PhoneAssistantProvider} , callingUid = 1000, record uid = 10083
V/AppWidgetContext(  840): package name: com.huawei.android.toolbox
V/ActivityManager(  706): New app record ProcessRecord{42434f90 21070:com.android.phoneassistant/u0a10083} thread=android.os.BinderProxy@42732b28 pid=21070
V/AppWidgetContext(  840): context permission not changed
D/InputReader(  706): InputReader:: getSwitchState lock 
D/InputReader(  706): InputReader::getStateLocked:: return 
V/ActivityManager(  706): ACT-Launching: ActivityRecord{433563e0 u0 com.android.phoneassistant/.webserver.activity.ShareEntryActivity}
D/MediatekClassFactory(  706): createInstance(): Begin = 116047809
D/MediatekClassFactory(  706): create Instance with :  interface com.mediatek.common.amsplus.IAmsPlus
D/MediatekClassFactory(  706): create Instance from mediatek-framework library :  com.mediatek.amsplus.ActivityStackPlus
D/MediatekClassFactory(  706): createInstance(): End = 116047811
I/BufferQueue(  139): [unnamed-139-4279](this:0x41de6210,api:0) BufferQueue
I/BufferQueue(  139): [unnamed-139-4279](this:0x41de6210,api:0) consumerConnect
I/BufferQueue(  139): [unnamed-139-4279](this:0x41de6210,api:0) setConsumerName: unnamed-139-4279
I/SurfaceTexture(  139): [unnamed-139-4279](this:0x40cae108,api:0) SurfaceTexture
I/BufferQueue(  139): [unnamed-139-4279](this:0x41de6210,api:0) setSynchronousMode: enabled=1
I/BufferQueue(  139): [unnamed-139-4279](this:0x41de6210,api:0) setDefaultBufferSize: w=540, h=960
I/BufferQueue(  139): [Starting com.android.phoneassistant](this:0x41de6210,api:0) setConsumerName: Starting com.android.phoneassistant
D/KeyguardViewMediator(  706): setHidden false
D/KeyguardUpdateMonitor(  706): sendKeyguardVisibilityChanged(true)
D/KeyguardUpdateMonitor(  706): handleKeyguardVisibilityChanged(1)
D/KeyguardViewMediator(  706): handleMessage enter msg name=SET_HIDDEN
D/KeyguardViewMediator(  706): handleMessage exit msg name=SET_HIDDEN
D/KeyguardViewMediator(  706): setHidden false
D/KeyguardUpdateMonitor(  706): sendKeyguardVisibilityChanged(true)
D/KeyguardUpdateMonitor(  706): handleKeyguardVisibilityChanged(1)
D/KeyguardViewMediator(  706): handleMessage enter msg name=SET_HIDDEN
D/KeyguardViewMediator(  706): handleMessage exit msg name=SET_HIDDEN
D/KeyguardViewMediator(  706): setHidden false
D/KeyguardUpdateMonitor(  706): sendKeyguardVisibilityChanged(true)
D/KeyguardUpdateMonitor(  706): handleKeyguardVisibilityChanged(1)
D/KeyguardViewMediator(  706): handleMessage enter msg name=SET_HIDDEN
D/KeyguardViewMediator(  706): handleMessage exit msg name=SET_HIDDEN
D/NetworkPolicy(  706): onRecv: MSG_FOREGROUND_ACTIVITIES_CHANGED pid:uid:act=21070:10083:true
V/NetworkStats(  706): setKernelCounterSet uid=10083 set=1
D/ConnectivityService(  706): onUidRulesChanged(uid=10083, uidRules=0)
I/SurfaceTexture(  139): [com.android.phoneassistant/com.android.phoneassistant.webserver.activity.WebServerWithHotpot](this:0x41f30270,api:1) destroying EGLImage dpy=0x1 img=0x10000009
I/SurfaceTexture(  139): [com.android.phoneassistant/com.android.phoneassistant.webserver.activity.WebServerWithHotpot](this:0x41f30270,api:1) destroying EGLImage dpy=0x1 img=0x1000000b
I/SurfaceTexture(  139): [com.android.phoneassistant/com.android.phoneassistant.webserver.activity.WebServerWithHotpot](this:0x41f30270,api:1) destroying EGLImage dpy=0x1 img=0x10000004
I/SurfaceTexture(  139): [com.android.phoneassistant/com.android.phoneassistant.webserver.activity.WebServerWithHotpot](this:0x41f30270,api:1) destroying EGLImage dpy=0x1 img=0x10000006
I/BufferQueue(  139): [com.android.phoneassistant/com.android.phoneassistant.webserver.activity.WebServerWithHotpot](this:0x4259f008,api:1) consumerDisconnect
I/GraphicBuffer(  139): free buffer (w:528 h:144 f:1) handle(0x425a0fc0)
I/GraphicBuffer(  139): free buffer (w:528 h:144 f:1) handle(0x439cfad0)
I/GraphicBuffer(  139): free buffer (w:528 h:144 f:1) handle(0x40cb7ae0)
I/BufferQueue(  139): [com.android.phoneassistant/com.android.phoneassistant.webserver.activity.WebServerWithHotpot](this:0x4259f008,api:1) ~BufferQueue
D/ConnectivityService(  706): sendStickyBroadcast: action=android.net.conn.CONNECTIVITY_CHANGE
I/GraphicBuffer(  139): free buffer (w:528 h:144 f:1) handle(0x40cb7dc0)
V/ActivityManager(  706): Broadcast sticky: android.net.conn.CONNECTIVITY_CHANGE ordered=false userid=-1 callerApp=ProcessRecord{420cced8 706:system/1000}
D/ConnectivityService(  706): getActiveNetworkInfo:null
D/Tethering(  706): StateReceiver onReceive action:android.net.conn.CONNECTIVITY_CHANGE
D/Tethering(  706): Tethering got CONNECTIVITY_ACTION, networkInfo:NetworkInfo: type: WIFI[], state: DISCONNECTED/DISCONNECTED, reason: (unspecified), extra: <unknown ssid>, roaming: false, failover: false, isAvailable: false, simId: 0
D/Tethering(  706): Tethering got CONNECTIVITY_ACTION
D/Tethering(  706): [MSM_TetherModeAlive][TetherMaster] processMessage what=3
D/Tethering(  706): upstreamIfaceTypes.add:0
D/Tethering(  706): upstreamIfaceTypes.add:1
D/Tethering(  706): upstreamIfaceTypes.add:5
D/Tethering(  706): upstreamIfaceTypes.add:7
D/Tethering(  706): upstreamIfaceTypes.add:9
V/Provider/Settings(  706):  from settings cache , name = tether_dun_required , value = null
D/Tethering(  706): checkDunRequired:2
V/Provider/Settings(  706):  from settings cache , name = tether_ipv6_feature , value = 0
D/Tethering(  706): getIpv6FeatureEnable:0
D/CaptivePortalTracker(  706): Disconnected from active network NetworkInfo: type: WIFI[], state: DISCONNECTED/DISCONNECTED, reason: (unspecified), extra: <unknown ssid>, roaming: false, failover: false, isAvailable: false, simId: 0
D/Tethering(  706): [TetherMaster]chooseUpstreamType has upstream iface types:
D/Tethering(  706):  0
D/Tethering(  706):  1
D/Tethering(  706):  5
D/Tethering(  706):  7
D/Tethering(  706):  9
D/CaptivePortalTracker(  706): NoActiveNetworkState
V/Provider/Settings(  966):  from settings cache , name = gprs_connection_setting , value = 0
V/Provider/Settings(  966):  from settings cache , name = gprs_connection_setting , value = 0
D/MobileDataStateTracker(  706): default: getNetworkInfo: updated IsAvailable=true
V/Provider/Settings(  966):  from settings cache , name = gprs_connection_setting , value = 0
D/MobileDataStateTracker(  706): default: getNetworkInfo: updated IsAvailable=true
D/KeyguardViewMediator(  706): setHidden false
D/KeyguardUpdateMonitor(  706): sendKeyguardVisibilityChanged(true)
V/Provider/Settings(  966):  from settings cache , name = gprs_connection_setting , value = 0
D/KeyguardUpdateMonitor(  706): handleKeyguardVisibilityChanged(1)
D/KeyguardViewMediator(  706): handleMessage enter msg name=SET_HIDDEN
D/KeyguardViewMediator(  706): handleMessage exit msg name=SET_HIDDEN
D/MobileDataStateTracker(  706): default: getNetworkInfo: updated IsAvailable=true
D/MobileDataStateTracker(  706): hipri: getNetworkInfo: updated IsAvailable=true
V/Provider/Settings(  966):  from settings cache , name = gprs_connection_setting , value = 0
V/Provider/Settings(  966):  from settings cache , name = gprs_connection_setting , value = 0
D/MobileDataStateTracker(  706): hipri: getNetworkInfo: updated IsAvailable=true
D/Tethering(  706): [TetherMaster]chooseUpstreamType(true), preferredApn =5, got type=-1
D/Tethering(  706): [MSM_TetherModeAlive][TetherMaster] notifying tethered with iface =null
D/Tethering(  706): [ISM_Tethered] processMessage what=12
D/Tethering(  706): [ISM_Tethered:null] CMD_TETHER_CONNECTION_CHANGED mMyUpstreamIfaceName: null, mMyUpstreamIfaceNameIpv6:null, newUpstreamIfaceName: null
D/Tethering(  706): [ISM_Tethered] Connection changed noop - dropping
D/MobileDataStateTracker(  706): default: getNetworkInfo: updated IsAvailable=true
I/AlarmManager(  706): PHB: network available: false
I/AlarmManager(  706): PHB histroy : com.sdu.didi.psnger
I/AlarmManager(  706): PHB histroy : com.tencent.mobileqq
I/AlarmManager(  706): PHB histroy : com.eg.android.AlipayGphone
I/AlarmManager(  706): PHB histroy match: com.eg.android.AlipayGphone
I/AlarmManager(  706): addPendingWakeupAlarms: com.eg.android.AlipayGphone, type: 0, repeatInterval: 0
I/AlarmManager(  706): PHB blacklist match: com.xiaomi.channel
I/AlarmManager(  706): addPendingWakeupAlarms: com.xiaomi.channel, type: 0, repeatInterval: 0
I/AlarmManager(  706): PHB histroy : com.sdu.didi.psnger
I/AlarmManager(  706): PHB histroy : com.tencent.mobileqq
I/AlarmManager(  706): PHB histroy : com.eg.android.AlipayGphone
I/AlarmManager(  706): PHB histroy : com.tencent.mm
I/AlarmManager(  706): PHB histroy : com.eastmoney.android.berlin
I/AlarmManager(  706): PHB histroy : com.jingdong.app.mall
I/AlarmManager(  706): PHB histroy match: com.jingdong.app.mall
I/AlarmManager(  706): addPendingWakeupAlarms: com.jingdong.app.mall, type: 0, repeatInterval: 300000
I/AlarmManager(  706): PHB blacklist match: com.taobao.taobao
I/AlarmManager(  706): addPendingWakeupAlarms: com.taobao.taobao, type: 0, repeatInterval: 0
I/AlarmManager(  706): PHB blacklist match: com.baidu.BaiduMap
I/AlarmManager(  706): addPendingWakeupAlarms: com.baidu.BaiduMap, type: 0, repeatInterval: 0
I/AlarmManager(  706): PHB blacklist match: com.tencent.qqlive
I/AlarmManager(  706): addPendingWakeupAlarms: com.tencent.qqlive, type: 0, repeatInterval: 180000
D/jdwp    (21070): sendBufferedRequest : len=0x4F
D/ConnectivityService(  706): getActiveNetworkInfo:null
I/AlarmManager(  706): PHB histroy : com.sdu.didi.psnger
I/AlarmManager(  706): PHB histroy : com.tencent.mobileqq
I/AlarmManager(  706): PHB histroy : com.eg.android.AlipayGphone
I/AlarmManager(  706): PHB histroy match: com.eg.android.AlipayGphone
W/asset   (21070): AssetManager-->addDefaultAssets CIP path not exsit!
I/AlarmManager(  706): PHB histroy : com.sdu.didi.psnger
I/AlarmManager(  706): PHB histroy : com.tencent.mobileqq
I/AlarmManager(  706): PHB histroy : com.eg.android.AlipayGphone
I/AlarmManager(  706): PHB histroy : com.tencent.mm
I/AlarmManager(  706): PHB histroy : com.eastmoney.android.berlin
D/TelephonyManager(  917): getDefaultSim is sim1
I/AlarmManager(  706): PHB histroy : com.jingdong.app.mall
I/AlarmManager(  706): PHB histroy : com.xiaomi.channel
I/AlarmManager(  706): PHB histroy : com.tencent.qqlive
I/AlarmManager(  706): PHB histroy : com.taobao.taobao
I/AlarmManager(  706): PHB histroy : com.youku.phone
I/AlarmManager(  706): PHB histroy : com.baidu.BaiduMap
I/AlarmManager(  706): PHB histroy : com.tudou.android
I/AlarmManager(  706): PHB blacklist match: com.baidu.BaiduMap
I/AlarmManager(  706): addPendingWakeupAlarms: com.baidu.BaiduMap, type: 0, repeatInterval: 600000
I/AlarmManager(  706): PHB blacklist match: com.tencent.mm
D/PowerManagerService(  706): Found Partial Wakelock: 10090
I/AlarmManager(  706): PHB blacklist match: com.huawei.android.totemweather
I/BufferQueue(  139): [Starting com.android.phoneassistant](this:0x41de6210,api:0) connect: api=2
D/PowerManagerService(  706): acquireWakeLockInternal: lock=1109707752, flags=0x1, tag="GpsLocationProvider", ws=null, uid=1000, pid=706
I/BufferQueue(  139): [Starting com.android.phoneassistant](this:0x41de6210,api:2) setSynchronousMode: enabled=1
I/BufferQueue(  139): [Starting com.android.phoneassistant](this:0x41de6210,api:2) new GraphicBuffer needed
D/BufferQueue(  139):     [OLD] gb:NULL
D/PowerManagerService(  706): updateWakeLockSummaryLocked: mWakefulness=Awake, mWakeLockSummary=0x1
D/PowerManagerService(  706): newScreenState = 2
D/PowerManagerDisplayController(  706): requestPowerState: screenState=2, useProximitySensor=false, screenBrightness=100, screenAutoBrightnessAdjustment=0.0, useAutoBrightness=true, useEcoBrightness=false, blockScreenOn=false, isUserAdjustingAutoBrightness =false, waitForNegativeProximity=false
D/PowerManagerService(  706): updateScreenStateLocked: mDisplayReady=true, newScreenState=2, mWakefulness=1, mWakeLockSummary=0x1, mUserActivitySummary=0x1, mBootCompleted=true
D/GpsLocationProvider(  706): updateNetworkState unavailable info: NetworkInfo: type: WIFI[], state: DISCONNECTED/DISCONNECTED, reason: (unspecified), extra: <unknown ssid>, roaming: false, failover: false, isAvailable: false, simId: 0
V/Provider/Settings(  706):  from settings cache , name = mobile_data , value = 0
I/GraphicBuffer(  139): allocate buffer (w:544 h:960 f:1) handle(0x40cb7ae0) err(0)
I/BufferQueue(  139):     [NEW] gb=0x41f39e70, handle=0x40cb7ae0, w=540, h=960, s=544, fmt=1
D/PowerManagerService(  706): handleSandman: canDream=false, mWakefulness=Awake
I/AlarmManager(  706): addPendingWakeupAlarms: com.huawei.android.totemweather, type: 0, repeatInterval: 21600000
I/AlarmManager(  706): PHB histroy : com.sdu.didi.psnger
I/AlarmManager(  706): PHB histroy : com.tencent.mobileqq
I/AlarmManager(  706): PHB histroy : com.eg.android.AlipayGphone
I/AlarmManager(  706): PHB histroy : com.tencent.mm
I/AlarmManager(  706): PHB histroy : com.eastmoney.android.berlin
I/AlarmManager(  706): PHB histroy : com.jingdong.app.mall
I/AlarmManager(  706): PHB histroy : com.xiaomi.channel
I/AlarmManager(  706): PHB histroy : com.tencent.qqlive
I/AlarmManager(  706): PHB histroy : com.taobao.taobao
I/AlarmManager(  706): PHB histroy : com.youku.phone
I/AlarmManager(  706): PHB histroy : com.baidu.BaiduMap
I/AlarmManager(  706): PHB histroy : com.tudou.android
D/GraphicBuffer(  706): create handle(0x61e08570) (w:544, h:960, f:1)
I/AlarmManager(  706): PHB histroy : com.sdu.didi.psnger
I/AlarmManager(  706): PHB histroy : com.tencent.mobileqq
I/AlarmManager(  706): PHB histroy : com.eg.android.AlipayGphone
I/AlarmManager(  706): PHB histroy : com.tencent.mm
I/AlarmManager(  706): PHB histroy : com.eastmoney.android.berlin
I/AlarmManager(  706): PHB histroy : com.jingdong.app.mall
I/AlarmManager(  706): PHB histroy : com.xiaomi.channel
I/AlarmManager(  706): PHB histroy : com.tencent.qqlive
I/AlarmManager(  706): PHB histroy : com.taobao.taobao
I/AlarmManager(  706): PHB histroy : com.youku.phone
I/AlarmManager(  706): PHB histroy : com.baidu.BaiduMap
I/AlarmManager(  706): PHB histroy : com.tudou.android
I/AlarmManager(  706): PHB blacklist match: com.youku.phone
I/AlarmManager(  706): addPendingWakeupAlarms: com.youku.phone, type: 0, repeatInterval: 86400000
I/AlarmManager(  706): PHB blacklist match: com.youku.phone
V/Provider/Settings(  966):  from settings cache , name = gprs_connection_setting , value = 0
D/ConnectivityService(  706): getActiveNetworkInfo:null
I/AlarmManager(  706): addPendingWakeupAlarms: com.youku.phone, type: 0, repeatInterval: 86400000
I/AlarmManager(  706): PHB blacklist match: com.youku.phone
D/MobileDataStateTracker(  706): default: getNetworkInfo: updated IsAvailable=true
V/Provider/Settings(  966):  from settings cache , name = gprs_connection_setting , value = 0
D/MobileDataStateTracker(  706): default: getNetworkInfo: updated IsAvailable=true
V/Provider/Settings(  966):  from settings cache , name = gprs_connection_setting , value = 0
D/MobileDataStateTracker(  706): mms: getNetworkInfo: updated IsAvailable=true
D/KeyguardViewMediator(  706): setHidden false
V/Provider/Settings(  966):  from settings cache , name = gprs_connection_setting , value = 0
D/ConnectivityService(  706): getActiveNetworkInfo:null
I/AlarmManager(  706): addPendingWakeupAlarms: com.youku.phone, type: 0, repeatInterval: 86400000
D/KeyguardUpdateMonitor(  706): sendKeyguardVisibilityChanged(true)
I/AlarmManager(  706): PHB blacklist match: com.youku.phone
D/KeyguardUpdateMonitor(  706): handleKeyguardVisibilityChanged(1)
D/KeyguardViewMediator(  706): handleMessage enter msg name=SET_HIDDEN
D/KeyguardViewMediator(  706): handleMessage exit msg name=SET_HIDDEN
I/AlarmManager(  706): addPendingWakeupAlarms: com.youku.phone, type: 0, repeatInterval: 86400000
I/AlarmManager(  706): PHB histroy : com.sdu.didi.psnger
I/AlarmManager(  706): PHB histroy : com.tencent.mobileqq
I/AlarmManager(  706): PHB histroy : com.eg.android.AlipayGphone
I/AlarmManager(  706): PHB histroy : com.tencent.mm
I/AlarmManager(  706): PHB histroy : com.eastmoney.android.berlin
I/AlarmManager(  706): PHB histroy : com.jingdong.app.mall
I/AlarmManager(  706): PHB histroy : com.xiaomi.channel
I/AlarmManager(  706): PHB histroy : com.tencent.qqlive
I/AlarmManager(  706): PHB histroy : com.taobao.taobao
I/AlarmManager(  706): PHB histroy : com.youku.phone
I/AlarmManager(  706): PHB histroy : com.baidu.BaiduMap
I/AlarmManager(  706): PHB histroy : com.tudou.android
I/AlarmManager(  706): PHB blacklist match: com.youku.phone
D/MobileDataStateTracker(  706): mms: getNetworkInfo: updated IsAvailable=true
I/AlarmManager(  706): addPendingWakeupAlarms: com.youku.phone, type: 0, repeatInterval: 86400000
I/AlarmManager(  706): PHB blacklist match: com.youku.phone
I/AlarmManager(  706): addPendingWakeupAlarms: com.youku.phone, type: 0, repeatInterval: 86400000
I/AlarmManager(  706): PHB blacklist match: com.youku.phone
V/Provider/Settings(  966):  from settings cache , name = gprs_connection_setting , value = 0
D/dalvikvm( 7202): create interp thread : stack size=128KB
D/dalvikvm( 7202): create new thread
D/CubicBezierInterpolator(  706): CubicBezierInterpolator  mControlPoint1x = 0.45, mControlPoint1y = 0.1, mControlPoint2x = 0.6, mControlPoint2y = 1.0
D/dalvikvm(21070): open_cached_dex_file : /data/app/com.android.phoneassistant-1.apk /data/dalvik-cache/data@app@com.android.phoneassistant-1.apk@classes.dex
D/MobileDataStateTracker(  706): supl: getNetworkInfo: updated IsAvailable=true
D/dalvikvm( 7202): new thread created
D/dalvikvm( 7202): update thread list
V/Provider/Settings(  966):  from settings cache , name = gprs_connection_setting , value = 0
I/SurfaceTexture(  139): [Starting com.android.phoneassistant](this:0x40cae108,api:2) [void* android::SurfaceTexture::createImage(EGLDisplay, const android::sp<android::GraphicBuffer>&)]
D/SurfaceTexture(  139):     GraphicBuffer: gb=0x41f39e70 handle=0x40cb7ae0
D/SurfaceTexture(  139):     EGLImage: dpy=0x1, img=0x10000004
D/ConnectivityService(  706): getActiveNetworkInfo:null
D/ConnectivityService(  706): getActiveNetworkInfo:null
D/MobileDataStateTracker(  706): supl: getNetworkInfo: updated IsAvailable=true
D/KeyguardViewMediator(  706): setHidden false
D/KeyguardUpdateMonitor(  706): sendKeyguardVisibilityChanged(true)
D/KeyguardUpdateMonitor(  706): handleKeyguardVisibilityChanged(1)
D/KeyguardViewMediator(  706): handleMessage enter msg name=SET_HIDDEN
D/KeyguardViewMediator(  706): handleMessage exit msg name=SET_HIDDEN
V/Provider/Settings(  966):  from settings cache , name = gprs_connection_setting , value = 0
D/MobileDataStateTracker(  706): dun: getNetworkInfo: updated IsAvailable=true
V/Provider/Settings(  966):  from settings cache , name = gprs_connection_setting , value = 0
D/MobileDataStateTracker(  706): dun: getNetworkInfo: updated IsAvailable=true
I/SurfaceTextureClient(  840): [STC::queueBuffer] (this:0x5dd33200) fps:0.89, dur:2250.39, max:1518.77, min:731.63
V/Provider/Settings(  966):  from settings cache , name = gprs_connection_setting , value = 0
D/MobileDataStateTracker(  706): hipri: getNetworkInfo: updated IsAvailable=true
I/BufferQueue(  139): [StatusBar](this:0x40ca9c88,api:1) [queue] fps:0.89, dur:2252.20, max:1520.71, min:731.50
V/Provider/Settings(  966):  from settings cache , name = gprs_connection_setting , value = 0
D/MobileDataStateTracker(  706): hipri: getNetworkInfo: updated IsAvailable=true
V/Provider/Settings(  966):  from settings cache , name = gprs_connection_setting , value = 0
D/StatusBar.MSimNetworkController(  840): updateConnectivity: intent=Intent { act=android.net.conn.CONNECTIVITY_CHANGE flg=0x8000010 (has extras) }
D/ConnectivityService(  706): getActiveNetworkInfo:null
D/MobileDataStateTracker(  706): fota: getNetworkInfo: updated IsAvailable=true
I/BufferQueue(  139): [StatusBar](this:0x40ca9c88,api:1) [release] fps:0.89, dur:2241.51, max:1516.31, min:725.20
V/Provider/Settings(  966):  from settings cache , name = gprs_connection_setting , value = 0
D/MobileDataStateTracker(  706): fota: getNetworkInfo: updated IsAvailable=true
D/ActivityThread(21070): installProvider: context.getPackageName()=com.android.phoneassistant
V/Provider/Settings(  966):  from settings cache , name = gprs_connection_setting , value = 0
D/MobileDataStateTracker(  706): ims: getNetworkInfo: updated IsAvailable=true
V/Provider/Settings(  966):  from settings cache , name = gprs_connection_setting , value = 0
D/MobileDataStateTracker(  706): ims: getNetworkInfo: updated IsAvailable=true
V/Provider/Settings(  966):  from settings cache , name = gprs_connection_setting , value = 0
D/StatusBar.MSimNetworkController(  840): updateConnectivity: networkInfo=null
D/StatusBar.MSimNetworkController(  840): updateConnectivity: connectionStatus=0
D/StatusBar.MSimNetworkController(  840): updateDataNetType subscription =0mMSimDataNetType =2
D/StatusBar.MSimNetworkController(  840): updateDataIcon subscription =0
D/StatusBar.MSimNetworkController(  840): updateDataIcon  when SimState =UNKNOWN
D/TelephonyManagerEx(  840): getNetworkType simId=0
D/dalvikvm( 7202): threadid=22: interp stack at 0x5dc24000
D/dalvikvm( 7202): threadid=22: created from interp
D/dalvikvm( 7202): start new thread
D/dalvikvm( 7202): threadid=22: notify debugger
D/dalvikvm( 7202): threadid=22 (agoo-thread-149): calling run()
D/dalvikvm( 7202): threadid=22: exiting
I/AlarmManager(  706): addPendingWakeupAlarms: com.youku.phone, type: 0, repeatInterval: 86400000
I/AlarmManager(  706): PHB histroy : com.sdu.didi.psnger
I/AlarmManager(  706): PHB histroy : com.tencent.mobileqq
I/AlarmManager(  706): PHB histroy : com.eg.android.AlipayGphone
D/dalvikvm( 7202): threadid=22: bye!
I/AlarmManager(  706): PHB histroy : com.tencent.mm
D/MobileDataStateTracker(  706): cbs: getNetworkInfo: updated IsAvailable=true
I/AlarmManager(  706): PHB histroy : com.eastmoney.android.berlin
I/AlarmManager(  706): PHB histroy : com.jingdong.app.mall
I/AlarmManager(  706): PHB histroy : com.xiaomi.channel
I/AlarmManager(  706): PHB histroy : com.tencent.qqlive
I/AlarmManager(  706): PHB histroy : com.taobao.taobao
I/AlarmManager(  706): PHB histroy : com.youku.phone
I/AlarmManager(  706): PHB histroy : com.baidu.BaiduMap
I/AlarmManager(  706): PHB histroy : com.tudou.android
I/AlarmManager(  706): PHB blacklist match: com.youku.phone
V/Provider/Settings(  966):  from settings cache , name = gprs_connection_setting , value = 0
I/AlarmManager(  706): addPendingWakeupAlarms: com.youku.phone, type: 0, repeatInterval: 86400000
