D/wpa_supplicant(21063): nl80211: Register frame type=0xd0 nl_handle=0x40b6e950
D/wpa_supplicant(21063): nl80211: Register frame match
D/wpa_supplicant(21063): 040b
D/wpa_supplicant(21063): nl80211: Register frame type=0xd0 nl_handle=0x40b6e950
D/wpa_supplicant(21063): nl80211: Register frame match
D/wpa_supplicant(21063): 040c
D/wpa_supplicant(21063): nl80211: Register frame type=0xd0 nl_handle=0x40b6e950
D/wpa_supplicant(21063): nl80211: Register frame match
D/wpa_supplicant(21063): 040d
D/wpa_supplicant(21063): nl80211: Register frame type=0xd0 nl_handle=0x40b6e950
D/wpa_supplicant(21063): nl80211: Register frame match
D/wpa_supplicant(21063): 0409506f9a09
D/wpa_supplicant(21063): nl80211: Register frame type=0xd0 nl_handle=0x40b6e950
D/wpa_supplicant(21063): nl80211: Register frame match
D/wpa_supplicant(21063): 7f506f9a09
D/wpa_supplicant(21063): nl80211: Register frame type=0xd0 nl_handle=0x40b6e950
D/wpa_supplicant(21063): nl80211: Register frame match
D/wpa_supplicant(21063): 06
D/wpa_supplicant(21063): nl80211: Register frame type=0xd0 nl_handle=0x40b6e950
D/wpa_supplicant(21063): nl80211: Register frame match
D/wpa_supplicant(21063): 0a07
D/wpa_supplicant(21063): netlink: Operstate: linkmode=1, operstate=5
I/Netd    (  135): Get netlink event, ifname: ap0 action: 4
W/ThrottleController(  135): updateModemThrottle warning: rx -1, tx -1 !
D/SocketClient(  135): SocketClient msg = Iface linkstate ap0 up
D/SocketClient(  135): SocketClient sendDatalocked done: 600 Iface linkstate ap0 up
D/wpa_supplicant(21063): nl80211: driver param='use_p2p_group_interface=1'
D/wpa_supplicant(21063): nl80211: Use separate P2P group interface
D/NetdConnector(  706): RCV <- {600 Iface linkstate ap0 up}
D/wpa_supplicant(21063): nl80211: Regulatory information - country=00
D/wpa_supplicant(21063): nl80211: 2402-2472 @ 40 MHz
D/wpa_supplicant(21063): nl80211: 2457-2482 @ 20 MHz
D/wpa_supplicant(21063): nl80211: 2474-2494 @ 20 MHz
D/wpa_supplicant(21063): nl80211: 5170-5250 @ 40 MHz
D/wpa_supplicant(21063): nl80211: 5735-5835 @ 40 MHz
D/wpa_supplicant(21063): nl80211: Added 802.11b mode based on 802.11g information
D/Tethering(  706): interfaceLinkStateChanged ap0, true
D/Tethering(  706): interfaceStatusChanged ap0, true
W/NetworkStatsRecorder(  706): unknown interfaces [ccmni0, p2p0, ap0, wlan0], ignoring those stats
W/NetworkStatsRecorder(  706): unknown interfaces [ccmni0, p2p0, ap0, wlan0], ignoring those stats
V/NetworkStats(  706): performPollLocked() took 31ms
V/ActivityManager(  706): Broadcast: com.android.server.action.NETWORK_STATS_UPDATED ordered=false userid=-1 callerApp=ProcessRecord{420cced8 706:system/1000}
D/PowerManagerService(  706): releaseWakeLockInternal: lock=1111910072, flags=0x0, tag=NetworkStats, total_time=32ms
D/PowerManagerService(  706): updateWakeLockSummaryLocked: mWakefulness=Awake, mWakeLockSummary=0x1
D/PowerManagerService(  706): newScreenState = 2
V/Provider/Settings(  706):  from settings cache , name = gprs_connection_setting , value = 0
D/PowerManagerDisplayController(  706): requestPowerState: screenState=2, useProximitySensor=false, screenBrightness=100, screenAutoBrightnessAdjustment=0.0, useAutoBrightness=true, useEcoBrightness=false, blockScreenOn=false, isUserAdjustingAutoBrightness =false, waitForNegativeProximity=false
D/PowerManagerService(  706): updateScreenStateLocked: mDisplayReady=true, newScreenState=2, mWakefulness=1, mWakeLockSummary=0x1, mUserActivitySummary=0x1, mBootCompleted=true
D/ConnectivityService(  706): getMobileDataEnabledGemini dataEnabledSlotId:-1 slotId:0
V/NetworkPolicy(  706): ensureActiveMobilePolicyLocked()
D/PowerManagerService(  706): handleSandman: canDream=false, mWakefulness=Awake
D/PhoneInterfaceManager(  966): getSimState simId = 0prop = READY
V/NetworkPolicy(  706): updateNetworkEnabledLocked()
V/NetworkPolicy(  706):  checking policy:NetworkPolicy[NetworkTemplate: matchRule=MOBILE_ALL, subscriberId=460022...]: cycleDay=1, cycleTimezone=Asia/Shanghai, warningBytes=2147483648, limitBytes=-1, lastWarningSnooze=-1, lastLimitSnooze=-1, metered=true, inferred=true, active=true
D/NetworkPolicy(  706): getSlotBySubscriberId= 460022955816270
V/NetworkPolicy(  706):  ignore setNetworkTemplateEnabled
V/NetworkPolicy(  706): updateNotificationsLocked()
D/NetworkPolicy(  706):  checking policy:NetworkPolicy[NetworkTemplate: matchRule=MOBILE_ALL, subscriberId=460022...]: cycleDay=1, cycleTimezone=Asia/Shanghai, warningBytes=2147483648, limitBytes=-1, lastWarningSnooze=-1, lastLimitSnooze=-1, metered=true, inferred=true, active=true
D/PhoneInterfaceManager(  966): getSimState simId = 0prop = READY
V/Provider/Settings(  706):  from settings cache , name = netstats_report_xt_over_dev , value = null
V/NetworkPolicy(  706):  getTotalBytes:2317015
D/NetworkPolicy(  706): NotificationsLocked totalBytes:2317015  start=1427817600000  end=1428308377575
D/WifiCommon(  135): [ap0]wifi_connect_to_supplicant
D/wpa_supplicant(21063): ap0: Own MAC address: 3e:df:bd:7e:4c:84
D/wpa_supplicant(21063): wpa_driver_nl80211_set_key: ifindex=134 alg=0 addr=0x0 key_idx=0 set_tx=0 seq_len=0 key_len=0
D/wpa_supplicant(21063): wpa_driver_nl80211_set_key: ifindex=134 alg=0 addr=0x0 key_idx=1 set_tx=0 seq_len=0 key_len=0
D/wpa_supplicant(21063): wpa_driver_nl80211_set_key: ifindex=134 alg=0 addr=0x0 key_idx=2 set_tx=0 seq_len=0 key_len=0
D/wpa_supplicant(21063): wpa_driver_nl80211_set_key: ifindex=134 alg=0 addr=0x0 key_idx=3 set_tx=0 seq_len=0 key_len=0
D/wpa_supplicant(21063): ap0: RSN: flushing PMKID list in the driver
D/wpa_supplicant(21063): nl80211: Flush PMKIDs
D/wpa_supplicant(21063): ap0: State: DISCONNECTED -> INACTIVE
D/wpa_supplicant(21063): WPS: Set UUID for interface ap0
D/wpa_supplicant(21063): WPS: UUID based on configuration
D/wpa_supplicant(21063): 123456789abcdef0123456789abcdef0
D/wpa_supplicant(21063): EAPOL: SUPP_PAE entering state DISCONNECTED
D/wpa_supplicant(21063): EAPOL: Supplicant port status: Unauthorized
D/wpa_supplicant(21063): EAPOL: KEY_RX entering state NO_KEY_RECEIVE
D/wpa_supplicant(21063): EAPOL: SUPP_BE entering state INITIALIZE
D/wpa_supplicant(21063): EAP: EAP entering state DISABLED
D/wpa_supplicant(21063): EAPOL: Supplicant port status: Unauthorized
D/wpa_supplicant(21063): EAPOL: Supplicant port status: Unauthorized
D/wpa_supplicant(21063): Using existing control interface directory.
D/wpa_supplicant(21063): P2P: Configured operating channel: 81:11
D/wpa_supplicant(21063): P2P: Set listen channel by operating channel 11
D/wpa_supplicant(21063): P2P: Own listen channel: 11
D/wpa_supplicant(21063): P2P: Add operating class 81
D/wpa_supplicant(21063): P2P: Channels
D/wpa_supplicant(21063): 0102030405060708090a0b0c0d
D/wpa_supplicant(21063): P2P: Single channel concurrency support
D/wpa_supplicant(21063): ap0: Added interface ap0
D/wpa_supplicant(21063): ap0: State: INACTIVE -> DISCONNECTED
D/wpa_supplicant(21063): wpa_driver_nl80211_set_operstate: operstate 0->0 (DORMANT)
D/wpa_supplicant(21063): netlink: Operstate: linkmode=-1, operstate=5
D/wpa_supplicant(21063): WFD: Wi-Fi Display enabled
D/wpa_supplicant(21063): WFD: Update WFD IE
D/wpa_supplicant(21063): WFD: WFD IE for Beacon
D/wpa_supplicant(21063): 0102030405060708090a0b0c0d
D/wpa_supplicant(21063): WFD: WFD IE for (Re)Association Request
D/wpa_supplicant(21063): 0102030405060708090a0b0c0d
D/wpa_supplicant(21063): WFD: WFD IE for GO Negotiation
D/wpa_supplicant(21063): 0102030405060708090a0b0c0d
D/wpa_supplicant(21063): WFD: WFD IE for Provision Discovery Request
D/wpa_supplicant(21063): 0102030405060708090a0b0c0d
D/wpa_supplicant(21063): WFD: WFD IE for Probe Request
D/wpa_supplicant(21063): 0102030405060708090a0b0c0d
D/wpa_supplicant(21063): WFD: WFD IE for Probe Response
D/wpa_supplicant(21063): 0102030405060708090a0b0c0d
D/wpa_supplicant(21063): WFD: WFD IE for P2P Invitation
D/wpa_supplicant(21063): 0102030405060708090a0b0c0d
D/wpa_supplicant(21063): WFD: WFD IE for Provision Discovery Response
D/wpa_supplicant(21063): 0102030405060708090a0b0c0d
D/wpa_supplicant(21063): WFD: wpas_wfd_data_process 1 wfd_dev_info 0x0 wfd_ctrl_port 0
D/wpa_supplicant(21063): WFD: wpas_wfd_data_update wfd_en 1 wfd_dev_info 0x0 wfd_ctrl_port 0 wfd_state 0x0
D/wpa_supplicant(21063): nl80211: Test Mode buflen = 464
D/wpa_supplicant(21063): random: Got 17/20 bytes from /dev/random
D/wpa_supplicant(21063): RTM_NEWLINK: operstate=0 ifi_flags=0x11003 ([UP][LOWER_UP])
D/wpa_supplicant(21063): RTM_NEWLINK, IFLA_IFNAME: Interface 'ap0' added
D/wpa_supplicant(21063): nl80211: if_removed already cleared - ignore event
D/wpa_supplicant(21063): CTRL_IFACE monitor attached
D/wpa_supplicant(21063): 2f646174612f6d6973632f776966692f736f636b6574732f7770615f6374726c5f3133352d36363200
D/wpa_supplicant(21063): RX ctrl_iface - hexdump(len=27): 63 66 67 5f 61 70 20 73 73 69 64 20 22 43 68 75 6b 6f 6e 67 2d 53 68 61 72 65 22
D/wpa_supplicant(21063): ap0: Control interface command 'cfg_ap ssid "Chukong-Share"'
I/wpa_supplicant(21063): ssid (13)=Chukong-Share
D/SoftapController(  135): Command OK
D/WifiCommon(  135): [ap0]wifi_close_supplicant_connection
D/WifiCommon(  135): [ap0]wifi_connect_to_supplicant
D/wpa_supplicant(21063): CTRL_IFACE monitor attached
D/wpa_supplicant(21063): 2f646174612f6d6973632f776966692f736f636b6574732f7770615f6374726c5f3133352d36363400
D/wpa_supplicant(21063): RX ctrl_iface - hexdump(len=17): 63 66 67 5f 61 70 20 73 65 63 20 22 6f 70 65 6e 22
D/wpa_supplicant(21063): ap0: Control interface command 'cfg_ap sec "open"'
I/wpa_supplicant(21063): sec=open
I/wpa_supplicant(21063): auth=1 key_mgmt=4 proto=0
D/SoftapController(  135): Command OK
D/WifiCommon(  135): [ap0]wifi_close_supplicant_connection
D/WifiCommon(  135): [ap0]wifi_connect_to_supplicant
D/wpa_supplicant(21063): CTRL_IFACE monitor attached
D/wpa_supplicant(21063): 2f646174612f6d6973632f776966692f736f636b6574732f7770615f6374726c5f3133352d36363600
D/wpa_supplicant(21063): RX ctrl_iface - hexdump(len=17): 63 66 67 5f 61 70 20 6b 65 79 20 22 6e 75 6c 6c 22
D/PowerManagerDisplayController(  706): mButtonAutoBrightness is 0
D/SoftapController(  135): Command OK
D/WifiCommon(  135): [ap0]wifi_close_supplicant_connection
D/WifiCommon(  135): [ap0]wifi_connect_to_supplicant
D/wpa_supplicant(21063): CTRL_IFACE monitor attached
D/wpa_supplicant(21063): 2f646174612f6d6973632f776966692f736f636b6574732f7770615f6374726c5f3133352d36363800
D/wpa_supplicant(21063): RX ctrl_iface - hexdump(len=11): 63 66 67 5f 61 70 20 63 68 20 30
D/wpa_supplicant(21063): ap0: Control interface command 'cfg_ap ch 0'
I/wpa_supplicant(21063): ap_oper_channel from framework: 0
D/wpa_supplicant(21063): GPS desense: bgw.current3gband is 0
I/wpa_supplicant(21063): P2P: Use 2.4 GHz band channel: 2412 MHz
D/SoftapController(  135): Command OK
D/WifiCommon(  135): [ap0]wifi_close_supplicant_connection
D/WifiCommon(  135): [ap0]wifi_connect_to_supplicant
D/wpa_supplicant(21063): CTRL_IFACE monitor attached
D/wpa_supplicant(21063): 2f646174612f6d6973632f776966692f736f636b6574732f7770615f6374726c5f3133352d36373000
D/wpa_supplicant(21063): RX ctrl_iface - hexdump(len=17): 63 66 67 5f 61 70 20 63 68 5f 77 69 64 74 68 20 31
D/wpa_supplicant(21063): ap0: Control interface command 'cfg_ap ch_width 1'
I/wpa_supplicant(21063): ch_width=1
D/SoftapController(  135): Command OK
D/WifiCommon(  135): [ap0]wifi_close_supplicant_connection
D/WifiCommon(  135): [ap0]wifi_connect_to_supplicant
D/wpa_supplicant(21063): CTRL_IFACE monitor attached
D/wpa_supplicant(21063): 2f646174612f6d6973632f776966692f736f636b6574732f7770615f6374726c5f3133352d36373200
D/wpa_supplicant(21063): RX ctrl_iface - hexdump(len=16): 63 66 67 5f 61 70 20 6d 61 78 5f 73 74 61 20 35
D/wpa_supplicant(21063): ap0: Control interface command 'cfg_ap max_sta 5'
I/wpa_supplicant(21063): max_sta=5
D/wpa_supplicant(21063): nl80211: Test Mode buflen = 16
D/SoftapController(  135): Command OK
D/WifiCommon(  135): [ap0]wifi_close_supplicant_connection
D/WifiCommon(  135): [ap0]wifi_connect_to_supplicant
D/wpa_supplicant(21063): CTRL_IFACE monitor attached
D/wpa_supplicant(21063): 2f646174612f6d6973632f776966692f736f636b6574732f7770615f6374726c5f3133352d36373400
D/wpa_supplicant(21063): RX ctrl_iface - hexdump(len=17): 63 66 67 5f 61 70 20 70 72 65 61 6d 62 6c 65 20 30
D/wpa_supplicant(21063): ap0: Control interface command 'cfg_ap preamble 0'
I/wpa_supplicant(21063): preamble=0
D/SoftapController(  135): Command OK
D/WifiCommon(  135): [ap0]wifi_close_supplicant_connection
D/WifiCommon(  135): [ap0]wifi_connect_to_supplicant
D/wpa_supplicant(21063): CTRL_IFACE monitor attached
D/wpa_supplicant(21063): 2f646174612f6d6973632f776966692f736f636b6574732f7770615f6374726c5f3133352d36373600
D/wpa_supplicant(21063): RX ctrl_iface - hexdump(len=16): 63 66 67 5f 61 70 20 6d 61 78 5f 73 63 62 20 38
D/wpa_supplicant(21063): ap0: Control interface command 'cfg_ap max_scb 8'
I/wpa_supplicant(21063): max_scb=8
D/SoftapController(  135): Command OK
D/WifiCommon(  135): [ap0]wifi_close_supplicant_connection
D/SoftapController(  135): Softap set - Ok
D/SocketClient(  135): SocketClient msg = Softap operation succeeded
D/SocketClient(  135): SocketClient sendDatalocked done: 200 1580 Softap operation succeeded
D/NetdConnector(  706): RCV <- {200 1580 Softap operation succeeded}
D/NetdConnector(  706): RMV <- {200 1580 Softap operation succeeded}
D/FrameworkListener(  135): dispatchCommand data = (1581 softap startap)
D/SoftapController(  135): startSoftap: ap0
D/WifiCommon(  135): [ap0]wifi_connect_to_supplicant
D/wpa_supplicant(21063): CTRL_IFACE monitor attached
D/wpa_supplicant(21063): 2f646174612f6d6973632f776966692f736f636b6574732f7770615f6374726c5f3133352d36373800
D/WifiCommon(  135): [ap0] SET "p2p_enable_device"
D/wpa_supplicant(21063): RX ctrl_iface - hexdump(len=17): 70 32 70 5f 65 6e 61 62 6c 65 5f 64 65 76 69 63 65
D/wpa_supplicant(21063): ap0: Control interface command 'p2p_enable_device'
D/wpa_supplicant(21063): P2P: Stopping P2P FIND, if any
D/wpa_supplicant(21063): ap0: P2P: Stopping find
D/wpa_supplicant(21063): ap0: P2P: Clear timeout (state=IDLE)
D/wpa_supplicant(21063): ap0: P2P: State IDLE -> IDLE
D/wpa_supplicant(21063): p2p_ctrl_iface_commit_setting
D/wpa_supplicant(21063): ap0: P2P: Use same interface for group operations
D/SoftapController(  135): Command OK
D/WifiCommon(  135): [ap0]wifi_close_supplicant_connection
D/WifiCommon(  135): [ap0]wifi_connect_to_supplicant
D/wpa_supplicant(21063): CTRL_IFACE monitor attached
D/wpa_supplicant(21063): 2f646174612f6d6973632f776966692f736f636b6574732f7770615f6374726c5f3133352d36383000
D/WifiCommon(  135): [ap0] SET "start_ap"
D/wpa_supplicant(21063): RX ctrl_iface - hexdump(len=8): 73 74 61 72 74 5f 61 70
D/wpa_supplicant(21063): ap0: Control interface command 'start_ap'
D/wpa_supplicant(21063): ssid (13)=Chukong-Share
D/wpa_supplicant(21063): auth=1 key_mgmt=4 proto=0
D/wpa_supplicant(21063): ap0: Setting scan request: 0 sec 0 usec
D/wpa_supplicant(21063): ap0: No enabled networks (1 disabled networks)
D/wpa_supplicant(21063): ap0: State: DISCONNECTED -> SCANNING
D/wpa_supplicant(21063): CTRL_IFACE monitor send
D/SoftapController(  135): Command OK
D/wpa_supplicant(21063): 2f646174612f6d6973632f776966692f736f636b6574732f7770615f6374726c5f3133352d36383000
D/WifiCommon(  135): [ap0]wifi_close_supplicant_connection
D/wpa_supplicant(21063): CTRL_IFACE monitor send
D/wpa_supplicant(21063): 2f646174612f6d6973632f776966692f736f636b6574732f7770615f6374726c5f3133352d36373800
I/wpa_supplicant(21063): CTRL_IFACE monitor[1]: 2 - No such file or directory
D/wpa_supplicant(21063): CTRL_IFACE monitor detached
D/wpa_supplicant(21063): 2f646174612f6d6973632f776966692f736f636b6574732f7770615f6374726c5f3133352d36373800
D/wpa_supplicant(21063): CTRL_IFACE monitor send
D/wpa_supplicant(21063): 2f646174612f6d6973632f776966692f736f636b6574732f7770615f6374726c5f3133352d36373600
I/wpa_supplicant(21063): CTRL_IFACE monitor[2]: 2 - No such file or directory
D/wpa_supplicant(21063): CTRL_IFACE monitor detached
D/wpa_supplicant(21063): 00000000000044bd1b4000000000692f736f636b6574732f7770615f6374726c5f3133352d36373600
D/wpa_supplicant(21063): CTRL_IFACE monitor send
D/wpa_supplicant(21063): 2f646174612f6d6973632f776966692f736f636b6574732f7770615f6374726c5f3133352d36373400
I/wpa_supplicant(21063): CTRL_IFACE monitor[3]: 2 - No such file or directory
D/wpa_supplicant(21063): CTRL_IFACE monitor detached
D/SoftapController(  135): Softap startap - Ok
D/wpa_supplicant(21063): 00000000000048bd1b4001000000692f736f636b6574732f7770615f6374726c5f3133352d36373400
D/wpa_supplicant(21063): CTRL_IFACE monitor send
D/wpa_supplicant(21063): 2f646174612f6d6973632f776966692f736f636b6574732f7770615f6374726c5f3133352d36373200
I/wpa_supplicant(21063): CTRL_IFACE monitor[4]: 2 - No such file or directory
D/wpa_supplicant(21063): CTRL_IFACE monitor detached
D/wpa_supplicant(21063): 0000000000004cbd1b4002000000692f736f636b6574732f7770615f6374726c5f3133352d36373200
D/wpa_supplicant(21063): CTRL_IFACE monitor send
D/wpa_supplicant(21063): 2f646174612f6d6973632f776966692f736f636b6574732f7770615f6374726c5f3133352d36373000
I/wpa_supplicant(21063): CTRL_IFACE monitor[5]: 2 - No such file or directory
D/wpa_supplicant(21063): CTRL_IFACE monitor detached
D/wpa_supplicant(21063): 0000000000004cbd1b4002000000692f736f636b6574732f7770615f6374726c5f3133352d36373000
D/wpa_supplicant(21063): CTRL_IFACE monitor send
D/wpa_supplicant(21063): 2f646174612f6d6973632f776966692f736f636b6574732f7770615f6374726c5f3133352d36363800
I/wpa_supplicant(21063): CTRL_IFACE monitor[6]: 2 - No such file or directory
D/wpa_supplicant(21063): CTRL_IFACE monitor detached
D/wpa_supplicant(21063): 00000000000050bd1b4003000000692f736f636b6574732f7770615f6374726c5f3133352d36363800
D/wpa_supplicant(21063): CTRL_IFACE monitor send
D/wpa_supplicant(21063): 2f646174612f6d6973632f776966692f736f636b6574732f7770615f6374726c5f3133352d36363600
D/SocketClient(  135): SocketClient msg = Softap operation succeeded
I/wpa_supplicant(21063): CTRL_IFACE monitor[7]: 2 - No such file or directory
D/wpa_supplicant(21063): CTRL_IFACE monitor detached
D/SocketClient(  135): SocketClient sendDatalocked done: 200 1581 Softap operation succeeded
D/wpa_supplicant(21063): 00000000000050bd1b4003000000692f736f636b6574732f7770615f6374726c5f3133352d36363600
D/wpa_supplicant(21063): CTRL_IFACE monitor send
D/wpa_supplicant(21063): 2f646174612f6d6973632f776966692f736f636b6574732f7770615f6374726c5f3133352d36363400
I/wpa_supplicant(21063): CTRL_IFACE monitor[8]: 2 - No such file or directory
D/wpa_supplicant(21063): CTRL_IFACE monitor detached
D/wpa_supplicant(21063): 00000000000054bd1b4004000000692f736f636b6574732f7770615f6374726c5f3133352d36363400
D/wpa_supplicant(21063): CTRL_IFACE monitor send
D/wpa_supplicant(21063): 2f646174612f6d6973632f776966692f736f636b6574732f7770615f6374726c5f3133352d36363200
I/wpa_supplicant(21063): CTRL_IFACE monitor[9]: 2 - No such file or directory
D/wpa_supplicant(21063): CTRL_IFACE monitor detached
D/wpa_supplicant(21063): 00000000000054bd1b4004000000692f736f636b6574732f7770615f6374726c5f3133352d36363200
D/wpa_supplicant(21063): Start a pre-selected network without scan step
D/NetdConnector(  706): RCV <- {200 1581 Softap operation succeeded}
D/NetdConnector(  706): RMV <- {200 1581 Softap operation succeeded}
D/wpa_supplicant(21063): Setting up AP (SSID='Chukong-Share')
D/wpa_supplicant(21063): nl80211: Setup AP operations for P2P group (GO)
D/wpa_supplicant(21063): nl80211: Set mode ifindex 134 iftype 9 (P2P_GO)
D/wpa_supplicant(21063): nl80211: Unsubscribe mgmt frames handle 0x40b6e950 (start AP)
D/wpa_supplicant(21063): nl80211: Setup AP - device_ap_sme=1 use_monitor=0
D/wpa_supplicant(21063): nl80211: Subscribe to mgmt frames with AP handle 0x40b6e950 (device SME)
D/wpa_supplicant(21063): nl80211: Register frame type=0xd0 nl_handle=0x40b6e950
D/wpa_supplicant(21063): nl80211: Register frame match
D/wpa_supplicant(21063): 00000000000054bd1b4004000000692f736f636b6574732f7770615f6374726c5f3133352d36363200
D/WifiStateMachine(  706): Soft AP start successful
D/wpa_supplicant(21063): nl80211: Enable Probe Request reporting nl_preq=0x40b7dc90
D/wpa_supplicant(21063): nl80211: Register frame type=0x40 nl_handle=0x40b7dc90
D/wpa_supplicant(21063): nl80211: Register frame match
D/wpa_supplicant(21063): 00000000000054bd1b4004000000692f736f636b6574732f7770615f6374726c5f3133352d36363200
D/wpa_supplicant(21063): nl80211: Set freq 2412 (ht_enabled=0 sec_channel_offset=0)
D/dalvikvm(  706): threadid=65: exiting
D/StateMachine(  706): handleMessage: E msg.what=131094
D/wpa_supplicant(21063): P2P: * P2P IE header
D/StateMachine(  706): processMsg: SoftApStartingState
D/wpa_supplicant(21063): P2P: * Capability dev=25 group=49
D/wpa_supplicant(21063): P2P: * Device Info
D/wpa_supplicant(21063): P2P: * P2P IE header
D/wpa_supplicant(21063): P2P: * Capability dev=25 group=49
D/wpa_supplicant(21063): P2P: * Device ID: 3e:df:bd:7e:4c:84
D/WifiStateMachine(  706): SoftApStartingState{ what=131094 when=0 target=Handler (com.android.internal.util.StateMachine$SmHandler) {42476b38} }
D/wpa_supplicant(21063): P2P: GO - group idle
D/wpa_supplicant(21063): P2P: * P2P IE header
D/wpa_supplicant(21063): P2P: * Capability dev=25 group=09
D/wpa_supplicant(21063): P2P: * Device Info
D/wpa_supplicant(21063): P2P: * P2P IE header
D/wpa_supplicant(21063): P2P: * Capability dev=25 group=09
D/WifiStateMachine(  706): setWifiApState: enabled
D/wpa_supplicant(21063): P2P: * Device ID: 3e:df:bd:7e:4c:84
D/wpa_supplicant(21063): BSS count 1, BSSID mask 00:00:00:00:00:00 (0 bits)
V/ActivityManager(  706): Broadcast sticky: android.net.wifi.WIFI_AP_STATE_CHANGED ordered=false userid=-1 callerApp=ProcessRecord{420cced8 706:system/1000}
D/wpa_supplicant(21063): nl80211: Regulatory information - country=00
D/wpa_supplicant(21063): nl80211: 2402-2472 @ 40 MHz
D/wpa_supplicant(21063): nl80211: 2457-2482 @ 20 MHz
D/wpa_supplicant(21063): nl80211: 2474-2494 @ 20 MHz
D/wpa_supplicant(21063): nl80211: 5170-5250 @ 40 MHz
D/wpa_supplicant(21063): nl80211: 5735-5835 @ 40 MHz
D/dalvikvm(  706): threadid=65: bye!
D/wpa_supplicant(21063): nl80211: Added 802.11b mode based on 802.11g information
D/WifiStateMachine(  706): Stop monitoring before start new monitoring!
D/WifiMonitor(  706): stopMonitoring, mCurrentThread is null!
D/dalvikvm(  706): create interp thread : stack size=128KB
D/dalvikvm(  706): create new thread
D/dalvikvm(  706): new thread created
D/dalvikvm(  706): update thread list
D/wpa_supplicant(21063): Completing interface initialization
D/wpa_supplicant(21063): Mode: IEEE 802.11g  Channel: 1  Frequency: 2412 MHz
D/wpa_supplicant(21063): nl80211: Set freq 2412 (ht_enabled=1 sec_channel_offset=0)
D/wpa_supplicant(21063): RATE[0] rate=10 flags=0x1
D/wpa_supplicant(21063): RATE[1] rate=20 flags=0x1
D/wpa_supplicant(21063): RATE[2] rate=55 flags=0x1
D/wpa_supplicant(21063): RATE[3] rate=110 flags=0x1
D/wpa_supplicant(21063): RATE[4] rate=60 flags=0x0
D/wpa_supplicant(21063): RATE[5] rate=90 flags=0x0
D/wpa_supplicant(21063): RATE[6] rate=120 flags=0x0
D/wpa_supplicant(21063): RATE[7] rate=180 flags=0x0
D/wpa_supplicant(21063): RATE[8] rate=240 flags=0x0
D/wpa_supplicant(21063): RATE[9] rate=360 flags=0x0
D/wpa_supplicant(21063): RATE[10] rate=480 flags=0x0
D/wpa_supplicant(21063): RATE[11] rate=540 flags=0x0
D/wpa_supplicant(21063): ap0: Flushing old station entries
D/wpa_supplicant(21063): ap0: Deauthenticate all stations
D/wpa_supplicant(21063): wpa_driver_nl80211_set_key: ifindex=134 alg=0 addr=0x0 key_idx=0 set_tx=0 seq_len=0 key_len=0
D/wpa_supplicant(21063): wpa_driver_nl80211_set_key: ifindex=134 alg=0 addr=0x0 key_idx=1 set_tx=0 seq_len=0 key_len=0
D/dalvikvm(  706): threadid=65: interp stack at 0x61333000
D/wpa_supplicant(21063): wpa_driver_nl80211_set_key: ifindex=134 alg=0 addr=0x0 key_idx=2 set_tx=0 seq_len=0 key_len=0
D/dalvikvm(  706): threadid=65: created from interp
D/wpa_supplicant(21063): wpa_driver_nl80211_set_key: ifindex=134 alg=0 addr=0x0 key_idx=3 set_tx=0 seq_len=0 key_len=0
E/wpa_supplicant(21063): Using interface ap0 with hwaddr 3e:df:bd:7e:4c:84 and ssid "Chukong-Share"
D/wpa_supplicant(21063): Deriving WPA PSK based on passphrase
D/wpa_supplicant(21063): SSID - hexdump(len=13): 43 68 75 6b 6f 6e 67 2d 53 68 61 72 65
D/wpa_supplicant(21063): PSK (ASCII passphrase) - hexdump(len=4): [REMOVED]
D/dalvikvm(  706): start new thread
D/StateMachine(  706): transitionTo: destState=SoftApStartedState
D/StateMachine(  706): handleMessage: new destination call exit
D/StateMachine(  706): setupTempStateStackWithStatesToEnter: X mTempStateStackCount=1,curStateInfo: state=DefaultState,active=true,parent=null
D/StateMachine(  706): invokeExitMethods: SoftApStartingState
D/StateMachine(  706): moveTempStackToStateStack: i=0,j=1
D/taugin  (19870): WifiApStateReceiver.onReceive : 34 ---> android.net.wifi.WIFI_AP_STATE_CHANGED
D/StateMachine(  706): moveTempStackToStateStack: X mStateStackTop=1,startingIndex=1,Top=SoftApStartedState
D/StateMachine(  706): invokeEnterMethods: SoftApStartedState
D/WifiStateMachine(  706): SoftApStartedState
D/StateMachine(  706): moveDeferredMessageAtFrontOfQueue; what=131101
D/dalvikvm(  706): threadid=65: notify debugger
D/dalvikvm(  706): threadid=65 (WifiMo-ap0): calling run()
D/WifiMonitor(  706): connectToSupplicant for WifiMo-ap0, id:3821, connectTries:0
D/WifiCommon(  706): [ap0]wifi_connect_to_supplicant
D/StateMachine(  706): handleMessage: X
D/StateMachine(  706): handleMessage: E msg.what=131101
D/StateMachine(  706): processMsg: SoftApStartedState
D/WifiStateMachine(  706): SoftApStartedState{ what=131101 when=-1d8h14m7s415ms obj=android.net.wifi.WifiStateMachine$TetherStateChange@42942518 target=Handler (com.android.internal.util.StateMachine$SmHandler) {42476b38} }
V/Provider/Settings(  706):  from settings cache , name = tether_supported , value = null
D/FrameworkListener(  135): dispatchCommand data = (1582 interface getcfg ap0)
D/SocketClient(  135): SocketClient msg = 3e:df:bd:7e:4c:84 0.0.0.0 0 up broadcast multicast
D/SocketClient(  135): SocketClient sendDatalocked done: 213 1582 3e:df:bd:7e:4c:84 0.0.0.0 0 up broadcast multicast
D/NetdConnector(  706): RCV <- {213 1582 3e:df:bd:7e:4c:84 0.0.0.0 0 up broadcast multicast}
W/ContextImpl(21029): Calling a method in the system process without a qualified user: android.app.ContextImpl.startService:1443 android.content.ContextWrapper.startService:450 android.content.ContextWrapper.startService:450 com.huawei.android.toolbox.ToolBoxProvider.startToolBoxService:40 com.huawei.android.toolbox.ToolBoxProvider.onReceive:34 
D/NetdConnector(  706): RMV <- {213 1582 3e:df:bd:7e:4c:84 0.0.0.0 0 up broadcast multicast}
D/NetworkManagementService(  706): Enter setInterfaceConfig, iface=ap0, mStopRequest=false
D/FrameworkListener(  135): dispatchCommand data = (1583 interface setcfg ap0 192.168.43.1 24 multicast broadcast up)
D/CommandListener(  135): Setting iface cfg
D/NetUtils(  135): ifc_set_addr(ap0, xx) = 0
D/CommandListener(  135): Trying to bring up ap0
D/NetUtils(  135): ifc_up(ap0) = 0
I/CommandListener_(  135): DumpRoute ++
I/CommandListener_(  135): Destination     Gateway         Genmask         Flags Metric Ref    Use Iface
I/CommandListener_(  135): 192.168.43.0    0.0.0.0         255.255.255.0   U     0      0        0 ap0
I/CommandListener_(  135): DumpRoute --
D/SocketClient(  135): SocketClient msg = Interface configuration set
D/SocketClient(  135): SocketClient sendDatalocked done: 200 1583 Interface configuration set
D/NetdConnector(  706): RCV <- {200 1583 Interface configuration set}
D/NetdConnector(  706): RMV <- {200 1583 Interface configuration set}
V/Provider/Settings(  706):  from settings cache , name = tether_supported , value = null
D/Tethering(  706): Tethering ap0
D/Tethering(  706): [ISM_Initial] processMessage what=2
D/Tethering(  706): setLastError: 16
D/Tethering(  706): setLastError: 16
D/Tethering(  706): [ISM_Starting] enter
D/Tethering(  706): [ISM_Starting] sendTetherStateChangedBroadcast
V/Provider/Settings(  706):  from settings cache , name = tether_supported , value = null
D/Tethering(  706): sendTetherStateChangedBroadcast
D/StateMachine(  706): transitionTo: destState=TetheringState
D/StateMachine(  706): handleMessage: new destination call exit
D/StateMachine(  706): setupTempStateStackWithStatesToEnter: X mTempStateStackCount=1,curStateInfo: state=SoftApStartedState,active=true,parent=DefaultState
D/StateMachine(  706): moveTempStackToStateStack: i=0,j=2
D/StateMachine(  706): moveTempStackToStateStack: X mStateStackTop=2,startingIndex=2,Top=TetheringState
D/StateMachine(  706): invokeEnterMethods: TetheringState
D/WifiStateMachine(  706): TetheringState
D/StateMachine(  706): handleMessage: X
D/dalvikvm(21029): create interp thread : stack size=128KB
D/dalvikvm(21029): create new thread
D/dalvikvm(21029): new thread created
D/dalvikvm(21029): update thread list
D/dalvikvm(21029): threadid=10: interp stack at 0x5d009000
D/dalvikvm(21029): threadid=10: created from interp
D/dalvikvm(21029): start new thread
D/dalvikvm(21029): threadid=10: notify debugger
D/dalvikvm(21029): threadid=10 (IntentService[com.huawei.android.toolbox.ToolBoxService]): calling run()
D/taugin  (19870): WebServActivity.doBindService : 57 ---> 
D/WiFiDirectFT(18044): WiFiDirectStateReceiver /onReceive() action = android.net.wifi.WIFI_AP_STATE_CHANGED
D/ToolBox (21029): deviceName hwG610-T11
V/ActivityManager(  706): Broadcast sticky: android.net.conn.TETHER_STATE_CHANGED ordered=false userid=-1 callerApp=ProcessRecord{420cced8 706:system/1000}
D/Tethering(  706): sendTetherStateChangedBroadcast 0, 0, 0
D/Tethering(  706): clearTetheredNotification
D/Tethering(  706): Skip the state:0
D/Tethering(  706): [ISM_Tethered] enter
D/PowerManagerService(  706): acquireWakeLockInternal: lock=1111910072, flags=0x1, tag="NetworkStats", ws=null, uid=1000, pid=706
D/PowerManagerService(  706): updateWakeLockSummaryLocked: mWakefulness=Awake, mWakeLockSummary=0x1
D/PowerManagerService(  706): newScreenState = 2
D/PowerManagerDisplayController(  706): requestPowerState: screenState=2, useProximitySensor=false, screenBrightness=100, screenAutoBrightnessAdjustment=0.0, useAutoBrightness=true, useEcoBrightness=false, blockScreenOn=false, isUserAdjustingAutoBrightness =false, waitForNegativeProximity=false
D/PowerManagerService(  706): updateScreenStateLocked: mDisplayReady=true, newScreenState=2, mWakefulness=1, mWakeLockSummary=0x1, mUserActivitySummary=0x1, mBootCompleted=true
V/Provider/Settings(  706):  from settings cache , name = netstats_time_cache_max_age , value = null
D/FrameworkListener(  135): dispatchCommand data = (1584 tether interface add ap0)
V/NetworkStats(  706): performPollLocked(flags=0x3)
D/SocketClient(  135): SocketClient msg = Tether operation succeeded
D/SocketClient(  135): SocketClient sendDatalocked done: 200 1584 Tether operation succeeded
D/NetdConnector(  706): RCV <- {200 1584 Tether operation succeeded}
D/PowerManagerService(  706): handleSandman: canDream=false, mWakefulness=Awake
D/NetdConnector(  706): RMV <- {200 1584 Tether operation succeeded}
D/StateMachine(  706): handleMessage: E msg.what=131101
D/StateMachine(  706): processMsg: TetheringState
D/WifiStateMachine(  706): TetheringState{ what=131101 when=-3ms obj=android.net.wifi.WifiStateMachine$TetherStateChange@42cb7c20 target=Handler (com.android.internal.util.StateMachine$SmHandler) {42476b38} }
V/Provider/Settings(  706):  from settings cache , name = tether_supported , value = null
D/StateMachine(  706): handleMessage: X
D/Tethering(  706): [ISM_Tethered] Tethered ap0
D/Tethering(  706): [ISM_Tethered] sendTetherStateChangedBroadcast
V/Provider/Settings(  706):  from settings cache , name = tether_supported , value = null
D/Tethering(  706): sendTetherStateChangedBroadcast
D/Tethering(  706): wifi isTethered
D/PowerManagerService(  706): acquireWakeLockInternal: lock=1120396048, flags=0x1, tag="RILJ", ws=null, uid=1001, pid=966
D/PowerManagerService(  706): updateWakeLockSummaryLocked: mWakefulness=Awake, mWakeLockSummary=0x1
D/PowerManagerService(  706): newScreenState = 2
D/PowerManagerDisplayController(  706): requestPowerState: screenState=2, useProximitySensor=false, screenBrightness=100, screenAutoBrightnessAdjustment=0.0, useAutoBrightness=true, useEcoBrightness=false, blockScreenOn=false, isUserAdjustingAutoBrightness =false, waitForNegativeProximity=false
D/PowerManagerService(  706): updateScreenStateLocked: mDisplayReady=true, newScreenState=2, mWakefulness=1, mWakeLockSummary=0x1, mUserActivitySummary=0x1, mBootCompleted=true
D/PowerManagerService(  706): handleSandman: canDream=false, mWakefulness=Awake
V/ActivityManager(  706): Broadcast sticky: android.net.conn.TETHER_STATE_CHANGED ordered=false userid=-1 callerApp=ProcessRecord{420cced8 706:system/1000}
D/Tethering(  706): sendTetherStateChangedBroadcast 0, 1, 0
D/Tethering(  706): showTetheredNotification icon:17302882, type:wifi
D/StateMachine(  706): handleMessage: E msg.what=131101
D/StateMachine(  706): processMsg: TetheringState
D/WifiStateMachine(  706): TetheringState{ what=131101 when=0 obj=android.net.wifi.WifiStateMachine$TetherStateChange@434379a0 target=Handler (com.android.internal.util.StateMachine$SmHandler) {42476b38} }
D/PowerManagerService(  706): acquireWakeLockInternal: lock=1120396048, flags=0x1, tag="RILJ", ws=null, uid=1001, pid=966
D/PowerManagerService(  706): updateWakeLockSummaryLocked: mWakefulness=Awake, mWakeLockSummary=0x1
D/PowerManagerService(  706): newScreenState = 2
D/PowerManagerDisplayController(  706): requestPowerState: screenState=2, useProximitySensor=false, screenBrightness=100, screenAutoBrightnessAdjustment=0.0, useAutoBrightness=true, useEcoBrightness=false, blockScreenOn=false, isUserAdjustingAutoBrightness =false, waitForNegativeProximity=false
D/PowerManagerService(  706): updateScreenStateLocked: mDisplayReady=true, newScreenState=2, mWakefulness=1, mWakeLockSummary=0x1, mUserActivitySummary=0x1, mBootCompleted=true
D/PowerManagerService(  706): handleSandman: canDream=false, mWakefulness=Awake
V/Provider/Settings(  706):  from settings cache , name = tether_supported , value = null
D/StateMachine(  706): transitionTo: destState=TetheredState
D/StateMachine(  706): handleMessage: new destination call exit
D/StateMachine(  706): setupTempStateStackWithStatesToEnter: X mTempStateStackCount=1,curStateInfo: state=SoftApStartedState,active=true,parent=DefaultState
D/StateMachine(  706): invokeExitMethods: TetheringState
D/StateMachine(  706): moveTempStackToStateStack: i=0,j=2
V/Provider/Settings(  706):  from settings cache , name = interface_throttle_enable , value = null
D/Tethering(  706): INTERFACE_THROTTLE enable:false
V/NotificationService(  706): enqueueNotificationInternal: pkg=android id=17302882 notification=Notification(pri=0 contentView=android/0x109008e vibrate=null sound=null defaults=0x0 flags=0x2 kind=[null])
V/NotificationService(  706): Assigned score=0 to Notification(pri=0 contentView=android/0x109008e vibrate=null sound=null defaults=0x0 flags=0x2 kind=[null])
D/StateMachine(  706): moveTempStackToStateStack: X mStateStackTop=2,startingIndex=2,Top=TetheredState
D/StateMachine(  706): invokeEnterMethods: TetheredState
D/WifiStateMachine(  706): TetheredState
D/WifiStateMachine(  706): Set alarm for enter TetheredState, mDuration:1
D/NotificationService(  706): useDefaultSound=false
D/NotificationService(  706): notification.sound=null
D/Tethering(  706): Skip the state:0
D/Tethering(  706): [MSM_Initial][TetherMaster] processMessage what=1
D/Tethering(  706): [MSM_Initial][TetherMaster] Tether Mode requested by ap0 - TetheredState - Tethered - lastError =16
D/Tethering(  706): [MSM_TetherModeAlive][TetherMaster] enter
D/WifiStateMachine(  706): persist.radio.hotspot.probe.rq:
D/StateMachine(  706): handleMessage: X
D/FrameworkListener(  135): dispatchCommand data = (1585 tether start 192.168.42.2 192.168.42.254 192.168.43.2 192.168.43.254 192.168.44.2 192.168.44.254 192.168.45.2 192.168.45.254 192.168.46.2 192.168.46.254 192.168.47.2 192.168.47.254 192.168.48.2 192.168.48.254)
D/TetherController(  135): Starting tethering services
D/TetherController(  135): Tethering services running
D/SocketClient(  135): SocketClient msg = Tether operation succeeded
D/SocketClient(  135): SocketClient sendDatalocked done: 200 1585 Tether operation succeeded
D/NetdConnector(  706): RCV <- {200 1585 Tether operation succeeded}
D/PowerManagerService(  706): releaseWakeLockInternal: lock=1120396048, flags=0x0, tag=RILJ, total_time=18ms
D/PowerManagerService(  706): updateWakeLockSummaryLocked: mWakefulness=Awake, mWakeLockSummary=0x1
D/NetdConnector(  706): RMV <- {200 1585 Tether operation succeeded}
D/dalvikvm(19870): create interp thread : stack size=128KB
D/dalvikvm(19870): create new thread
D/dalvikvm(19870): new thread created
D/dalvikvm(19870): update thread list
D/Tethering(  706): [MSM_TetherModeAlive] turnOnMasterTetherSettings updateDns
D/Tethering(  706): updateDns net.dns1:218.2.135.1
D/PowerManagerService(  706): newScreenState = 2
D/PowerManagerDisplayController(  706): requestPowerState: screenState=2, useProximitySensor=false, screenBrightness=100, screenAutoBrightnessAdjustment=0.0, useAutoBrightness=true, useEcoBrightness=false, blockScreenOn=false, isUserAdjustingAutoBrightness =false, waitForNegativeProximity=false
D/PowerManagerService(  706): updateScreenStateLocked: mDisplayReady=true, newScreenState=2, mWakefulness=1, mWakeLockSummary=0x1, mUserActivitySummary=0x1, mBootCompleted=true
D/IPCThreadState(  706): [DN #5] BR_CLEAR_DEATH_NOTIFICATION_DONE cookie 0x6199a478
D/dalvikvm(19870): threadid=18: interp stack at 0x5e428000
D/dalvikvm(19870): threadid=18: created from interp
D/dalvikvm(19870): start new thread
I/dnsmasq (21066): started, version 2.51 cachesize 150
I/dnsmasq (21066): compile time options: no-IPv6 GNU-getopt no-DBus no-I18N DHCP no-scripts no-TFTP
W/dnsmasq (21066): warning: no upstream servers configured
I/dnsmasq (21066): DHCP, IP range 192.168.48.2 -- 192.168.48.254, lease time 12h
I/dnsmasq (21066): DHCP, IP range 192.168.47.2 -- 192.168.47.254, lease time 12h
I/dnsmasq (21066): DHCP, IP range 192.168.46.2 -- 192.168.46.254, lease time 12h
I/dnsmasq (21066): DHCP, IP range 192.168.45.2 -- 192.168.45.254, lease time 12h
I/dnsmasq (21066): DHCP, IP range 192.168.44.2 -- 192.168.44.254, lease time 12h
I/dnsmasq (21066): DHCP, IP range 192.168.43.2 -- 192.168.43.254, lease time 12h
I/dnsmasq (21066): DHCP, IP range 192.168.42.2 -- 192.168.42.254, lease time 12h
I/dnsmasq (21066): read /etc/hosts - 1 addresses
D/WebService(19870): WebService.onCreate : 60 ---> create server: port=7766, root=/storage/sdcard0/Games
D/PowerManagerService(  706): handleSandman: canDream=false, mWakefulness=Awake
D/dalvikvm(19870): threadid=18: notify debugger
D/dalvikvm(19870): threadid=18 (Timer-1): calling run()
I/SurfaceTextureClient(  139): [STC::queueBuffer] (this:0x40c4a830) fps:58.66, dur:1005.79, max:49.52, min:15.93
I/BufferQueue(  139): [FramebufferSurface](this:0x40c8b008,api:1) [release] fps:58.66, dur:1005.80, max:49.59, min:15.93
I/BufferQueue(  139): [FramebufferSurface](this:0x40c8b008,api:1) [queue] fps:58.66, dur:1005.81, max:49.62, min:15.93
I/SurfaceFlinger(  139): [SurfaceFlinger] fps:58.658203,dur:1005.83,max:49.66,min:15.92
D/FrameworkListener(  135): dispatchCommand data = (1586 tether dns set 8.8.8.8 218.2.135.1)
D/TetherController(  135): setDnsForwarders(0 = '8.8.8.8')
D/TetherController(  135): setDnsForwarders(1 = '218.2.135.1')
D/TetherController(  135): Sending update msg to dnsmasq [update_dns:8.8.8.8:218.2.135.1]
D/SocketClient(  135): SocketClient msg = Tether operation succeeded
D/SocketClient(  135): SocketClient sendDatalocked done: 200 1586 Tether operation succeeded
I/dnsmasq (21066): using nameserver 218.2.135.1#53
I/dnsmasq (21066): using nameserver 8.8.8.8#53
D/NetdConnector(  706): RCV <- {200 1586 Tether operation succeeded}
D/NetdConnector(  706): RMV <- {200 1586 Tether operation succeeded}
D/Tethering(  706): upstreamIfaceTypes.add:0
D/Tethering(  706): upstreamIfaceTypes.add:1
D/Tethering(  706): upstreamIfaceTypes.add:5
D/Tethering(  706): upstreamIfaceTypes.add:7
D/Tethering(  706): upstreamIfaceTypes.add:9
D/SettingsProvider(  706): call request for 0
D/SettingsProvider(  706): lookupValue table global cache contains Key tether_dun_required , value = null
D/SettingsProvider(  706): lookupValue table global cache.fullyMatchesDisk() tether_dun_required
V/Provider/Settings(  706): from db cache, name = tether_dun_required , value = null
D/Tethering(  706): checkDunRequired:2
D/SettingsProvider(  706): call request for 0
D/SettingsProvider(  706): lookupValue table system cache contains Key tether_ipv6_feature , value = Bundle[{value=0}]
V/Provider/Settings(  706): from db cache, name = tether_ipv6_feature , value = 0
D/Tethering(  706): getIpv6FeatureEnable:0
D/Tethering(  706): [TetherMaster]chooseUpstreamType has upstream iface types:
D/Tethering(  706):  0
D/Tethering(  706):  1
D/Tethering(  706):  5
D/Tethering(  706):  7
D/Tethering(  706):  9
V/AppWidgetContext(  840): package name: android
V/Provider/Settings(  966):  from settings cache , name = gprs_connection_setting , value = 0
D/MobileDataStateTracker(  706): default: getNetworkInfo: updated IsAvailable=true
V/Provider/Settings(  966):  from settings cache , name = gprs_connection_setting , value = 0
V/AppWidgetContext(  840): context permission not changed
D/MobileDataStateTracker(  706): default: getNetworkInfo: updated IsAvailable=true
V/Provider/Settings(  966):  from settings cache , name = gprs_connection_setting , value = 0
D/MobileDataStateTracker(  706): hipri: getNetworkInfo: updated IsAvailable=true
V/Provider/Settings(  966):  from settings cache , name = gprs_connection_setting , value = 0
D/MobileDataStateTracker(  706): hipri: getNetworkInfo: updated IsAvailable=true
D/Tethering(  706): [TetherMaster]chooseUpstreamType(true), preferredApn =5, got type=-1
D/Tethering(  706): [MSM_TetherModeAlive][TetherMaster] notifying tethered with iface =null
D/Tethering(  706): [ISM_Tethered] processMessage what=12
D/Tethering(  706): [ISM_Tethered:null] CMD_TETHER_CONNECTION_CHANGED mMyUpstreamIfaceName: null, mMyUpstreamIfaceNameIpv6:null, newUpstreamIfaceName: null
D/Tethering(  706): [ISM_Tethered] Connection changed noop - dropping
D/taugin  (19870): WebService.onCreate : 63 ---> localAddress = 192.168.43.1
D/taugin  (19870): WebService.onBind : 71 ---> intent = Intent { cmp=com.android.phoneassistant/com.chukong.sdk.service.WebService }
D/Tethering(  706): getTetheredIfacePairs:null, ap0
W/NetworkStatsRecorder(  706): unknown interfaces [ccmni0, p2p0, ap0, wlan0], ignoring those stats
W/NetworkStatsRecorder(  706): unknown interfaces [ccmni0, p2p0, ap0, wlan0], ignoring those stats
D/taugin  (19870): WebServActivity.onServiceConnected : 32 ---> 
D/taugin  (19870): WebService.setOnWebServListener : 197 ---> mListener = com.android.phoneassistant.webserver.activity.WebServerWithHotpot@4206cb78
D/dalvikvm(19870): create interp thread : stack size=128KB
D/dalvikvm(19870): create new thread
D/dalvikvm(19870): new thread created
D/dalvikvm(19870): update thread list
D/dalvikvm(19870): threadid=19: interp stack at 0x5e448000
D/dalvikvm(19870): threadid=19: created from interp
D/dalvikvm(19870): start new thread
D/dalvikvm(19870): threadid=19: notify debugger
D/dalvikvm(19870): threadid=19 (Thread-11319): calling run()
I/System.out(19870): [CDS]connect[/127.0.0.1:7766] tm:90
D/Posix   (19870): [Posix_connect Debug]Process com.android.phoneassistant :7766 
I/System.out(19870): [CDS]close[39982]
D/WebService(19870): WebService.onStarted : 107 ---> onStarted
D/taugin  (19870): WebService.onStarted : 109 ---> mListener = com.android.phoneassistant.webserver.activity.WebServerWithHotpot@4206cb78
D/taugin  (19870): WebServerWithHotpot.onStarted : 247 ---> W_START
W/NetworkStatsRecorder(  706): unknown interfaces [ccmni0, p2p0, ap0, wlan0], ignoring those stats
W/NetworkStatsRecorder(  706): unknown interfaces [ccmni0, p2p0, ap0, wlan0], ignoring those stats
V/NetworkStats(  706): performPollLocked() took 90ms
V/ActivityManager(  706): Broadcast: com.android.server.action.NETWORK_STATS_UPDATED ordered=false userid=-1 callerApp=ProcessRecord{420cced8 706:system/1000}
D/PowerManagerService(  706): releaseWakeLockInternal: lock=1111910072, flags=0x0, tag=NetworkStats, total_time=90ms
D/PowerManagerService(  706): updateWakeLockSummaryLocked: mWakefulness=Awake, mWakeLockSummary=0x1
D/PowerManagerService(  706): newScreenState = 2
D/PowerManagerDisplayController(  706): requestPowerState: screenState=2, useProximitySensor=false, screenBrightness=100, screenAutoBrightnessAdjustment=0.0, useAutoBrightness=true, useEcoBrightness=false, blockScreenOn=false, isUserAdjustingAutoBrightness =false, waitForNegativeProximity=false
D/PowerManagerService(  706): updateScreenStateLocked: mDisplayReady=true, newScreenState=2, mWakefulness=1, mWakeLockSummary=0x1, mUserActivitySummary=0x1, mBootCompleted=true
D/PowerManagerService(  706): acquireWakeLockInternal: lock=1111910072, flags=0x1, tag="NetworkStats", ws=null, uid=1000, pid=706
D/PowerManagerService(  706): updateWakeLockSummaryLocked: mWakefulness=Awake, mWakeLockSummary=0x1
D/PowerManagerService(  706): newScreenState = 2
D/PowerManagerDisplayController(  706): requestPowerState: screenState=2, useProximitySensor=false, screenBrightness=100, screenAutoBrightnessAdjustment=0.0, useAutoBrightness=true, useEcoBrightness=false, blockScreenOn=false, isUserAdjustingAutoBrightness =false, waitForNegativeProximity=false
D/PowerManagerService(  706): updateScreenStateLocked: mDisplayReady=true, newScreenState=2, mWakefulness=1, mWakeLockSummary=0x1, mUserActivitySummary=0x1, mBootCompleted=true
V/Provider/Settings(  706):  from settings cache , name = netstats_time_cache_max_age , value = null
V/NetworkStats(  706): performPollLocked(flags=0x3)
D/taugin  (19870): WebServer.run : 109 ---> WebServer is started on address : 192.168.43.1:7766
D/wpa_supplicant(21063): WPS: Build Beacon IEs
D/wpa_supplicant(21063): WPS:  * Version (hardcoded 0x10)
D/wpa_supplicant(21063): WPS:  * Wi-Fi Protected Setup State (2)
D/wpa_supplicant(21063): WPS:  * Version2 (0x20)
D/wpa_supplicant(21063): WPS:  * Device Name
D/wpa_supplicant(21063): WPS:  * Primary Device Type
D/wpa_supplicant(21063): WPS: Build Probe Response IEs
D/wpa_supplicant(21063): WPS:  * Version (hardcoded 0x10)
D/wpa_supplicant(21063): WPS:  * Wi-Fi Protected Setup State (2)
D/wpa_supplicant(21063): WPS:  * Response Type (3)
D/wpa_supplicant(21063): WPS:  * UUID-E
D/wpa_supplicant(21063): WPS:  * Manufacturer
D/wpa_supplicant(21063): WPS:  * Model Name
D/wpa_supplicant(21063): WPS:  * Model Number
D/wpa_supplicant(21063): WPS:  * Serial Number
D/wpa_supplicant(21063): WPS:  * Primary Device Type
D/wpa_supplicant(21063): WPS:  * Device Name
D/wpa_supplicant(21063): WPS:  * Config Methods (4108)
D/wpa_supplicant(21063): WPS:  * RF Bands (1)
D/wpa_supplicant(21063): WPS:  * Version2 (0x20)
D/wpa_supplicant(21063): WPS: Building WPS IE for (Re)Association Response
D/wpa_supplicant(21063): WPS:  * Version (hardcoded 0x10)
D/wpa_supplicant(21063): WPS:  * Response Type (3)
D/wpa_supplicant(21063): WPS:  * Version2 (0x20)
D/wpa_supplicant(21063): P2P: * P2P IE header
D/wpa_supplicant(21063): nl80211: Set beacon (beacon_set=0)
D/wpa_supplicant(21063): wpa_driver_nl80211_set_operstate: operstate 0->1 (UP)
D/wpa_supplicant(21063): netlink: Operstate: linkmode=-1, operstate=6
I/Netd    (  135): Get netlink event, ifname: ap0 action: 4
D/wpa_supplicant(21063): Failed to set TX queue parameters for queue 0.
W/ThrottleController(  135): updateModemThrottle warning: rx -1, tx -1 !
D/SocketClient(  135): SocketClient msg = Iface linkstate ap0 up
D/SocketClient(  135): SocketClient sendDatalocked done: 600 Iface linkstate ap0 up
D/wpa_supplicant(21063): Failed to set TX queue parameters for queue 1.
D/wpa_supplicant(21063): Failed to set TX queue parameters for queue 2.
D/wpa_supplicant(21063): Failed to set TX queue parameters for queue 3.
D/wpa_supplicant(21063): ap0: State: SCANNING -> COMPLETED
D/wpa_supplicant(21063): ap0: Find the channel for p2p. wpa_s assoc_freq 2412 ifname ap0
I/wpa_supplicant(21063): ap0: CTRL-EVENT-CONNECTED - Connection to 3e:df:bd:7e:4c:84 completed (auth) [id=0 id_str=]
D/wpa_supplicant(21063): CTRL_IFACE monitor send
D/wpa_supplicant(21063): 2f646174612f6d6973632f776966692f736f636b6574732f7770615f6374726c5f3133352d36383000
I/wpa_supplicant(21063): CTRL_IFACE monitor[0]: 2 - No such file or directory
D/wpa_supplicant(21063): CTRL_IFACE monitor detached
D/wpa_supplicant(21063): 2f646174612f6d6973632f776966692f736f636b6574732f7770615f6374726c5f3133352d36383000
D/wpa_supplicant(21063): wpa_driver_nl80211_set_operstate: operstate 1->1 (UP)
D/wpa_supplicant(21063): netlink: Operstate: linkmode=-1, operstate=6
D/wpa_supplicant(21063): P2P: Group setup without provisioning
D/wpa_supplicant(21063): P2P: Set P2P group idle timeout to 120 seconds
D/wpa_supplicant(21063): ap0: Setup of interface done.
