I/AlarmManager(  706): PHB blacklist match: com.youku.phone
D/TelephonyManagerEx(  840): getNetworkType simId=0
D/MobileDataStateTracker(  706): cbs: getNetworkInfo: updated IsAvailable=true
V/Provider/Settings(  966):  from settings cache , name = gprs_connection_setting , value = 0
I/AlarmManager(  706): addPendingWakeupAlarms: com.youku.phone, type: 0, repeatInterval: 86400000
I/AlarmManager(  706): PHB blacklist match: com.youku.phone
I/StatusBar.MSimNetworkController(  840): isDataTypeComboIconVisible, mMSimState[0]=UNKNOWN
I/AlarmManager(  706): addPendingWakeupAlarms: com.youku.phone, type: 0, repeatInterval: 86400000
I/AlarmManager(  706): PHB histroy : com.sdu.didi.psnger
I/AlarmManager(  706): PHB histroy : com.tencent.mobileqq
I/AlarmManager(  706): PHB histroy : com.eg.android.AlipayGphone
I/AlarmManager(  706): PHB histroy : com.tencent.mm
I/AlarmManager(  706): PHB histroy : com.eastmoney.android.berlin
I/AlarmManager(  706): PHB histroy : com.jingdong.app.mall
I/AlarmManager(  706): PHB histroy : com.xiaomi.channel
I/AlarmManager(  706): PHB histroy : com.tencent.qqlive
I/AlarmManager(  706): PHB histroy : com.taobao.taobao
I/AlarmManager(  706): PHB histroy : com.youku.phone
I/AlarmManager(  706): PHB histroy : com.baidu.BaiduMap
I/AlarmManager(  706): PHB histroy : com.tudou.android
I/AlarmManager(  706): PHB histroy : com.sdu.didi.psnger
D/MobileDataStateTracker(  706): dm: getNetworkInfo: updated IsAvailable=true
I/AlarmManager(  706): PHB histroy : com.tencent.mobileqq
I/AlarmManager(  706): PHB histroy : com.eg.android.AlipayGphone
I/AlarmManager(  706): PHB histroy : com.tencent.mm
I/AlarmManager(  706): PHB histroy : com.eastmoney.android.berlin
I/AlarmManager(  706): PHB histroy : com.jingdong.app.mall
I/AlarmManager(  706): PHB histroy match: com.jingdong.app.mall
I/AlarmManager(  706): PHB histroy : com.sdu.didi.psnger
I/AlarmManager(  706): PHB histroy : com.tencent.mobileqq
I/AlarmManager(  706): PHB histroy : com.eg.android.AlipayGphone
I/AlarmManager(  706): PHB histroy : com.tencent.mm
I/AlarmManager(  706): PHB histroy : com.eastmoney.android.berlin
I/AlarmManager(  706): PHB histroy : com.jingdong.app.mall
I/AlarmManager(  706): PHB histroy match: com.jingdong.app.mall
I/AlarmManager(  706): PHB histroy : com.sdu.didi.psnger
V/Provider/Settings(  966):  from settings cache , name = gprs_connection_setting , value = 0
I/AlarmManager(  706): PHB histroy : com.tencent.mobileqq
I/AlarmManager(  706): PHB histroy : com.eg.android.AlipayGphone
I/AlarmManager(  706): PHB histroy : com.tencent.mm
I/AlarmManager(  706): PHB histroy : com.eastmoney.android.berlin
I/AlarmManager(  706): PHB histroy : com.jingdong.app.mall
I/AlarmManager(  706): PHB histroy match: com.jingdong.app.mall
I/AlarmManager(  706): PHB blacklist match: com.tencent.mm
D/PowerManagerService(  706): Found Partial Wakelock: 10090
I/AlarmManager(  706): PHB blacklist match: com.youku.phone
I/AlarmManager(  706): addPendingWakeupAlarms: com.youku.phone, type: 2, repeatInterval: 180000
I/AlarmManager(  706): PHB histroy : com.sdu.didi.psnger
I/AlarmManager(  706): PHB histroy : com.tencent.mobileqq
I/AlarmManager(  706): PHB histroy : com.eg.android.AlipayGphone
I/AlarmManager(  706): PHB histroy : com.tencent.mm
I/AlarmManager(  706): PHB histroy : com.eastmoney.android.berlin
I/AlarmManager(  706): PHB histroy : com.jingdong.app.mall
I/AlarmManager(  706): PHB histroy : com.xiaomi.channel
I/AlarmManager(  706): PHB histroy : com.tencent.qqlive
I/AlarmManager(  706): PHB histroy : com.taobao.taobao
I/AlarmManager(  706): PHB histroy : com.youku.phone
I/AlarmManager(  706): PHB histroy : com.baidu.BaiduMap
I/AlarmManager(  706): PHB histroy : com.tudou.android
I/AlarmManager(  706): PHB histroy match: com.tudou.android
I/AlarmManager(  706): addPendingWakeupAlarms: com.tudou.android, type: 2, repeatInterval: 180000
I/AlarmManager(  706): PHB blacklist match: com.tencent.mm
D/PowerManagerService(  706): Found Partial Wakelock: 10090
I/AlarmManager(  706): PHB blacklist match: com.tencent.mm
D/PowerManagerService(  706): Found Partial Wakelock: 10090
I/AlarmManager(  706): PHB blacklist match: com.youku.phone
I/AlarmManager(  706): addPendingWakeupAlarms: com.youku.phone, type: 2, repeatInterval: 1800000
I/AlarmManager(  706): PHB histroy : com.sdu.didi.psnger
I/AlarmManager(  706): PHB histroy : com.tencent.mobileqq
I/AlarmManager(  706): PHB histroy : com.eg.android.AlipayGphone
I/AlarmManager(  706): PHB histroy : com.tencent.mm
I/AlarmManager(  706): PHB histroy : com.eastmoney.android.berlin
I/AlarmManager(  706): PHB histroy : com.jingdong.app.mall
I/AlarmManager(  706): PHB histroy : com.xiaomi.channel
I/AlarmManager(  706): PHB histroy : com.tencent.qqlive
I/AlarmManager(  706): PHB histroy : com.taobao.taobao
I/AlarmManager(  706): PHB histroy : com.youku.phone
I/AlarmManager(  706): PHB histroy : com.baidu.BaiduMap
I/AlarmManager(  706): PHB histroy : com.tudou.android
I/AlarmManager(  706): PHB histroy match: com.tudou.android
D/PhoneInterfaceManager(  966): [PhoneIntfMgr] getCallStateGemini simId: 0
D/MobileDataStateTracker(  706): dm: getNetworkInfo: updated IsAvailable=true
D/PhoneInterfaceManager(  966): [PhoneIntfMgr] getCallStateGemini simId: 1
D/TelephonyManagerEx(  840): getNetworkType simId=0
I/AlarmManager(  706): addPendingWakeupAlarms: com.tudou.android, type: 2, repeatInterval: 1800000
I/AlarmManager(  706): PHB histroy : com.sdu.didi.psnger
I/AlarmManager(  706): PHB histroy : com.tencent.mobileqq
I/AlarmManager(  706): PHB histroy : com.eg.android.AlipayGphone
I/AlarmManager(  706): PHB histroy : com.tencent.mm
I/AlarmManager(  706): PHB histroy : com.eastmoney.android.berlin
I/AlarmManager(  706): PHB histroy : com.jingdong.app.mall
I/AlarmManager(  706): PHB histroy : com.xiaomi.channel
I/AlarmManager(  706): PHB histroy : com.tencent.qqlive
I/AlarmManager(  706): PHB histroy : com.taobao.taobao
I/AlarmManager(  706): PHB histroy : com.youku.phone
I/AlarmManager(  706): PHB histroy : com.baidu.BaiduMap
I/AlarmManager(  706): PHB histroy : com.tudou.android
I/AlarmManager(  706): PHB histroy : com.sdu.didi.psnger
I/AlarmManager(  706): PHB histroy : com.tencent.mobileqq
I/AlarmManager(  706): PHB histroy : com.eg.android.AlipayGphone
I/AlarmManager(  706): PHB histroy : com.tencent.mm
I/AlarmManager(  706): PHB histroy : com.eastmoney.android.berlin
I/AlarmManager(  706): PHB histroy : com.jingdong.app.mall
I/AlarmManager(  706): PHB histroy : com.xiaomi.channel
I/AlarmManager(  706): PHB histroy : com.tencent.qqlive
I/AlarmManager(  706): PHB histroy : com.taobao.taobao
I/AlarmManager(  706): PHB histroy : com.youku.phone
I/AlarmManager(  706): PHB histroy : com.baidu.BaiduMap
I/AlarmManager(  706): PHB histroy : com.tudou.android
V/Provider/Settings(  966):  from settings cache , name = gprs_connection_setting , value = 0
D/MobileDataStateTracker(  706): wap: getNetworkInfo: updated IsAvailable=true
D/WifiFwkExtOP01(  706): Received action:android.net.conn.CONNECTIVITY_CHANGE
D/WifiFwkExtOP01(  706): Received CONNECTIVITY_ACTION.
D/ConnectivityService(  706): getActiveNetworkInfo:null
D/WifiFwkExtOP01(  706): No active network.
D/[MtkEpoClientManagerService](  706): connectivity change mFileExpired=false,mUpdateResult=0
D/ConnectivityService(  706): getActiveNetworkInfo:null
D/ConnectivityService(  706): getActiveNetworkInfo:null
V/Provider/Settings(  966):  from settings cache , name = gprs_connection_setting , value = 0
V/AlarmManager(  706): Native set alarm :Alarm{43060c60 type 0 com.eg.android.AlipayGphone}
D/StatusBar.MSimNetworkController(  840): isDataTypeComboIconVisible, isWcdma=false, callState1=0 , callState2=0
D/MobileDataStateTracker(  706): wap: getNetworkInfo: updated IsAvailable=true
D/StatusBar.MSimNetworkController(  840): isDataTypeComboIconVisible, set visible=false
D/StatusBar.MSimNetworkController(  840): updateDataIcon when mMSimDataConnected =false
D/StatusBar.MSimNetworkController(  840): updateTelephonySignalStrength: subscription =0
D/TelephonyManagerEx(  840): getNetworkType simId=0
V/Provider/Settings(  966):  from settings cache , name = gprs_connection_setting , value = 0
D/HuaweiTelephonyManager(  840): DSDA, subId == slotId 
D/MobileDataStateTracker(  706): net: getNetworkInfo: updated IsAvailable=true
V/Provider/Settings(  966):  from settings cache , name = gprs_connection_setting , value = 0
D/PhoneInterfaceManager(  966): isNetworkRoaming simId=0
D/TelephonyManagerEx(  840): getNetworkType simId=0
D/StatusBar.MSimNetworkController(  840): subscription===0 SlotId===0
D/StatusBar.MSimNetworkController(  840): isNetworkRoaming(subscription)===false isWcdma(subscription)===false
D/TelephonyManagerEx(  840): getNetworkType simId=0
D/MobileDataStateTracker(  706): net: getNetworkInfo: updated IsAvailable=true
D/PhoneInterfaceManager(  966): isNetworkRoaming simId=0
I/StatusBar.MSimNetworkController(  840): subscription===0 iconLevel ===4
V/Provider/Settings(  966):  from settings cache , name = gprs_connection_setting , value = 0
D/StatusBar.MSimNetworkController(  840): updateDataNetType subscription =1mMSimDataNetType =0
E/StatusBar.MSimNetworkController(  840): updateDataNetType NETWORK_TYPE_UNKNOWN
D/StatusBar.MSimNetworkController(  840): updateDataIcon subscription =1
D/StatusBar.MSimNetworkController(  840): updateDataIcon  when SimState =ABSENT
D/TelephonyManagerEx(  840): getNetworkType simId=1
D/MobileDataStateTracker(  706): cmmail: getNetworkInfo: updated IsAvailable=true
V/Provider/Settings(  966):  from settings cache , name = gprs_connection_setting , value = 0
D/MobileDataStateTracker(  706): cmmail: getNetworkInfo: updated IsAvailable=true
V/Provider/Settings(  966):  from settings cache , name = gprs_connection_setting , value = 0
D/TelephonyManagerEx(  840): getNetworkType simId=1
D/MobileDataStateTracker(  706): rcse: getNetworkInfo: updated IsAvailable=true
V/Provider/Settings(  966):  from settings cache , name = gprs_connection_setting , value = 0
I/StatusBar.MSimNetworkController(  840): isDataTypeComboIconVisible, mMSimState[1]=ABSENT
D/StatusBar.MSimNetworkController(  840): isDataTypeComboIconVisible, sim state abnormal, set visible=false
D/StatusBar.MSimNetworkController(  840): updateDataIcon when mMSimDataConnected =false
D/StatusBar.MSimNetworkController(  840): updateTelephonySignalStrength: subscription =1
D/StatusBar.MSimNetworkController(  840):  No service
I/StatusBar.MSimNetworkController(  840): !hasService subscription===1=========updatebusyIcon=======
I/StatusBar.MSimNetworkController(  840): updatebusyIcon mOtherSubscription===1 subscription===1 mSMSOtherSubscription===0
I/StatusBar.MSimNetworkController(  840): updatebusyIconCall !mBeforeIsNoSingal===false mData2GIsActive===false mIsWaitingBusy===false
D/TelephonyManagerEx(  840): getSimState simId=1
D/PhoneInterfaceManager(  966): getSimState simId = 1prop = ABSENT
I/StatusBar.MSimNetworkController(  840): updatebusyIconCall getSimState(subscription)===1
D/StatusBar.MSimNetworkController(  840): refreshViews subscription =0mMSimDataConnected =false
D/StatusBar.MSimNetworkController(  840): refreshViews mMSimDataActivity =0
D/StatusBar.MSimNetworkController(  840): refreshViews connected={ } level=4 mMSimcombinedSignalIconId=0x7f0301c0/com.android.systemui:drawable/stat_sys_signal_4 mMSimcombinedActivityIconId=0x0 mAirplaneMode=false mMSimDataActivity=0 mMSimPhoneSignalIconId=0x7f0301c3 mMSimDataDirectionIconId=0x0 mMSimDataSignalIconId=0x7f0301c0 mMSimDataTypeIconId=0x0 mNoSimIconVisible false mWifiIconId=0x0 mBluetoothTetherIconId=0x108055f
D/StatusBar.MSimNetworkController(  840): refreshViews update icon subscription===0 mMSimPhoneSignalIconId[subscription]===2130903491 mMSimPhoneSignalTypeIconId[subscription]===2130903571 mMSimMobileActivityIconId[subscription]===0 mMSimDataTypeIconId[subscription]===0
D/TelephonyManagerEx(  840): getSimState simId=0
D/PhoneInterfaceManager(  966): getSimState simId = 0prop = READY
D/MobileDataStateTracker(  706): rcse: getNetworkInfo: updated IsAvailable=true
V/Provider/Settings(  966):  from settings cache , name = gprs_connection_setting , value = 0
D/MobileDataStateTracker(  706): default: getNetworkInfo: updated IsAvailable=true
D/TelephonyManagerEx(  840): getSimState simId=1
D/ConnectivityService(  706): getActiveNetworkInfo:null
I/CrashReport(20599): network changed WIFI null
D/ConnectivityService(  706): getActiveNetworkInfo:null
V/Provider/Settings(  966):  from settings cache , name = gprs_connection_setting , value = 0
D/MobileDataStateTracker(  706): default: getNetworkInfo: updated IsAvailable=true
D/dalvikvm( 2347): create interp thread : stack size=128KB
D/dalvikvm( 2347): create new thread
D/dalvikvm( 2347): new thread created
D/dalvikvm( 2347): update thread list
D/dalvikvm(13771): create interp thread : stack size=128KB
D/ConnectivityService(  706): getActiveNetworkInfo:null
D/dalvikvm(13771): create new thread
D/dalvikvm(13771): new thread created
D/dalvikvm(13771): update thread list
V/Provider/Settings(  966):  from settings cache , name = gprs_connection_setting , value = 0
D/PhoneInterfaceManager(  966): getSimState simId = 1prop = ABSENT
D/TelephonyManagerEx(  840): getSimState simId=0
D/dalvikvm(13771): threadid=37: interp stack at 0x5f2cd000
D/dalvikvm(13771): threadid=37: created from interp
D/dalvikvm( 2347): threadid=31: interp stack at 0x5df9a000
D/dalvikvm( 2347): threadid=31: created from interp
D/dalvikvm(13771): start new thread
D/dalvikvm(13771): threadid=37: notify debugger
D/dalvikvm(13771): threadid=37 (agoo-thread-855): calling run()
D/dalvikvm(13771): threadid=37: exiting
D/dalvikvm(13771): threadid=37: bye!
D/PhoneInterfaceManager(  966): getSimState simId = 0prop = READY
D/dalvikvm( 2347): start new thread
W/MtaSDK  (20914): Network error
D/MobileDataStateTracker(  706): mms: getNetworkInfo: updated IsAvailable=true
V/Provider/Settings(  966):  from settings cache , name = gprs_connection_setting , value = 0
I/MtaSDK  (20914): [pool-3-thread-1(11396): null:-1] - NETWORK TYPE: network is close.
D/MobileDataStateTracker(  706): mms: getNetworkInfo: updated IsAvailable=true
D/TelephonyManagerEx(  840): getSimState simId=1
D/dalvikvm( 2347): threadid=31: notify debugger
D/dalvikvm( 2347): threadid=31 (agoo-thread-2758): calling run()
D/PhoneInterfaceManager(  966): getSimState simId = 1prop = ABSENT
D/TelephonyManagerEx(  840): getSimState simId=0
V/Provider/Settings(  966):  from settings cache , name = gprs_connection_setting , value = 0
D/dalvikvm( 2347): threadid=31: exiting
D/PhoneInterfaceManager(  966): getSimState simId = 0prop = READY
D/dalvikvm( 2347): threadid=31: bye!
D/ConnectivityService(  706): getActiveNetworkInfo:null
D/MobileDataStateTracker(  706): supl: getNetworkInfo: updated IsAvailable=true
V/Provider/Settings(  966):  from settings cache , name = gprs_connection_setting , value = 0
D/MobileDataStateTracker(  706): supl: getNetworkInfo: updated IsAvailable=true
D/TelephonyManagerEx(  840): getSimState simId=1
V/Provider/Settings(  966):  from settings cache , name = gprs_connection_setting , value = 0
D/PhoneInterfaceManager(  966): getSimState simId = 1prop = ABSENT
D/MobileDataStateTracker(  706): dun: getNetworkInfo: updated IsAvailable=true
D/TelephonyManagerEx(  840): getSimState simId=0
V/Provider/Settings(  966):  from settings cache , name = gprs_connection_setting , value = 0
D/PhoneInterfaceManager(  966): getSimState simId = 0prop = READY
D/TelephonyManagerEx(  840): getSimState simId=1
D/MobileDataStateTracker(  706): dun: getNetworkInfo: updated IsAvailable=true
D/PhoneInterfaceManager(  966): getSimState simId = 1prop = ABSENT
D/TelephonyManagerEx(  840): getSimState simId=0
V/Provider/Settings(  966):  from settings cache , name = gprs_connection_setting , value = 0
D/MobileDataStateTracker(  706): hipri: getNetworkInfo: updated IsAvailable=true
V/Provider/Settings(  966):  from settings cache , name = gprs_connection_setting , value = 0
D/MobileDataStateTracker(  706): hipri: getNetworkInfo: updated IsAvailable=true
V/Provider/Settings(  966):  from settings cache , name = gprs_connection_setting , value = 0
D/PhoneInterfaceManager(  966): getSimState simId = 0prop = READY
D/MobileDataStateTracker(  706): fota: getNetworkInfo: updated IsAvailable=true
V/Provider/Settings(  966):  from settings cache , name = gprs_connection_setting , value = 0
D/TelephonyManagerEx(  840): getSimState simId=1
D/MobileDataStateTracker(  706): fota: getNetworkInfo: updated IsAvailable=true
D/PhoneInterfaceManager(  966): getSimState simId = 1prop = ABSENT
V/Provider/Settings(  966):  from settings cache , name = gprs_connection_setting , value = 0
D/TelephonyManagerEx(  840): getSimState simId=0
D/MobileDataStateTracker(  706): ims: getNetworkInfo: updated IsAvailable=true
V/Provider/Settings(  966):  from settings cache , name = gprs_connection_setting , value = 0
D/PhoneInterfaceManager(  966): getSimState simId = 0prop = READY
D/MobileDataStateTracker(  706): ims: getNetworkInfo: updated IsAvailable=true
D/TelephonyManagerEx(  840): getSimState simId=1
D/PhoneInterfaceManager(  966): getSimState simId = 1prop = ABSENT
V/Provider/Settings(  966):  from settings cache , name = gprs_connection_setting , value = 0
D/MobileDataStateTracker(  706): cbs: getNetworkInfo: updated IsAvailable=true
V/Provider/Settings(  966):  from settings cache , name = gprs_connection_setting , value = 0
D/TelephonyManagerEx(  840): getSimState simId=0
D/Androidpn_ConnectivityReceiver( 4713): ConnectivityReceiver.onReceive()...
D/Androidpn_ConnectivityReceiver( 4713): action=android.net.conn.CONNECTIVITY_CHANGE
D/dalvikvm( 6425): create interp thread : stack size=128KB
D/dalvikvm( 6425): create new thread
D/dalvikvm( 6425): new thread created
D/dalvikvm( 6425): update thread list
D/MobileDataStateTracker(  706): cbs: getNetworkInfo: updated IsAvailable=true
D/ConnectivityService(  706): getActiveNetworkInfo:null
D/ConnectivityService(  706): getActiveNetworkInfo:null
E/Androidpn_ConnectivityReceiver( 4713): Network unavailable
D/Androidpn_NotificationService( 4713): disconnect()...
D/Androidpn_r( 4713): disconnect()...
D/Androidpn_r( 4713): terminatePersistentConnection()...
D/Androidpn_r( 4713): addTask(runnable)...
D/Androidpn_NotificationService( 4713): Incremented task count to -24
D/Androidpn_r( 4713): addTask(runnable)... done
D/Androidpn_r( 4713): runTask()...
D/Androidpn_NotificationService( 4713): Decremented task count to -25
D/Androidpn_r( 4713): runTask()...done
I/CrashReport(18250): network changed WIFI null
D/PhoneInterfaceManager(  966): getSimState simId = 0prop = READY
V/ActivityManager(  706): getTasks: max=1, flags=0, receiver=null
V/Provider/Settings(  966):  from settings cache , name = gprs_connection_setting , value = 0
V/Provider/Settings(  966):  from settings cache , name = gprs_connection_setting , value = 0
V/ActivityManager(  706): com.android.phoneassistant/.webserver.activity.ShareEntryActivity: task=TaskRecord{432c9068 #188 A com.android.phoneassistant U 0}
V/ActivityManager(  706): com.android.phoneassistant/.entry.EntryActivity: task=TaskRecord{432c9068 #188 A com.android.phoneassistant U 0}
V/ActivityManager(  706): We have pending thumbnails: null
D/MobileDataStateTracker(  706): default: getNetworkInfo: updated IsAvailable=true
V/Provider/Settings(  966):  from settings cache , name = gprs_connection_setting , value = 0
I/ProviderMap(  706): putProviderByClass: ComponentInfo{com.android.phoneassistant/com.android.phoneassistant.provider.PhoneAssistantProvider} , callingUid = 1000, record uid = 10083
D/TelephonyManagerEx(  840): getSimState simId=1
D/MobileDataStateTracker(  706): dm: getNetworkInfo: updated IsAvailable=true
D/PhoneInterfaceManager(  966): getSimState simId = 1prop = ABSENT
D/MobileDataStateTracker(  706): default: getNetworkInfo: updated IsAvailable=true
V/Provider/Settings(  966):  from settings cache , name = gprs_connection_setting , value = 0
V/Provider/Settings(  966):  from settings cache , name = gprs_connection_setting , value = 0
D/MobileDataStateTracker(  706): default: getNetworkInfo: updated IsAvailable=true
V/Provider/Settings(  966):  from settings cache , name = gprs_connection_setting , value = 0
D/MobileDataStateTracker(  706): default: getNetworkInfo: updated IsAvailable=true
D/MobileDataStateTracker(  706): dm: getNetworkInfo: updated IsAvailable=true
I/ProviderMap(  706): putProviderByName: com.android.phoneassistant , callingUid = 1000, record uid = 10083
V/Provider/Settings(  706):  from settings cache , name = read_external_storage_enforced_default , value = null
D/TelephonyManagerEx(  840): getSimState simId=0
V/Provider/Settings(  966):  from settings cache , name = gprs_connection_setting , value = 0
D/PhoneInterfaceManager(  966): getSimState simId = 0prop = READY
D/MobileDataStateTracker(  706): wap: getNetworkInfo: updated IsAvailable=true
D/TelephonyManagerEx(  840): getSimState simId=1
V/Provider/Settings(  966):  from settings cache , name = gprs_connection_setting , value = 0
D/dalvikvm(  140): threadid=4: exiting
D/dalvikvm(  140): threadid=4: bye!
D/dalvikvm(  140): threadid=3: exiting
D/dalvikvm(  140): threadid=3: bye!
D/dalvikvm(  140): threadid=2: exiting
D/dalvikvm(  140): threadid=2: bye!
D/dalvikvm(  140): pre gc
D/dalvikvm(  140): Zygote::ForkAndSpecialize +
D/PhoneInterfaceManager(  966): getSimState simId = 1prop = ABSENT
D/debug   (21070): parseFromSd
D/MobileDataStateTracker(  706): wap: getNetworkInfo: updated IsAvailable=true
D/StatusBar.MSimNetworkController(  840): updateConnectivity: intent=Intent { act=android.net.conn.CONNECTIVITY_CHANGE flg=0x8000010 (has extras) }
D/ConnectivityService(  706): getActiveNetworkInfo:null
D/StatusBar.MSimNetworkController(  840): updateConnectivity: networkInfo=null
D/StatusBar.MSimNetworkController(  840): updateConnectivity: connectionStatus=0
D/StatusBar.MSimNetworkController(  840): updateDataNetType subscription =0mMSimDataNetType =2
D/StatusBar.MSimNetworkController(  840): updateDataIcon subscription =0
D/StatusBar.MSimNetworkController(  840): updateDataIcon  when SimState =UNKNOWN
D/TelephonyManagerEx(  840): getNetworkType simId=0
V/Provider/Settings(  966):  from settings cache , name = gprs_connection_setting , value = 0
D/MobileDataStateTracker(  706): net: getNetworkInfo: updated IsAvailable=true
V/Provider/Settings(  966):  from settings cache , name = gprs_connection_setting , value = 0
I/EmNet:ConnectivityReceiver(20253): network status changed, it will notify communication thread,
D/dalvikvm(  140): Zygote::ForkAndSpecialize : 21089
D/dalvikvm(21089): Zygote::ForkAndSpecialize : 0
D/dalvikvm(  140): create interp thread : stack size=128KB
D/dalvikvm(  140): create new thread
D/dalvikvm(  140): new thread created
D/dalvikvm(  140): update thread list
D/dalvikvm(  140): threadid=2: interp stack at 0x5a2b0000
D/dalvikvm(  140): threadid=2: created from interp
D/dalvikvm(  140): start new thread
D/dalvikvm(  140): threadid=2: notify debugger
D/dalvikvm(  140): threadid=2 (ReferenceQueueDaemon): calling run()
D/dalvikvm(  140): create interp thread : stack size=128KB
D/dalvikvm(  140): create new thread
D/dalvikvm(  140): new thread created
D/dalvikvm(  140): update thread list
D/ConnectivityService(  706): getActiveNetworkInfo:null
D/dalvikvm(  140): threadid=3: interp stack at 0x5a3d0000
D/dalvikvm(  140): threadid=3: created from interp
D/dalvikvm(  140): start new thread
D/dalvikvm(  140): threadid=3: notify debugger
D/dalvikvm(  140): create interp thread : stack size=128KB
D/dalvikvm(  140): create new thread
D/dalvikvm(  140): threadid=3 (FinalizerDaemon): calling run()
D/dalvikvm(  140): new thread created
D/dalvikvm(  140): update thread list
D/TelephonyManagerEx(  840): getNetworkType simId=0
D/dalvikvm(  140): threadid=4: interp stack at 0x5a4f0000
D/dalvikvm(  140): threadid=4: created from interp
D/dalvikvm(  140): start new thread
D/dalvikvm(21089): zygote get new systemTid : 21089
D/dalvikvm(  140): threadid=4: notify debugger
D/dalvikvm(  140): threadid=4 (FinalizerWatchdogDaemon): calling run()
I/ActivityManager(  706): Start proc com.huawei.android.wfdft:FTSserv for service com.huawei.android.wfdft/.fts.service.FTSService: pid=21089 uid=10044 gids={50044, 3003, 1015, 1023, 1028}
V/ActivityManager(  706): getTasks: max=1, flags=0, receiver=null
I/EmNet:ConnectivityReceiver(20253): no network available!!
V/ActivityManager(  706): com.android.phoneassistant/.webserver.activity.ShareEntryActivity: task=TaskRecord{432c9068 #188 A com.android.phoneassistant U 0}
V/ActivityManager(  706): com.android.phoneassistant/.entry.EntryActivity: task=TaskRecord{432c9068 #188 A com.android.phoneassistant U 0}
V/ActivityManager(  706): We have pending thumbnails: null
D/dalvikvm(21089): threadid=2: interp stack at 0x5a3b0000
D/dalvikvm(21089): threadid=3: interp stack at 0x5a4d0000
D/MobileDataStateTracker(  706): net: getNetworkInfo: updated IsAvailable=true
D/dalvikvm(21089): Elevating priority from 0 to -8
I/StatusBar.MSimNetworkController(  840): isDataTypeComboIconVisible, mMSimState[0]=UNKNOWN
V/Provider/Settings(  966):  from settings cache , name = gprs_connection_setting , value = 0
D/PhoneInterfaceManager(  966): [PhoneIntfMgr] getCallStateGemini simId: 0
D/dalvikvm(21089): threadid=4: interp stack at 0x5a5f0000
D/MobileDataStateTracker(  706): cmmail: getNetworkInfo: updated IsAvailable=true
V/Provider/Settings(  966):  from settings cache , name = gprs_connection_setting , value = 0
D/debug   (21070): external = /storage/sdcard0
D/PhoneInterfaceManager(  966): [PhoneIntfMgr] getCallStateGemini simId: 1
D/TelephonyManagerEx(  840): getNetworkType simId=0
D/MobileDataStateTracker(  706): cmmail: getNetworkInfo: updated IsAvailable=true
D/dalvikvm(21089): zygote get thread init done
D/dalvikvm(21089): create interp thread : stack size=128KB
D/dalvikvm(21089): create new thread
D/dalvikvm(21089): new thread created
D/dalvikvm(21089): update thread list
D/StatusBar.MSimNetworkController(  840): isDataTypeComboIconVisible, isWcdma=false, callState1=0 , callState2=0
D/StatusBar.MSimNetworkController(  840): isDataTypeComboIconVisible, set visible=false
D/StatusBar.MSimNetworkController(  840): updateDataIcon when mMSimDataConnected =false
D/StatusBar.MSimNetworkController(  840): updateTelephonySignalStrength: subscription =0
D/TelephonyManagerEx(  840): getNetworkType simId=0
D/dalvikvm(21089): threadid=5: interp stack at 0x5a681000
D/dalvikvm(21089): threadid=5: created from interp
D/dalvikvm(21089): start new thread
D/dalvikvm(21089): create interp thread : stack size=128KB
D/dalvikvm(21089): create new thread
D/dalvikvm(21089): new thread created
D/dalvikvm(21089): update thread list
D/dalvikvm(21089): threadid=5: notify debugger
D/dalvikvm(21089): threadid=5 (ReferenceQueueDaemon): calling run()
D/dalvikvm(21089): threadid=6: interp stack at 0x5a6a1000
D/dalvikvm(21089): threadid=6: created from interp
D/dalvikvm(21089): start new thread
D/dalvikvm(21089): create interp thread : stack size=128KB
D/dalvikvm(21089): create new thread
D/dalvikvm(21089): new thread created
D/dalvikvm(21089): update thread list
D/dalvikvm(21089): threadid=6: notify debugger
D/dalvikvm(21089): threadid=6 (FinalizerDaemon): calling run()
D/dalvikvm(21089): threadid=7: interp stack at 0x5a6c1000
V/Provider/Settings(  966):  from settings cache , name = gprs_connection_setting , value = 0
D/HuaweiTelephonyManager(  840): DSDA, subId == slotId 
D/dalvikvm(21089): threadid=7: created from interp
D/dalvikvm(21089): start new thread
D/PhoneInterfaceManager(  966): isNetworkRoaming simId=0
D/dalvikvm( 6425): threadid=17: interp stack at 0x5e67e000
D/MobileDataStateTracker(  706): rcse: getNetworkInfo: updated IsAvailable=true
V/Provider/Settings(  966):  from settings cache , name = gprs_connection_setting , value = 0
D/MobileDataStateTracker(  706): rcse: getNetworkInfo: updated IsAvailable=true
D/dalvikvm( 6425): threadid=17: created from interp
D/dalvikvm( 6425): start new thread
D/dalvikvm( 6425): threadid=17: notify debugger
D/dalvikvm( 6425): threadid=17 (PushService-PushService-connect): calling run()
V/Provider/Settings(  966):  from settings cache , name = gprs_connection_setting , value = 0
D/TelephonyManagerEx(  840): getNetworkType simId=0
D/MobileDataStateTracker(  706): default: getNetworkInfo: updated IsAvailable=true
V/Provider/Settings(  966):  from settings cache , name = gprs_connection_setting , value = 0
D/MobileDataStateTracker(  706): default: getNetworkInfo: updated IsAvailable=true
V/Provider/Settings(  966):  from settings cache , name = gprs_connection_setting , value = 0
D/StatusBar.MSimNetworkController(  840): subscription===0 SlotId===0
D/StatusBar.MSimNetworkController(  840): isNetworkRoaming(subscription)===false isWcdma(subscription)===false
D/TelephonyManagerEx(  840): getNetworkType simId=0
D/MobileDataStateTracker(  706): mms: getNetworkInfo: updated IsAvailable=true
V/Provider/Settings(  966):  from settings cache , name = gprs_connection_setting , value = 0
D/PhoneInterfaceManager(  966): isNetworkRoaming simId=0
I/StatusBar.MSimNetworkController(  840): subscription===0 iconLevel ===4
D/StatusBar.MSimNetworkController(  840): updateDataNetType subscription =1mMSimDataNetType =0
E/StatusBar.MSimNetworkController(  840): updateDataNetType NETWORK_TYPE_UNKNOWN
D/StatusBar.MSimNetworkController(  840): updateDataIcon subscription =1
D/StatusBar.MSimNetworkController(  840): updateDataIcon  when SimState =ABSENT
D/TelephonyManagerEx(  840): getNetworkType simId=1
D/MobileDataStateTracker(  706): mms: getNetworkInfo: updated IsAvailable=true
V/Provider/Settings(  966):  from settings cache , name = gprs_connection_setting , value = 0
D/dalvikvm(21089): threadid=7: notify debugger
D/dalvikvm(21089): threadid=7 (FinalizerWatchdogDaemon): calling run()
D/MobileDataStateTracker(  706): supl: getNetworkInfo: updated IsAvailable=true
D/TelephonyManagerEx(  840): getNetworkType simId=1
V/Provider/Settings(  966):  from settings cache , name = gprs_connection_setting , value = 0
D/MobileDataStateTracker(  706): supl: getNetworkInfo: updated IsAvailable=true
V/Provider/Settings(  966):  from settings cache , name = gprs_connection_setting , value = 0
D/MobileDataStateTracker(  706): dun: getNetworkInfo: updated IsAvailable=true
I/StatusBar.MSimNetworkController(  840): isDataTypeComboIconVisible, mMSimState[1]=ABSENT
D/StatusBar.MSimNetworkController(  840): isDataTypeComboIconVisible, sim state abnormal, set visible=false
D/StatusBar.MSimNetworkController(  840): updateDataIcon when mMSimDataConnected =false
D/StatusBar.MSimNetworkController(  840): updateTelephonySignalStrength: subscription =1
V/Provider/Settings(  966):  from settings cache , name = gprs_connection_setting , value = 0
D/StatusBar.MSimNetworkController(  840):  No service
I/StatusBar.MSimNetworkController(  840): !hasService subscription===1=========updatebusyIcon=======
D/MobileDataStateTracker(  706): dun: getNetworkInfo: updated IsAvailable=true
I/StatusBar.MSimNetworkController(  840): updatebusyIcon mOtherSubscription===1 subscription===1 mSMSOtherSubscription===0
I/StatusBar.MSimNetworkController(  840): updatebusyIconCall !mBeforeIsNoSingal===false mData2GIsActive===false mIsWaitingBusy===false
D/TelephonyManagerEx(  840): getSimState simId=1
D/PhoneInterfaceManager(  966): getSimState simId = 1prop = ABSENT
I/StatusBar.MSimNetworkController(  840): updatebusyIconCall getSimState(subscription)===1
D/StatusBar.MSimNetworkController(  840): refreshViews subscription =0mMSimDataConnected =false
D/StatusBar.MSimNetworkController(  840): refreshViews mMSimDataActivity =0
V/Provider/Settings(  966):  from settings cache , name = gprs_connection_setting , value = 0
D/StatusBar.MSimNetworkController(  840): refreshViews connected={ } level=4 mMSimcombinedSignalIconId=0x7f0301c0/com.android.systemui:drawable/stat_sys_signal_4 mMSimcombinedActivityIconId=0x0 mAirplaneMode=false mMSimDataActivity=0 mMSimPhoneSignalIconId=0x7f0301c3 mMSimDataDirectionIconId=0x0 mMSimDataSignalIconId=0x7f0301c0 mMSimDataTypeIconId=0x0 mNoSimIconVisible false mWifiIconId=0x0 mBluetoothTetherIconId=0x108055f
D/StatusBar.MSimNetworkController(  840): refreshViews update icon subscription===0 mMSimPhoneSignalIconId[subscription]===2130903491 mMSimPhoneSignalTypeIconId[subscription]===2130903571 mMSimMobileActivityIconId[subscription]===0 mMSimDataTypeIconId[subscription]===0
D/MobileDataStateTracker(  706): hipri: getNetworkInfo: updated IsAvailable=true
V/Provider/Settings(  966):  from settings cache , name = gprs_connection_setting , value = 0
D/MobileDataStateTracker(  706): hipri: getNetworkInfo: updated IsAvailable=true
D/dalvikvm(21089): threadid=8: interp stack at 0x5a6e1000
V/Provider/Settings(  966):  from settings cache , name = gprs_connection_setting , value = 0
D/MobileDataStateTracker(  706): fota: getNetworkInfo: updated IsAvailable=true
V/Provider/Settings(  966):  from settings cache , name = gprs_connection_setting , value = 0
D/KeyguardViewMediator(  706): setHidden false
D/KeyguardUpdateMonitor(  706): sendKeyguardVisibilityChanged(true)
D/KeyguardUpdateMonitor(  706): handleKeyguardVisibilityChanged(1)
D/KeyguardViewMediator(  706): handleMessage enter msg name=SET_HIDDEN
D/KeyguardViewMediator(  706): handleMessage exit msg name=SET_HIDDEN
D/MobileDataStateTracker(  706): fota: getNetworkInfo: updated IsAvailable=true
V/Provider/Settings(  966):  from settings cache , name = gprs_connection_setting , value = 0
D/MobileDataStateTracker(  706): ims: getNetworkInfo: updated IsAvailable=true
D/KeyguardViewMediator(  706): setHidden false
D/KeyguardUpdateMonitor(  706): sendKeyguardVisibilityChanged(true)
D/KeyguardUpdateMonitor(  706): handleKeyguardVisibilityChanged(1)
D/KeyguardViewMediator(  706): handleMessage enter msg name=SET_HIDDEN
V/Provider/Settings(  966):  from settings cache , name = gprs_connection_setting , value = 0
D/KeyguardViewMediator(  706): handleMessage exit msg name=SET_HIDDEN
D/MobileDataStateTracker(  706): ims: getNetworkInfo: updated IsAvailable=true
V/Provider/Settings(  966):  from settings cache , name = gprs_connection_setting , value = 0
D/MobileDataStateTracker(  706): cbs: getNetworkInfo: updated IsAvailable=true
I/AndroidRuntime(21070): timezone is Asia/Shanghai
V/Provider/Settings(  966):  from settings cache , name = gprs_connection_setting , value = 0
D/MobileDataStateTracker(  706): cbs: getNetworkInfo: updated IsAvailable=true
I/AndroidRuntime(21070): persist.sys.timezone is Asia/Shanghai
V/Provider/Settings(  966):  from settings cache , name = gprs_connection_setting , value = 0
D/MobileDataStateTracker(  706): dm: getNetworkInfo: updated IsAvailable=true
I/BufferQueue(  139): [Starting com.android.phoneassistant](this:0x41de6210,api:2) new GraphicBuffer needed
V/Provider/Settings(  966):  from settings cache , name = gprs_connection_setting , value = 0
D/BufferQueue(  139):     [OLD] gb:NULL
D/MobileDataStateTracker(  706): dm: getNetworkInfo: updated IsAvailable=true
V/Provider/Settings(  966):  from settings cache , name = gprs_connection_setting , value = 0
D/MobileDataStateTracker(  706): wap: getNetworkInfo: updated IsAvailable=true
V/Provider/Settings(  966):  from settings cache , name = gprs_connection_setting , value = 0
D/MobileDataStateTracker(  706): wap: getNetworkInfo: updated IsAvailable=true
V/Provider/Settings(  966):  from settings cache , name = gprs_connection_setting , value = 0
D/MobileDataStateTracker(  706): net: getNetworkInfo: updated IsAvailable=true
V/Provider/Settings(  966):  from settings cache , name = gprs_connection_setting , value = 0
D/MobileDataStateTracker(  706): net: getNetworkInfo: updated IsAvailable=true
I/GraphicBuffer(  139): allocate buffer (w:544 h:960 f:1) handle(0x40c9ae68) err(0)
I/BufferQueue(  139):     [NEW] gb=0x40ca2a48, handle=0x40c9ae68, w=540, h=960, s=544, fmt=1
D/GraphicBuffer(  706): create handle(0x64db0188) (w:544, h:960, f:1)
V/Provider/Settings(  966):  from settings cache , name = gprs_connection_setting , value = 0
D/dalvikvm(21089): threadid=9: interp stack at 0x5a701000
D/MobileDataStateTracker(  706): cmmail: getNetworkInfo: updated IsAvailable=true
V/Provider/Settings(  966):  from settings cache , name = gprs_connection_setting , value = 0
D/MobileDataStateTracker(  706): cmmail: getNetworkInfo: updated IsAvailable=true
V/Provider/Settings(  966):  from settings cache , name = gprs_connection_setting , value = 0
D/MobileDataStateTracker(  706): rcse: getNetworkInfo: updated IsAvailable=true
V/Provider/Settings(  966):  from settings cache , name = gprs_connection_setting , value = 0
D/MobileDataStateTracker(  706): rcse: getNetworkInfo: updated IsAvailable=true
V/Provider/Settings(  966):  from settings cache , name = gprs_connection_setting , value = 0
D/MobileDataStateTracker(  706): default: getNetworkInfo: updated IsAvailable=true
V/Provider/Settings(  966):  from settings cache , name = gprs_connection_setting , value = 0
D/MobileDataStateTracker(  706): default: getNetworkInfo: updated IsAvailable=true
V/Provider/Settings(  966):  from settings cache , name = gprs_connection_setting , value = 0
D/MobileDataStateTracker(  706): mms: getNetworkInfo: updated IsAvailable=true
V/Provider/Settings(  966):  from settings cache , name = gprs_connection_setting , value = 0
D/MobileDataStateTracker(  706): mms: getNetworkInfo: updated IsAvailable=true
V/Provider/Settings(  966):  from settings cache , name = gprs_connection_setting , value = 0
D/MobileDataStateTracker(  706): supl: getNetworkInfo: updated IsAvailable=true
V/Provider/Settings(  966):  from settings cache , name = gprs_connection_setting , value = 0
D/MobileDataStateTracker(  706): supl: getNetworkInfo: updated IsAvailable=true
V/Provider/Settings(  966):  from settings cache , name = gprs_connection_setting , value = 0
D/MobileDataStateTracker(  706): dun: getNetworkInfo: updated IsAvailable=true
V/Provider/Settings(  966):  from settings cache , name = gprs_connection_setting , value = 0
D/MobileDataStateTracker(  706): dun: getNetworkInfo: updated IsAvailable=true
V/Provider/Settings(  966):  from settings cache , name = gprs_connection_setting , value = 0
D/MobileDataStateTracker(  706): hipri: getNetworkInfo: updated IsAvailable=true
V/Provider/Settings(  966):  from settings cache , name = gprs_connection_setting , value = 0
D/MobileDataStateTracker(  706): hipri: getNetworkInfo: updated IsAvailable=true
V/Provider/Settings(  966):  from settings cache , name = gprs_connection_setting , value = 0
I/SurfaceTexture(  139): [Starting com.android.phoneassistant](this:0x40cae108,api:2) [void* android::SurfaceTexture::createImage(EGLDisplay, const android::sp<android::GraphicBuffer>&)]
D/SurfaceTexture(  139):     GraphicBuffer: gb=0x40ca2a48 handle=0x40c9ae68
D/SurfaceTexture(  139):     EGLImage: dpy=0x1, img=0x10000006
D/MobileDataStateTracker(  706): fota: getNetworkInfo: updated IsAvailable=true
V/Provider/Settings(  966):  from settings cache , name = gprs_connection_setting , value = 0
D/MobileDataStateTracker(  706): fota: getNetworkInfo: updated IsAvailable=true
V/Provider/Settings(  966):  from settings cache , name = gprs_connection_setting , value = 0
D/MobileDataStateTracker(  706): ims: getNetworkInfo: updated IsAvailable=true
V/Provider/Settings(  966):  from settings cache , name = gprs_connection_setting , value = 0
D/MobileDataStateTracker(  706): ims: getNetworkInfo: updated IsAvailable=true
V/Provider/Settings(  966):  from settings cache , name = gprs_connection_setting , value = 0
D/MobileDataStateTracker(  706): cbs: getNetworkInfo: updated IsAvailable=true
V/Provider/Settings(  966):  from settings cache , name = gprs_connection_setting , value = 0
D/MobileDataStateTracker(  706): cbs: getNetworkInfo: updated IsAvailable=true
V/Provider/Settings(  966):  from settings cache , name = gprs_connection_setting , value = 0
D/MobileDataStateTracker(  706): dm: getNetworkInfo: updated IsAvailable=true
V/Provider/Settings(  966):  from settings cache , name = gprs_connection_setting , value = 0
D/MobileDataStateTracker(  706): dm: getNetworkInfo: updated IsAvailable=true
V/Provider/Settings(  966):  from settings cache , name = gprs_connection_setting , value = 0
D/MobileDataStateTracker(  706): wap: getNetworkInfo: updated IsAvailable=true
V/Provider/Settings(  966):  from settings cache , name = gprs_connection_setting , value = 0
D/ActivityManager(  706): getContentProviderImpl: name=telephony, userId=0
D/MobileDataStateTracker(  706): wap: getNetworkInfo: updated IsAvailable=true
E/PushConnection( 6425): Create socket err, errno: 111socketfd: -2
I/ProviderMap(  706): getProviderByName: telephony , callingUid = 1000
D/ConnectivityService(  706): getActiveNetworkInfo:null
V/Provider/Settings(  966):  from settings cache , name = gprs_connection_setting , value = 0
D/MobileDataStateTracker(  706): net: getNetworkInfo: updated IsAvailable=true
V/Provider/Settings(  966):  from settings cache , name = gprs_connection_setting , value = 0
D/MobileDataStateTracker(  706): net: getNetworkInfo: updated IsAvailable=true
V/Provider/Settings(  966):  from settings cache , name = gprs_connection_setting , value = 0
D/MobileDataStateTracker(  706): cmmail: getNetworkInfo: updated IsAvailable=true
V/Provider/Settings(  966):  from settings cache , name = gprs_connection_setting , value = 0
D/ActivityManager(  706): getContentProviderImpl:  Caller Process Info:(caller= android.app.ActivityThread$ApplicationThread@41fcf058r.uid=1000r.userId=0r.processName=system) 
D/MobileDataStateTracker(  706): cmmail: getNetworkInfo: updated IsAvailable=true
D/ActivityManager(  706): getContentProviderImpl:  ContentProviderRecord cpr:(, cpr.uid=1001, cpr.name=ComponentInfo{com.android.providers.telephony/com.android.providers.telephony.TelephonyProvider}, cpr.noReleaseNeeded=false)  Provider Info:(, cpi.authority=telephony, cpi.multiprocess=true, cpi.readPermission=null, cpi.readPermission=null)  Provider App Info:(, cpr.appInfo=telephony, cpi.multiprocess=true, cpi.readPermission=null, cpi.readPermission=null) 
W/ContentProviderRecord(  706): canRunHere: bCanRunHere=falseinfo.multiprocess=trueinfo.processName=com.android.phoneapp.processName=systemuid=1001app.info.uid1000
V/Provider/Settings(  966):  from settings cache , name = gprs_connection_setting , value = 0
D/MobileDataStateTracker(  706): rcse: getNetworkInfo: updated IsAvailable=true
V/Provider/Settings(  966):  from settings cache , name = gprs_connection_setting , value = 0
D/MobileDataStateTracker(  706): rcse: getNetworkInfo: updated IsAvailable=true
V/Provider/Settings(  966):  from settings cache , name = gprs_connection_setting , value = 0
D/MobileDataStateTracker(  706): default: getNetworkInfo: updated IsAvailable=true
V/Provider/Settings(  966):  from settings cache , name = gprs_connection_setting , value = 0
D/MobileDataStateTracker(  706): default: getNetworkInfo: updated IsAvailable=true
V/Provider/Settings(  966):  from settings cache , name = gprs_connection_setting , value = 0
D/MobileDataStateTracker(  706): mms: getNetworkInfo: updated IsAvailable=true
V/Provider/Settings(  966):  from settings cache , name = gprs_connection_setting , value = 0
D/MobileDataStateTracker(  706): mms: getNetworkInfo: updated IsAvailable=true
V/Provider/Settings(  966):  from settings cache , name = gprs_connection_setting , value = 0
D/MobileDataStateTracker(  706): supl: getNetworkInfo: updated IsAvailable=true
V/Provider/Settings(  966):  from settings cache , name = gprs_connection_setting , value = 0
D/MobileDataStateTracker(  706): supl: getNetworkInfo: updated IsAvailable=true
V/Provider/Settings(  966):  from settings cache , name = gprs_connection_setting , value = 0
D/ActivityManager(  706): getContentProviderImpl: updateLruProcessLocked cpr.proc=ProcessRecord{420c5b38 966:com.android.phone/1001}
D/MobileDataStateTracker(  706): dun: getNetworkInfo: updated IsAvailable=true
V/Provider/Settings(  966):  from settings cache , name = gprs_connection_setting , value = 0
D/MobileDataStateTracker(  706): dun: getNetworkInfo: updated IsAvailable=true
V/Provider/Settings(  966):  from settings cache , name = gprs_connection_setting , value = 0
D/MobileDataStateTracker(  706): hipri: getNetworkInfo: updated IsAvailable=true
V/Provider/Settings(  706):  from settings cache , name = read_external_storage_enforced_default , value = null
V/Provider/Settings(  966):  from settings cache , name = gprs_connection_setting , value = 0
D/MobileDataStateTracker(  706): hipri: getNetworkInfo: updated IsAvailable=true
V/Provider/Settings(  966):  from settings cache , name = gprs_connection_setting , value = 0
D/MobileDataStateTracker(  706): fota: getNetworkInfo: updated IsAvailable=true
V/Provider/Settings(  966):  from settings cache , name = gprs_connection_setting , value = 0
D/MobileDataStateTracker(  706): fota: getNetworkInfo: updated IsAvailable=true
D/dalvikvm(  140): threadid=4: exiting
D/dalvikvm(  140): threadid=4: bye!
D/dalvikvm(  140): threadid=3: exiting
D/dalvikvm(  140): threadid=3: bye!
D/dalvikvm(  140): threadid=2: exiting
D/dalvikvm(  140): threadid=2: bye!
D/dalvikvm(  140): pre gc
D/dalvikvm(  140): Zygote::ForkAndSpecialize +
D/ActivityThread(  706): hoder:android.app.IActivityManager$ContentProviderHolder@42a68010,provider,holder.Provider:android.content.ContentProviderProxy@4237be90
I/TelephonyProvider(  966): initDatabaseIfNeeded begin content://telephony/carriers/preferapn
D/dalvikvm(  140): Zygote::ForkAndSpecialize : 21102
D/dalvikvm(  140): create interp thread : stack size=128KB
D/dalvikvm(21102): Zygote::ForkAndSpecialize : 0
D/dalvikvm(  140): create new thread
D/dalvikvm(  140): new thread created
D/dalvikvm(  140): update thread list
D/dalvikvm(21102): zygote get new systemTid : 21102
D/dalvikvm(21102): threadid=2: interp stack at 0x5a3b0000
D/dalvikvm(  140): threadid=2: interp stack at 0x5a2b0000
D/dalvikvm(  140): threadid=2: created from interp
V/Provider/Settings(  966):  from settings cache , name = gprs_connection_setting , value = 0
D/dalvikvm(21102): threadid=3: interp stack at 0x5a4d0000
D/dalvikvm(21102): Elevating priority from 0 to -8
D/MobileDataStateTracker(  706): ims: getNetworkInfo: updated IsAvailable=true
D/dalvikvm(  140): start new thread
D/dalvikvm(  140): create interp thread : stack size=128KB
D/dalvikvm(  140): create new thread
D/dalvikvm(  140): new thread created
D/dalvikvm(  140): update thread list
V/Provider/Settings(  966):  from settings cache , name = gprs_connection_setting , value = 0
D/dalvikvm(  140): threadid=2: notify debugger
D/dalvikvm(  140): threadid=2 (ReferenceQueueDaemon): calling run()
D/MobileDataStateTracker(  706): ims: getNetworkInfo: updated IsAvailable=true
D/dalvikvm(  140): threadid=3: interp stack at 0x5a3d0000
D/dalvikvm(  140): threadid=3: created from interp
D/dalvikvm(  140): start new thread
D/dalvikvm(  140): create interp thread : stack size=128KB
D/dalvikvm(  140): create new thread
D/dalvikvm(  140): new thread created
D/dalvikvm(  140): update thread list
D/dalvikvm(  140): threadid=3: notify debugger
D/dalvikvm(  140): threadid=3 (FinalizerDaemon): calling run()
V/Provider/Settings(  966):  from settings cache , name = gprs_connection_setting , value = 0
D/dalvikvm(21102): threadid=4: interp stack at 0x5a5f0000
D/dalvikvm(  140): threadid=4: interp stack at 0x5a4f0000
D/dalvikvm(  140): threadid=4: created from interp
D/dalvikvm(  140): start new thread
D/dalvikvm(  140): threadid=4: notify debugger
D/dalvikvm(  140): threadid=4 (FinalizerWatchdogDaemon): calling run()
I/ActivityManager(  706): Start proc com.huawei.android.wfdft:FTCserv for service com.huawei.android.wfdft/.ftc.service.FTCService: pid=21102 uid=10044 gids={50044, 3003, 1015, 1023, 1028}
V/ActivityManager(  706): Binding process pid 21089 to record ProcessRecord{424e4468 21089:com.huawei.android.wfdft:FTSserv/u0a10044}
D/dalvikvm(21102): zygote get thread init done
D/dalvikvm(21102): create interp thread : stack size=128KB
V/ActivityManager(  706): New death recipient com.android.server.am.ActivityManagerService$AppDeathRecipient@429c5c68 for thread android.os.BinderProxy@42b675d0
D/dalvikvm(21102): create new thread
D/dalvikvm(21102): new thread created
D/dalvikvm(21102): update thread list
D/dalvikvm(21102): threadid=5: interp stack at 0x5a681000
D/dalvikvm(21102): threadid=5: created from interp
D/dalvikvm(21102): start new thread
D/dalvikvm(21102): create interp thread : stack size=128KB
D/dalvikvm(21102): create new thread
D/dalvikvm(21102): new thread created
D/dalvikvm(21102): update thread list
D/dalvikvm(21102): threadid=5: notify debugger
D/dalvikvm(21102): threadid=5 (ReferenceQueueDaemon): calling run()
E/TelephonyProvider(  966): iTelephony is null!!!
D/TelephonyProvider(  966): Default Data Setting value=0
D/TelephonyProvider(  966): initDatabaseIfNeeded(): match=5, simId=0
I/TelephonyProvider(  966):  mInitAPNGemini[0]: true,uricontent://telephony/carriers/preferapn
I/TelephonyProvider(  966):  mInitAPNGemini[0] unlock: true,uricontent://telephony/carriers/preferapn
