D/ADB_SERVICES( 4131): adb fdevent_process list (16) (18) (21) 
D/ADB_SERVICES( 4131): adb socket read list (18) (21) 
D/ADB_SERVICES( 4131): read_data=158650
D/ADB_SERVICES( 4131): max_read_time=0.000210 max_send_time=0.000071 
D/TelephonyManagerEx(  840): getSimState simId=1
D/PhoneInterfaceManager(  966): getSimState simId = 1prop = ABSENT
D/TelephonyManagerEx(  840): getSimState simId=0
D/PhoneInterfaceManager(  966): getSimState simId = 0prop = READY
D/ADB_SERVICES( 4131): adb local_socket_ready list (18) (21) 
D/TelephonyManagerEx(  840): getSimState simId=1
D/PhoneInterfaceManager(  966): getSimState simId = 1prop = ABSENT
D/TelephonyManagerEx(  840): getSimState simId=0
D/PhoneInterfaceManager(  966): getSimState simId = 0prop = READY
D/TelephonyManagerEx(  840): getSimState simId=1
D/PhoneInterfaceManager(  966): getSimState simId = 1prop = ABSENT
D/TelephonyManagerEx(  840): getSimState simId=0
D/PhoneInterfaceManager(  966): getSimState simId = 0prop = READY
D/TelephonyManagerEx(  840): getSimState simId=1
D/PhoneInterfaceManager(  966): getSimState simId = 1prop = ABSENT
D/TelephonyManagerEx(  840): getSimState simId=0
D/PhoneInterfaceManager(  966): getSimState simId = 0prop = READY
D/TelephonyManagerEx(  840): getSimState simId=1
D/PhoneInterfaceManager(  966): getSimState simId = 1prop = ABSENT
D/TelephonyManagerEx(  840): getSimState simId=0
D/PhoneInterfaceManager(  966): getSimState simId = 0prop = READY
D/TelephonyManagerEx(  840): getSimState simId=1
D/PhoneInterfaceManager(  966): getSimState simId = 1prop = ABSENT
D/TelephonyManagerEx(  840): getSimState simId=0
D/PhoneInterfaceManager(  966): getSimState simId = 0prop = READY
D/TelephonyManagerEx(  840): getSimState simId=1
D/PhoneInterfaceManager(  966): getSimState simId = 1prop = ABSENT
D/TelephonyManagerEx(  840): getSimState simId=0
D/PhoneInterfaceManager(  966): getSimState simId = 0prop = READY
D/TelephonyManagerEx(  840): getSimState simId=1
D/PhoneInterfaceManager(  966): getSimState simId = 1prop = ABSENT
D/StatusBar.MSimNetworkController(  840): changing data overlay icon id to 2130903578
V/Provider/Settings(  706):  from settings cache , name = gprs_connection_setting , value = 0
D/StatusBar.MSimNetworkController(  840): subscription:-1, mDefaultSubscription:0
D/StatusBar.MSimNetworkController(  840): refreshViews subscription =0mMSimDataConnected =false
D/StatusBar.MSimNetworkController(  840): refreshViews mMSimDataActivity =0
D/StatusBar.MSimNetworkController(  840): refreshViews connected={ wifi } level=4 mMSimcombinedSignalIconId=0x7f030222/com.android.systemui:drawable/stat_sys_wifi_signal_4 mMSimcombinedActivityIconId=0x7f03021a mAirplaneMode=false mMSimDataActivity=0 mMSimPhoneSignalIconId=0x7f0301c3 mMSimDataDirectionIconId=0x0 mMSimDataSignalIconId=0x7f0301c0 mMSimDataTypeIconId=0x0 mNoSimIconVisible false mWifiIconId=0x7f030222 mBluetoothTetherIconId=0x108055f
D/StatusBar.MSimNetworkController(  840): refreshViews update icon subscription===0 mMSimPhoneSignalIconId[subscription]===2130903491 mMSimPhoneSignalTypeIconId[subscription]===2130903571 mMSimMobileActivityIconId[subscription]===0 mMSimDataTypeIconId[subscription]===0
D/StatusBar.MSimNetworkController(  840): changing data overlay icon id to 2130903578
I/SurfaceTextureClient(  840): [STC::queueBuffer] (this:0x5dd33200) fps:0.33, dur:3021.29, max:3021.29, min:3021.29
I/BufferQueue(  139): [StatusBar](this:0x40ca9c88,api:1) [queue] fps:0.33, dur:3021.32, max:3021.32, min:3021.32
I/BufferQueue(  139): [StatusBar](this:0x40ca9c88,api:1) [release] fps:0.33, dur:3016.40, max:3016.40, min:3016.40
I/SurfaceTextureClient(  139): [STC::queueBuffer] (this:0x40c4a830) fps:0.33, dur:3016.35, max:3016.35, min:3016.35
I/BufferQueue(  139): [FramebufferSurface](this:0x40c8b008,api:1) [release] fps:0.33, dur:3016.42, max:3016.42, min:3016.42
I/BufferQueue(  139): [FramebufferSurface](this:0x40c8b008,api:1) [queue] fps:0.33, dur:3016.41, max:3016.41, min:3016.41
I/SurfaceFlinger(  139): [SurfaceFlinger] fps:0.331526,dur:3016.35,max:3016.35,min:3016.35
D/MsensorDaemon(21008): Msensor deamon statr!!!!!!!!!!!!
D/MsensorDaemon(21008): open demon attr err = No such file or directory
E/MCA     (21007): Here call up the service!
E/MCA     (21007): LT passed!
V/Provider/Settings(  706):  from settings cache , name = gprs_connection_setting , value = 0
D/StatusBar.MSimNetworkController(  840): subscription:-1, mDefaultSubscription:0
D/StatusBar.MSimNetworkController(  840): refreshViews subscription =0mMSimDataConnected =false
D/StatusBar.MSimNetworkController(  840): refreshViews mMSimDataActivity =0
D/StatusBar.MSimNetworkController(  840): refreshViews connected={ wifi } level=4 mMSimcombinedSignalIconId=0x7f030222/com.android.systemui:drawable/stat_sys_wifi_signal_4 mMSimcombinedActivityIconId=0x0 mAirplaneMode=false mMSimDataActivity=0 mMSimPhoneSignalIconId=0x7f0301c3 mMSimDataDirectionIconId=0x0 mMSimDataSignalIconId=0x7f0301c0 mMSimDataTypeIconId=0x0 mNoSimIconVisible false mWifiIconId=0x7f030222 mBluetoothTetherIconId=0x108055f
D/StatusBar.MSimNetworkController(  840): refreshViews update icon subscription===0 mMSimPhoneSignalIconId[subscription]===2130903491 mMSimPhoneSignalTypeIconId[subscription]===2130903571 mMSimMobileActivityIconId[subscription]===0 mMSimDataTypeIconId[subscription]===0
D/TelephonyManagerEx(  840): getSimState simId=0
D/PhoneInterfaceManager(  966): getSimState simId = 0prop = READY
D/TelephonyManagerEx(  840): getSimState simId=1
D/PhoneInterfaceManager(  966): getSimState simId = 1prop = ABSENT
D/TelephonyManagerEx(  840): getSimState simId=0
D/PhoneInterfaceManager(  966): getSimState simId = 0prop = READY
D/TelephonyManagerEx(  840): getSimState simId=1
D/PhoneInterfaceManager(  966): getSimState simId = 1prop = ABSENT
D/TelephonyManagerEx(  840): getSimState simId=0
D/PhoneInterfaceManager(  966): getSimState simId = 0prop = READY
D/TelephonyManagerEx(  840): getSimState simId=1
D/PhoneInterfaceManager(  966): getSimState simId = 1prop = ABSENT
D/TelephonyManagerEx(  840): getSimState simId=0
D/PhoneInterfaceManager(  966): getSimState simId = 0prop = READY
D/TelephonyManagerEx(  840): getSimState simId=1
D/PhoneInterfaceManager(  966): getSimState simId = 1prop = ABSENT
D/TelephonyManagerEx(  840): getSimState simId=0
D/PhoneInterfaceManager(  966): getSimState simId = 0prop = READY
D/TelephonyManagerEx(  840): getSimState simId=1
D/PhoneInterfaceManager(  966): getSimState simId = 1prop = ABSENT
D/TelephonyManagerEx(  840): getSimState simId=0
D/PhoneInterfaceManager(  966): getSimState simId = 0prop = READY
D/TelephonyManagerEx(  840): getSimState simId=1
D/PhoneInterfaceManager(  966): getSimState simId = 1prop = ABSENT
D/TelephonyManagerEx(  840): getSimState simId=0
D/PhoneInterfaceManager(  966): getSimState simId = 0prop = READY
D/TelephonyManagerEx(  840): getSimState simId=1
D/PhoneInterfaceManager(  966): getSimState simId = 1prop = ABSENT
D/TelephonyManagerEx(  840): getSimState simId=0
D/PhoneInterfaceManager(  966): getSimState simId = 0prop = READY
D/TelephonyManagerEx(  840): getSimState simId=1
D/PhoneInterfaceManager(  966): getSimState simId = 1prop = ABSENT
D/StatusBar.MSimNetworkController(  840): changing data overlay icon id to 0
V/Provider/Settings(  706):  from settings cache , name = gprs_connection_setting , value = 0
D/StatusBar.MSimNetworkController(  840): subscription:-1, mDefaultSubscription:0
D/StatusBar.MSimNetworkController(  840): refreshViews subscription =0mMSimDataConnected =false
D/StatusBar.MSimNetworkController(  840): refreshViews mMSimDataActivity =0
D/StatusBar.MSimNetworkController(  840): refreshViews connected={ wifi } level=4 mMSimcombinedSignalIconId=0x7f030222/com.android.systemui:drawable/stat_sys_wifi_signal_4 mMSimcombinedActivityIconId=0x0 mAirplaneMode=false mMSimDataActivity=0 mMSimPhoneSignalIconId=0x7f0301c3 mMSimDataDirectionIconId=0x0 mMSimDataSignalIconId=0x7f0301c0 mMSimDataTypeIconId=0x0 mNoSimIconVisible false mWifiIconId=0x7f030222 mBluetoothTetherIconId=0x108055f
D/StatusBar.MSimNetworkController(  840): refreshViews update icon subscription===0 mMSimPhoneSignalIconId[subscription]===2130903491 mMSimPhoneSignalTypeIconId[subscription]===2130903571 mMSimMobileActivityIconId[subscription]===0 mMSimDataTypeIconId[subscription]===0
D/StatusBar.MSimNetworkController(  840): changing data overlay icon id to 0
I/SurfaceTextureClient(  840): [STC::queueBuffer] (this:0x5dd33200) fps:0.50, dur:2007.07, max:2007.07, min:2007.07
I/BufferQueue(  139): [StatusBar](this:0x40ca9c88,api:1) [queue] fps:0.50, dur:2007.53, max:2007.53, min:2007.53
I/BufferQueue(  139): [StatusBar](this:0x40ca9c88,api:1) [release] fps:0.50, dur:2010.83, max:2010.83, min:2010.83
I/SurfaceTextureClient(  139): [STC::queueBuffer] (this:0x40c4a830) fps:0.50, dur:2010.99, max:2010.99, min:2010.99
I/BufferQueue(  139): [FramebufferSurface](this:0x40c8b008,api:1) [release] fps:0.50, dur:2010.93, max:2010.93, min:2010.93
I/BufferQueue(  139): [FramebufferSurface](this:0x40c8b008,api:1) [queue] fps:0.50, dur:2010.93, max:2010.93, min:2010.93
I/SurfaceFlinger(  139): [SurfaceFlinger] fps:0.497281,dur:2010.93,max:2010.93,min:2010.93
W/ADB_SERVICES( 4131): create_local_service_socket() name=shell:export ANDROID_LOG_TAGS="" ; exec logcat
W/ADB_SERVICES( 4131): LS(11222): bound to 'shell:export ANDROID_LOG_TAGS="" ; exec logcat' via 21
W/ADB_SERVICES(21009): adb: unable to open /proc/21009/oom_adj
D/StateMachine(  706): handleMessage: E msg.what=131155
D/StateMachine(  706): processMsg: ConnectedState
D/WifiStateMachine(  706): ConnectedState{ what=131155 when=-2ms arg1=177 target=Handler (com.android.internal.util.StateMachine$SmHandler) {42476b38} }
D/StateMachine(  706): processMsg: L2ConnectedState
D/WifiStateMachine(  706): L2ConnectedState{ what=131155 when=-2ms arg1=177 target=Handler (com.android.internal.util.StateMachine$SmHandler) {42476b38} }
D/WifiNative-wlan0(  706): doString: SIGNAL_POLL
D/WifiCommon(  706): [wlan0] SET "SIGNAL_POLL"
D/wpa_supplicant(20340): RX ctrl_iface - hexdump(len=11): 53 49 47 4e 41 4c 5f 50 4f 4c 4c
D/wpa_supplicant(20340): wlan0: Control interface command 'SIGNAL_POLL'
D/wpa_supplicant(20340): nl80211: survey data missing!
I/WifiStateMachine(  706): fetchRssiAndLinkSpeedNative, newRssi:-27, newLinkSpeed:135, SSID:"taugin"
D/StateMachine(  706): handleMessage: X
D/wpa_supplicant(20340): wlan0: BSS: Remove id 1 BSSID 54:e6:fc:58:cf:fe SSID 'JINGUI' due to wpa_bss_flush_by_age
D/wpa_supplicant(20340): CTRL_IFACE monitor send
D/wpa_supplicant(20340): 2f646174612f6d6973632f776966692f736f636b6574732f7770615f6374726c5f3730362d36353000
D/wpa_supplicant(20340): wlan0: BSS: Remove id 2 BSSID 50:bd:5f:6e:79:c4 SSID 'MY HOME1' due to wpa_bss_flush_by_age
D/wpa_supplicant(20340): CTRL_IFACE monitor send
D/wpa_supplicant(20340): 2f646174612f6d6973632f776966692f736f636b6574732f7770615f6374726c5f3730362d36353000
D/wpa_supplicant(20340): wlan0: BSS: Remove id 3 BSSID f0:7d:68:b2:eb:72 SSID 'SkyWorth' due to wpa_bss_flush_by_age
D/wpa_supplicant(20340): CTRL_IFACE monitor send
D/wpa_supplicant(20340): 2f646174612f6d6973632f776966692f736f636b6574732f7770615f6374726c5f3730362d36353000
D/WifiCommon(  706): [wlan0]GET "CTRL-EVENT-BSS-REMOVED 1 54:e6:fc:58:cf:fe"
D/WifiCommon(  706): [wlan0]GET "CTRL-EVENT-BSS-REMOVED 2 50:bd:5f:6e:79:c4"
D/WifiCommon(  706): [wlan0]GET "CTRL-EVENT-BSS-REMOVED 3 f0:7d:68:b2:eb:72"
D/PowerManagerDisplayController(  706): mButtonAutoBrightness is 0
V/AlarmManager(  706): Native set alarm :Alarm{42d110c8 type 1 com.UCMobile}
I/AlarmManager(  706): mBootPackage = com.android.deskclock set Prop 1
I/AlarmManager(  706): rest power off alarm is com.android.deskclock
D/Provider/Settings(  706): put string name = power_off_alarm_package_name , value = com.android.deskclock userHandle = 0
D/SettingsProvider(  706): call request for 0
D/SettingsProvider(  706): insert(content://settings/system) for user 0 by 0
D/SettingsProvider(  706): redundant, old Value: com.android.deskclock new value: com.android.deskclock
V/ActivityManager(  706): Broadcast: action_ping_unlock ordered=true userid=0 callerApp=null
D/PowerManagerService(  706): acquireWakeLockInternal: lock=1107795280, flags=0x1, tag="AlarmManager", ws={WorkSource: uids=[10103]}, uid=1000, pid=706
D/PowerManagerService(  706): updateWakeLockSummaryLocked: mWakefulness=Awake, mWakeLockSummary=0x1
D/PowerManagerService(  706): newScreenState = 2
D/PowerManagerDisplayController(  706): requestPowerState: screenState=2, useProximitySensor=false, screenBrightness=100, screenAutoBrightnessAdjustment=0.0, useAutoBrightness=true, useEcoBrightness=false, blockScreenOn=false, isUserAdjustingAutoBrightness =false, waitForNegativeProximity=false
D/PowerManagerService(  706): updateScreenStateLocked: mDisplayReady=true, newScreenState=2, mWakefulness=1, mWakeLockSummary=0x1, mUserActivitySummary=0x1, mBootCompleted=true
D/PowerManagerService(  706): handleSandman: canDream=false, mWakefulness=Awake
D/dalvikvm( 2347): create interp thread : stack size=128KB
D/dalvikvm( 2347): create new thread
D/dalvikvm( 2347): new thread created
D/dalvikvm( 2347): update thread list
D/dalvikvm( 2347): threadid=31: interp stack at 0x5df9a000
D/dalvikvm( 2347): threadid=31: created from interp
D/dalvikvm( 2347): start new thread
D/dalvikvm( 2347): threadid=31: notify debugger
D/dalvikvm( 2347): threadid=31 (agoo-thread-2757): calling run()
D/dalvikvm( 2347): threadid=31: exiting
D/dalvikvm( 2347): threadid=31: bye!
D/PowerManagerService(  706): releaseWakeLockInternal: lock=1107795280, flags=0x0, tag=AlarmManager, total_time=9ms
D/PowerManagerService(  706): updateWakeLockSummaryLocked: mWakefulness=Awake, mWakeLockSummary=0x1
D/PowerManagerService(  706): newScreenState = 2
D/PowerManagerDisplayController(  706): requestPowerState: screenState=2, useProximitySensor=false, screenBrightness=100, screenAutoBrightnessAdjustment=0.0, useAutoBrightness=true, useEcoBrightness=false, blockScreenOn=false, isUserAdjustingAutoBrightness =false, waitForNegativeProximity=false
D/PowerManagerService(  706): updateScreenStateLocked: mDisplayReady=true, newScreenState=2, mWakefulness=1, mWakeLockSummary=0x1, mUserActivitySummary=0x1, mBootCompleted=true
D/PowerManagerService(  706): handleSandman: canDream=false, mWakefulness=Awake
V/Provider/Settings(  706):  from settings cache , name = gprs_connection_setting , value = 0
D/StatusBar.MSimNetworkController(  840): subscription:-1, mDefaultSubscription:0
D/StatusBar.MSimNetworkController(  840): refreshViews subscription =0mMSimDataConnected =false
D/StatusBar.MSimNetworkController(  840): refreshViews mMSimDataActivity =0
D/StatusBar.MSimNetworkController(  840): refreshViews connected={ wifi } level=4 mMSimcombinedSignalIconId=0x7f030222/com.android.systemui:drawable/stat_sys_wifi_signal_4 mMSimcombinedActivityIconId=0x7f030219 mAirplaneMode=false mMSimDataActivity=0 mMSimPhoneSignalIconId=0x7f0301c3 mMSimDataDirectionIconId=0x0 mMSimDataSignalIconId=0x7f0301c0 mMSimDataTypeIconId=0x0 mNoSimIconVisible false mWifiIconId=0x7f030222 mBluetoothTetherIconId=0x108055f
D/StatusBar.MSimNetworkController(  840): refreshViews update icon subscription===0 mMSimPhoneSignalIconId[subscription]===2130903491 mMSimPhoneSignalTypeIconId[subscription]===2130903571 mMSimMobileActivityIconId[subscription]===0 mMSimDataTypeIconId[subscription]===0
D/TelephonyManagerEx(  840): getSimState simId=0
D/PhoneInterfaceManager(  966): getSimState simId = 0prop = READY
D/TelephonyManagerEx(  840): getSimState simId=1
D/PhoneInterfaceManager(  966): getSimState simId = 1prop = ABSENT
D/TelephonyManagerEx(  840): getSimState simId=0
D/PhoneInterfaceManager(  966): getSimState simId = 0prop = READY
D/TelephonyManagerEx(  840): getSimState simId=1
D/PhoneInterfaceManager(  966): getSimState simId = 1prop = ABSENT
D/TelephonyManagerEx(  840): getSimState simId=0
D/PhoneInterfaceManager(  966): getSimState simId = 0prop = READY
D/TelephonyManagerEx(  840): getSimState simId=1
D/PhoneInterfaceManager(  966): getSimState simId = 1prop = ABSENT
D/TelephonyManagerEx(  840): getSimState simId=0
D/PhoneInterfaceManager(  966): getSimState simId = 0prop = READY
D/TelephonyManagerEx(  840): getSimState simId=1
D/PhoneInterfaceManager(  966): getSimState simId = 1prop = ABSENT
D/TelephonyManagerEx(  840): getSimState simId=0
D/PhoneInterfaceManager(  966): getSimState simId = 0prop = READY
D/TelephonyManagerEx(  840): getSimState simId=1
D/PhoneInterfaceManager(  966): getSimState simId = 1prop = ABSENT
D/TelephonyManagerEx(  840): getSimState simId=0
D/PhoneInterfaceManager(  966): getSimState simId = 0prop = READY
D/TelephonyManagerEx(  840): getSimState simId=1
D/PhoneInterfaceManager(  966): getSimState simId = 1prop = ABSENT
D/TelephonyManagerEx(  840): getSimState simId=0
D/PhoneInterfaceManager(  966): getSimState simId = 0prop = READY
D/TelephonyManagerEx(  840): getSimState simId=1
D/PhoneInterfaceManager(  966): getSimState simId = 1prop = ABSENT
D/TelephonyManagerEx(  840): getSimState simId=0
D/PhoneInterfaceManager(  966): getSimState simId = 0prop = READY
D/TelephonyManagerEx(  840): getSimState simId=1
D/PhoneInterfaceManager(  966): getSimState simId = 1prop = ABSENT
D/StatusBar.MSimNetworkController(  840): changing data overlay icon id to 2130903577
V/Provider/Settings(  706):  from settings cache , name = gprs_connection_setting , value = 0
D/StatusBar.MSimNetworkController(  840): subscription:-1, mDefaultSubscription:0
D/StatusBar.MSimNetworkController(  840): refreshViews subscription =0mMSimDataConnected =false
D/StatusBar.MSimNetworkController(  840): refreshViews mMSimDataActivity =0
D/StatusBar.MSimNetworkController(  840): refreshViews connected={ wifi } level=4 mMSimcombinedSignalIconId=0x7f030222/com.android.systemui:drawable/stat_sys_wifi_signal_4 mMSimcombinedActivityIconId=0x7f030219 mAirplaneMode=false mMSimDataActivity=0 mMSimPhoneSignalIconId=0x7f0301c3 mMSimDataDirectionIconId=0x0 mMSimDataSignalIconId=0x7f0301c0 mMSimDataTypeIconId=0x0 mNoSimIconVisible false mWifiIconId=0x7f030222 mBluetoothTetherIconId=0x108055f
D/StatusBar.MSimNetworkController(  840): refreshViews update icon subscription===0 mMSimPhoneSignalIconId[subscription]===2130903491 mMSimPhoneSignalTypeIconId[subscription]===2130903571 mMSimMobileActivityIconId[subscription]===0 mMSimDataTypeIconId[subscription]===0
D/StatusBar.MSimNetworkController(  840): changing data overlay icon id to 2130903577
I/SurfaceTextureClient(  840): [STC::queueBuffer] (this:0x5dd33200) fps:0.98, dur:1022.64, max:1022.64, min:1022.64
I/BufferQueue(  139): [StatusBar](this:0x40ca9c88,api:1) [queue] fps:0.98, dur:1022.23, max:1022.23, min:1022.23
I/BufferQueue(  139): [StatusBar](this:0x40ca9c88,api:1) [release] fps:0.98, dur:1021.85, max:1021.85, min:1021.85
I/SurfaceTextureClient(  139): [STC::queueBuffer] (this:0x40c4a830) fps:0.98, dur:1021.81, max:1021.81, min:1021.81
I/BufferQueue(  139): [FramebufferSurface](this:0x40c8b008,api:1) [release] fps:0.98, dur:1021.81, max:1021.81, min:1021.81
I/BufferQueue(  139): [FramebufferSurface](this:0x40c8b008,api:1) [queue] fps:0.98, dur:1021.81, max:1021.81, min:1021.81
I/SurfaceFlinger(  139): [SurfaceFlinger] fps:0.978655,dur:1021.81,max:1021.81,min:1021.81
W/CrashReport(20599): to delay record!
W/CrashReport(20599): inner record dropOldUI count:1
D/TelephonyManager(20599): getDefaultSim is sim1
D/TelephonyManager(20599): getSubscriberInfo simId = 0
D/TelephonyManager(20599): getDefaultSim is sim1
D/TelephonyManager(20599): getSubscriberInfo simId = 0
V/Provider/Settings(20599):  from settings cache , name = android_id , value = 6175f70bf2565cb2
D/ConnectivityService(  706): getActiveNetworkInfo:NetworkInfo: type: WIFI[], state: CONNECTED/CONNECTED, reason: (unspecified), extra: "taugin", roaming: false, failover: false, isAvailable: true, simId: 0/10089
D/ConnectivityService(  706): getActiveNetworkInfo:NetworkInfo: type: WIFI[], state: CONNECTED/CONNECTED, reason: (unspecified), extra: "taugin", roaming: false, failover: false, isAvailable: true, simId: 0/10089
D/ConnectivityService(  706): getActiveNetworkInfo:NetworkInfo: type: WIFI[], state: CONNECTED/CONNECTED, reason: (unspecified), extra: "taugin", roaming: false, failover: false, isAvailable: true, simId: 0/10089
D/FrameworkListener(  135): dispatchCommand data = (getaddrinfo rqd.uu.qq.com ^ 1024 0 1 0)
D/libc-netbsd(  135): getaddrinfo: rqd.uu.qq.com NO result from proxy 
D/libc-netbsd(  135): res_queryN name = rqd.uu.qq.com, class = 1, type = 1
D/libc-netbsd(  135): res_queryN name = rqd.uu.qq.com succeed
D/SocketClient(  135): SocketClient sendDatalocked done: 222
D/SocketClient(  135): SocketClient sendDatalocked done: 
D/SocketClient(  135): SocketClient sendDatalocked done: 
D/SocketClient(  135): SocketClient sendDatalocked done: 
D/SocketClient(  135): SocketClient sendDatalocked done: 
D/SocketClient(  135): SocketClient sendDatalocked done: 
D/SocketClient(  135): SocketClient sendDatalocked done: 
D/SocketClient(  135): SocketClient sendDatalocked done: 
D/SocketClient(  135): SocketClient sendDatalocked done: 
D/SocketClient(  135): SocketClient sendDatalocked done: 
D/SocketClient(  135): SocketClient sendDatalocked done: 
D/SocketClient(  135): SocketClient sendDatalocked done: 
D/SocketClient(  135): SocketClient sendDatalocked done: 
D/SocketClient(  135): SocketClient sendDatalocked done: 
D/SocketClient(  135): SocketClient sendDatalocked done: 
D/SocketClient(  135): SocketClient sendDatalocked done: 
D/SocketClient(  135): SocketClient sendDatalocked done: 
D/libc-netbsd(20599): getaddrinfo: rqd.uu.qq.com get result from proxy >>
I/System.out(20599): propertyValue:true
I/System.out(20599): [socket][0] connection /101.226.89.31:80;LocalPort=47638(30000)
I/System.out(20599): [CDS]connect[/101.226.89.31:80] tm:30
D/Posix   (20599): [Posix_connect Debug]Process com.sdu.didi.psnger :80 
D/InputReader(  706): AP_PROF:AppLaunch_dispatchPtr:Down:116042383
I/AP_PROF (  706): unable to open /proc/mtprof/status entry
D/PowerManagerService(  706): userActivityFromNative
D/PowerManagerService(  706): userActivityNoUpdateLocked: eventTime=116042383, event=2, flags=0x0, uid=1000
D/PowerManagerNotifier(  706): onUserActivity: event=2, uid=1000
D/PowerManagerService(  706): updateUserActivitySummaryLocked: mWakefulness=Awake, mUserActivitySummary=0x5, nextTimeout=116045383 (in 2998 ms)
D/PowerManagerService(  706): newScreenState = 2
D/PowerManagerDisplayController(  706): requestPowerState: screenState=2, useProximitySensor=false, screenBrightness=100, screenAutoBrightnessAdjustment=0.0, useAutoBrightness=true, useEcoBrightness=false, blockScreenOn=false, isUserAdjustingAutoBrightness =false, waitForNegativeProximity=false
I/View    (19870): Touch down dispatch to android.widget.Button{41fb2140 VFED..C. ........ 0,120-216,192 #7f0a000b app:id/all_apps_share}, event = MotionEvent { action=ACTION_DOWN, id[0]=0, x[0]=70.0, y[0]=23.0, toolType[0]=TOOL_TYPE_FINGER, buttonState=0, metaState=0, flags=0x0, edgeFlags=0x0, pointerCount=1, historySize=0, eventTime=116042383, downTime=116042383, deviceId=2, source=0x1002 }
D/PowerManagerService(  706): updateScreenStateLocked: mDisplayReady=true, newScreenState=2, mWakefulness=1, mWakeLockSummary=0x1, mUserActivitySummary=0x5, mBootCompleted=true
D/PowerManagerService(  706): handleSandman: canDream=false, mWakefulness=Awake
I/BufferQueue(  139): [com.android.phoneassistant/com.android.phoneassistant.webserver.activity.ShareEntryActivity](this:0x41de6210,api:1) new GraphicBuffer needed
D/BufferQueue(  139):     [OLD] gb:NULL
I/GraphicBuffer(  139): allocate buffer (w:544 h:960 f:1) handle(0x40ca4388) err(0)
I/BufferQueue(  139):     [NEW] gb=0x41f39e70, handle=0x40ca4388, w=540, h=960, s=544, fmt=1
D/GraphicBuffer(19870): create handle(0x415c86a8) (w:544, h:960, f:1)
I/SurfaceTextureClient(19870): [STC::queueBuffer] (this:0x5f560008) fps:0.04, dur:23713.51, max:23713.51, min:23713.51
I/SurfaceTextureClient(19870): [STC::queueBuffer] this:0x5f560008, api:1, last queue time elapsed:23713.51
I/BufferQueue(  139): [com.android.phoneassistant/com.android.phoneassistant.webserver.activity.ShareEntryActivity](this:0x41de6210,api:1) [queue] fps:0.04, dur:23714.41, max:23714.41, min:23714.41
I/SurfaceTexture(  139): [com.android.phoneassistant/com.android.phoneassistant.webserver.activity.ShareEntryActivity](this:0x41de6c48,api:1) [void* android::SurfaceTexture::createImage(EGLDisplay, const android::sp<android::GraphicBuffer>&)]
D/SurfaceTexture(  139):     GraphicBuffer: gb=0x41f39e70 handle=0x40ca4388
D/SurfaceTexture(  139):     EGLImage: dpy=0x1, img=0x10000004
I/SurfaceTextureClient(  139): [STC::queueBuffer] (this:0x40c4a830) fps:0.93, dur:1071.86, max:1071.86, min:1071.86
I/BufferQueue(  139): [FramebufferSurface](this:0x40c8b008,api:1) [release] fps:0.93, dur:1071.82, max:1071.82, min:1071.82
I/BufferQueue(  139): [FramebufferSurface](this:0x40c8b008,api:1) [queue] fps:0.93, dur:1071.81, max:1071.81, min:1071.81
I/SurfaceFlinger(  139): [SurfaceFlinger] fps:0.932988,dur:1071.83,max:1071.83,min:1071.83
V/Provider/Settings(  966):  from settings cache , name = gprs_connection_setting , value = 0
D/MobileDataStateTracker(  706): default: getNetworkInfo: updated IsAvailable=true
V/Provider/Settings(  966):  from settings cache , name = gprs_connection_setting , value = 0
D/MobileDataStateTracker(  706): default: getNetworkInfo: updated IsAvailable=true
V/Provider/Settings(  966):  from settings cache , name = gprs_connection_setting , value = 0
D/MobileDataStateTracker(  706): mms: getNetworkInfo: updated IsAvailable=true
V/Provider/Settings(  966):  from settings cache , name = gprs_connection_setting , value = 0
D/MobileDataStateTracker(  706): mms: getNetworkInfo: updated IsAvailable=true
V/Provider/Settings(  966):  from settings cache , name = gprs_connection_setting , value = 0
D/MobileDataStateTracker(  706): supl: getNetworkInfo: updated IsAvailable=true
V/Provider/Settings(  966):  from settings cache , name = gprs_connection_setting , value = 0
D/MobileDataStateTracker(  706): supl: getNetworkInfo: updated IsAvailable=true
V/Provider/Settings(  966):  from settings cache , name = gprs_connection_setting , value = 0
D/InputReader(  706): AP_PROF:AppLaunch_dispatchPtr:Up:116042467
I/View    (19870): Touch up dispatch to android.widget.Button{41fb2140 VFED..C. ...P.... 0,120-216,192 #7f0a000b app:id/all_apps_share}, event = MotionEvent { action=ACTION_UP, id[0]=0, x[0]=68.881256, y[0]=22.0, toolType[0]=TOOL_TYPE_FINGER, buttonState=0, metaState=0, flags=0x0, edgeFlags=0x0, pointerCount=1, historySize=0, eventTime=116042467, downTime=116042383, deviceId=2, source=0x1002 }
D/MobileDataStateTracker(  706): dun: getNetworkInfo: updated IsAvailable=true
V/Provider/Settings(  966):  from settings cache , name = gprs_connection_setting , value = 0
D/MobileDataStateTracker(  706): dun: getNetworkInfo: updated IsAvailable=true
V/Provider/Settings(  966):  from settings cache , name = gprs_connection_setting , value = 0
D/MobileDataStateTracker(  706): hipri: getNetworkInfo: updated IsAvailable=true
V/Provider/Settings(  966):  from settings cache , name = gprs_connection_setting , value = 0
V/Provider/Settings(19870): invalidate [system]: current 266 != cached 264
D/MobileDataStateTracker(  706): hipri: getNetworkInfo: updated IsAvailable=true
V/Provider/Settings(  966):  from settings cache , name = gprs_connection_setting , value = 0
D/MobileDataStateTracker(  706): fota: getNetworkInfo: updated IsAvailable=true
D/SettingsProvider(  706): call request for 0
D/SettingsProvider(  706): lookupValue table system cache contains Key sound_effects_enabled , value = Bundle[{value=0}]
V/Provider/Settings(  966):  from settings cache , name = gprs_connection_setting , value = 0
V/Provider/Settings(19870): from db cache, name = sound_effects_enabled , value = 0
D/MobileDataStateTracker(  706): fota: getNetworkInfo: updated IsAvailable=true
D/phoneassistant(19870): ShareEntryActivity.startShare : 61 ---> selfShare : false
V/Provider/Settings(  966):  from settings cache , name = gprs_connection_setting , value = 0
I/ActivityManager(  706): START u0 {cmp=com.android.phoneassistant/.webserver.activity.WebServerWithHotpot} from pid 19870
D/MobileDataStateTracker(  706): ims: getNetworkInfo: updated IsAvailable=true
V/Provider/Settings(  966):  from settings cache , name = gprs_connection_setting , value = 0
I/libPerfService(  706): 1: set: 2
D/MobileDataStateTracker(  706): ims: getNetworkInfo: updated IsAvailable=true
W/ActivityManager(  706): [LTK] pid, app, 3d=19870, 8093696, 202289152
V/Provider/Settings(  966):  from settings cache , name = gprs_connection_setting , value = 0
D/MobileDataStateTracker(  706): cbs: getNetworkInfo: updated IsAvailable=true
V/Provider/Settings(  966):  from settings cache , name = gprs_connection_setting , value = 0
D/MobileDataStateTracker(  706): cbs: getNetworkInfo: updated IsAvailable=true
V/Provider/Settings(  966):  from settings cache , name = gprs_connection_setting , value = 0
D/MobileDataStateTracker(  706): dm: getNetworkInfo: updated IsAvailable=true
V/Provider/Settings(  966):  from settings cache , name = gprs_connection_setting , value = 0
D/MobileDataStateTracker(  706): dm: getNetworkInfo: updated IsAvailable=true
V/Provider/Settings(  966):  from settings cache , name = gprs_connection_setting , value = 0
D/MobileDataStateTracker(  706): wap: getNetworkInfo: updated IsAvailable=true
V/Provider/Settings(  966):  from settings cache , name = gprs_connection_setting , value = 0
D/MobileDataStateTracker(  706): wap: getNetworkInfo: updated IsAvailable=true
V/Provider/Settings(  966):  from settings cache , name = gprs_connection_setting , value = 0
D/MobileDataStateTracker(  706): net: getNetworkInfo: updated IsAvailable=true
V/Provider/Settings(  966):  from settings cache , name = gprs_connection_setting , value = 0
D/MobileDataStateTracker(  706): net: getNetworkInfo: updated IsAvailable=true
V/Provider/Settings(  966):  from settings cache , name = gprs_connection_setting , value = 0
D/MobileDataStateTracker(  706): cmmail: getNetworkInfo: updated IsAvailable=true
V/Provider/Settings(  966):  from settings cache , name = gprs_connection_setting , value = 0
D/MobileDataStateTracker(  706): cmmail: getNetworkInfo: updated IsAvailable=true
V/Provider/Settings(  966):  from settings cache , name = gprs_connection_setting , value = 0
D/MobileDataStateTracker(  706): rcse: getNetworkInfo: updated IsAvailable=true
V/Provider/Settings(  966):  from settings cache , name = gprs_connection_setting , value = 0
D/MobileDataStateTracker(  706): rcse: getNetworkInfo: updated IsAvailable=true
D/ConnectivityService(  706): getActiveNetworkInfo:NetworkInfo: type: WIFI[], state: CONNECTED/CONNECTED, reason: (unspecified), extra: "taugin", roaming: false, failover: false, isAvailable: true, simId: 0/10084
D/ConnectivityService(  706): getActiveNetworkInfo:NetworkInfo: type: WIFI[], state: CONNECTED/CONNECTED, reason: (unspecified), extra: "taugin", roaming: false, failover: false, isAvailable: true, simId: 0/10084
D/ConnectivityService(  706): getActiveNetworkInfo:NetworkInfo: type: WIFI[], state: CONNECTED/CONNECTED, reason: (unspecified), extra: "taugin", roaming: false, failover: false, isAvailable: true, simId: 0/10084
D/TelephonyManager(16545): getDefaultSim is sim1
I/SurfaceFlinger(  139): [doDisplayComposition] skip composition for DisplayDevice(type:0) since dirtyRegion is empty
D/ConnectivityService(  706): getActiveNetworkInfo:NetworkInfo: type: WIFI[], state: CONNECTED/CONNECTED, reason: (unspecified), extra: "taugin", roaming: false, failover: false, isAvailable: true, simId: 0/10084
D/ConnectivityService(  706): getActiveNetworkInfo:NetworkInfo: type: WIFI[], state: CONNECTED/CONNECTED, reason: (unspecified), extra: "taugin", roaming: false, failover: false, isAvailable: true, simId: 0/10084
I/System.out(16545): [CDS]rx timeout:0
I/System.out(16545): [CDS]rx timeout:0
D/ConnectivityService(  706): getActiveNetworkInfo:NetworkInfo: type: WIFI[], state: CONNECTED/CONNECTED, reason: (unspecified), extra: "taugin", roaming: false, failover: false, isAvailable: true, simId: 0/10084
D/PowerManagerService(  706): acquireWakeLockInternal: lock=1107103496, flags=0x1, tag="ActivityManager-Launch", ws=null, uid=1000, pid=706
D/PowerManagerService(  706): updateWakeLockSummaryLocked: mWakefulness=Awake, mWakeLockSummary=0x1
D/PowerManagerService(  706): newScreenState = 2
D/PowerManagerDisplayController(  706): requestPowerState: screenState=2, useProximitySensor=false, screenBrightness=100, screenAutoBrightnessAdjustment=0.0, useAutoBrightness=true, useEcoBrightness=false, blockScreenOn=false, isUserAdjustingAutoBrightness =false, waitForNegativeProximity=false
V/Provider/Settings(  966):  from settings cache , name = gprs_connection_setting , value = 0
D/PowerManagerService(  706): updateScreenStateLocked: mDisplayReady=true, newScreenState=2, mWakefulness=1, mWakeLockSummary=0x1, mUserActivitySummary=0x5, mBootCompleted=true
D/PowerManagerService(  706): handleSandman: canDream=false, mWakefulness=Awake
D/MobileDataStateTracker(  706): default: getNetworkInfo: updated IsAvailable=true
V/Provider/Settings(  966):  from settings cache , name = gprs_connection_setting , value = 0
W/ActivityManager(  706): Unable to write /sys/module/mlog/parameters/do_mlog
D/MobileDataStateTracker(  706): default: getNetworkInfo: updated IsAvailable=true
V/Provider/Settings(  966):  from settings cache , name = gprs_connection_setting , value = 0
D/InputReader(  706): InputReader:: getSwitchState lock 
D/MobileDataStateTracker(  706): mms: getNetworkInfo: updated IsAvailable=true
V/Provider/Settings(  966):  from settings cache , name = gprs_connection_setting , value = 0
D/MobileDataStateTracker(  706): mms: getNetworkInfo: updated IsAvailable=true
D/InputReader(  706): InputReader::getStateLocked:: return 
V/ActivityManager(  706): ACT-Launching: ActivityRecord{42b65398 u0 com.android.phoneassistant/.webserver.activity.WebServerWithHotpot}
V/Provider/Settings(  966):  from settings cache , name = gprs_connection_setting , value = 0
D/MobileDataStateTracker(  706): supl: getNetworkInfo: updated IsAvailable=true
V/Provider/Settings(  966):  from settings cache , name = gprs_connection_setting , value = 0
D/MobileDataStateTracker(  706): supl: getNetworkInfo: updated IsAvailable=true
V/Provider/Settings(  966):  from settings cache , name = gprs_connection_setting , value = 0
D/MobileDataStateTracker(  706): dun: getNetworkInfo: updated IsAvailable=true
V/Provider/Settings(  966):  from settings cache , name = gprs_connection_setting , value = 0
D/MobileDataStateTracker(  706): dun: getNetworkInfo: updated IsAvailable=true
V/Provider/Settings(  966):  from settings cache , name = gprs_connection_setting , value = 0
D/MobileDataStateTracker(  706): hipri: getNetworkInfo: updated IsAvailable=true
V/Provider/Settings(  966):  from settings cache , name = gprs_connection_setting , value = 0
D/MobileDataStateTracker(  706): hipri: getNetworkInfo: updated IsAvailable=true
V/Provider/Settings(  966):  from settings cache , name = gprs_connection_setting , value = 0
D/MobileDataStateTracker(  706): fota: getNetworkInfo: updated IsAvailable=true
V/Provider/Settings(  966):  from settings cache , name = gprs_connection_setting , value = 0
D/MobileDataStateTracker(  706): fota: getNetworkInfo: updated IsAvailable=true
V/Provider/Settings(  966):  from settings cache , name = gprs_connection_setting , value = 0
D/MobileDataStateTracker(  706): ims: getNetworkInfo: updated IsAvailable=true
V/Provider/Settings(  966):  from settings cache , name = gprs_connection_setting , value = 0
D/MobileDataStateTracker(  706): ims: getNetworkInfo: updated IsAvailable=true
V/Provider/Settings(  966):  from settings cache , name = gprs_connection_setting , value = 0
D/MobileDataStateTracker(  706): cbs: getNetworkInfo: updated IsAvailable=true
V/Provider/Settings(  966):  from settings cache , name = gprs_connection_setting , value = 0
D/MobileDataStateTracker(  706): cbs: getNetworkInfo: updated IsAvailable=true
V/WindowManager(  706): Changing focus from Window{4344d740 u0 com.android.phoneassistant/com.android.phoneassistant.webserver.activity.ShareEntryActivity} to null
V/Provider/Settings(  966):  from settings cache , name = gprs_connection_setting , value = 0
D/MobileDataStateTracker(  706): dm: getNetworkInfo: updated IsAvailable=true
V/Provider/Settings(  966):  from settings cache , name = gprs_connection_setting , value = 0
D/MobileDataStateTracker(  706): dm: getNetworkInfo: updated IsAvailable=true
V/Provider/Settings(  966):  from settings cache , name = gprs_connection_setting , value = 0
D/MobileDataStateTracker(  706): wap: getNetworkInfo: updated IsAvailable=true
V/Provider/Settings(  966):  from settings cache , name = gprs_connection_setting , value = 0
D/KeyguardViewMediator(  706): setHidden false
D/KeyguardUpdateMonitor(  706): sendKeyguardVisibilityChanged(true)
D/KeyguardUpdateMonitor(  706): handleKeyguardVisibilityChanged(1)
D/KeyguardViewMediator(  706): handleMessage enter msg name=SET_HIDDEN
D/KeyguardViewMediator(  706): handleMessage exit msg name=SET_HIDDEN
D/MobileDataStateTracker(  706): wap: getNetworkInfo: updated IsAvailable=true
V/Provider/Settings(  966):  from settings cache , name = gprs_connection_setting , value = 0
D/MobileDataStateTracker(  706): net: getNetworkInfo: updated IsAvailable=true
V/Provider/Settings(  966):  from settings cache , name = gprs_connection_setting , value = 0
D/MobileDataStateTracker(  706): net: getNetworkInfo: updated IsAvailable=true
V/Provider/Settings(  966):  from settings cache , name = gprs_connection_setting , value = 0
D/MobileDataStateTracker(  706): cmmail: getNetworkInfo: updated IsAvailable=true
V/Provider/Settings(  966):  from settings cache , name = gprs_connection_setting , value = 0
D/MobileDataStateTracker(  706): cmmail: getNetworkInfo: updated IsAvailable=true
V/Provider/Settings(  966):  from settings cache , name = gprs_connection_setting , value = 0
I/WindowManager(  706): Losing focus: Window{4344d740 u0 com.android.phoneassistant/com.android.phoneassistant.webserver.activity.ShareEntryActivity}
D/MobileDataStateTracker(  706): rcse: getNetworkInfo: updated IsAvailable=true
V/Provider/Settings(  966):  from settings cache , name = gprs_connection_setting , value = 0
D/MobileDataStateTracker(  706): rcse: getNetworkInfo: updated IsAvailable=true
D/dalvikvm(  706): create interp thread : stack size=128KB
D/dalvikvm(  706): create new thread
D/dalvikvm(  706): new thread created
D/dalvikvm(  706): update thread list
D/dalvikvm(  706): threadid=99: interp stack at 0x63ab9000
D/dalvikvm(  706): threadid=99: created from interp
D/dalvikvm(  706): start new thread
D/dalvikvm(  706): threadid=99: notify debugger
D/dalvikvm(  706): threadid=99 (Thread-3814): calling run()
I/BufferQueue(  139): [com.android.phoneassistant/com.android.phoneassistant.webserver.activity.ShareEntryActivity](this:0x41de6210,api:1) new GraphicBuffer needed
D/BufferQueue(  139):     [OLD] gb:NULL
D/ConnectivityService(  706): getActiveNetworkInfo:NetworkInfo: type: WIFI[], state: CONNECTED/CONNECTED, reason: (unspecified), extra: "taugin", roaming: false, failover: false, isAvailable: true, simId: 0/10084
I/GraphicBuffer(  139): allocate buffer (w:544 h:960 f:1) handle(0x40cb7ae0) err(0)
I/BufferQueue(  139):     [NEW] gb=0x40cb4bd8, handle=0x40cb7ae0, w=540, h=960, s=544, fmt=1
D/dalvikvm(  706): threadid=99: exiting
D/GraphicBuffer(19870): create handle(0x5a672c30) (w:544, h:960, f:1)
D/dalvikvm(  706): threadid=99: bye!
V/Provider/Settings(  966):  from settings cache , name = gprs_connection_setting , value = 0
D/MobileDataStateTracker(  706): default: getNetworkInfo: updated IsAvailable=true
V/Provider/Settings(  966):  from settings cache , name = gprs_connection_setting , value = 0
D/MobileDataStateTracker(  706): default: getNetworkInfo: updated IsAvailable=true
V/Provider/Settings(  966):  from settings cache , name = gprs_connection_setting , value = 0
D/MobileDataStateTracker(  706): mms: getNetworkInfo: updated IsAvailable=true
V/Provider/Settings(  966):  from settings cache , name = gprs_connection_setting , value = 0
D/MobileDataStateTracker(  706): mms: getNetworkInfo: updated IsAvailable=true
V/Provider/Settings(  966):  from settings cache , name = gprs_connection_setting , value = 0
D/MobileDataStateTracker(  706): supl: getNetworkInfo: updated IsAvailable=true
V/Provider/Settings(  966):  from settings cache , name = gprs_connection_setting , value = 0
D/MobileDataStateTracker(  706): supl: getNetworkInfo: updated IsAvailable=true
V/Provider/Settings(  966):  from settings cache , name = gprs_connection_setting , value = 0
D/MobileDataStateTracker(  706): dun: getNetworkInfo: updated IsAvailable=true
V/Provider/Settings(  966):  from settings cache , name = gprs_connection_setting , value = 0
D/MobileDataStateTracker(  706): dun: getNetworkInfo: updated IsAvailable=true
V/Provider/Settings(  966):  from settings cache , name = gprs_connection_setting , value = 0
D/MobileDataStateTracker(  706): hipri: getNetworkInfo: updated IsAvailable=true
V/Provider/Settings(  966):  from settings cache , name = gprs_connection_setting , value = 0
D/MobileDataStateTracker(  706): hipri: getNetworkInfo: updated IsAvailable=true
V/Provider/Settings(  966):  from settings cache , name = gprs_connection_setting , value = 0
D/MobileDataStateTracker(  706): fota: getNetworkInfo: updated IsAvailable=true
V/Provider/Settings(  966):  from settings cache , name = gprs_connection_setting , value = 0
D/MobileDataStateTracker(  706): fota: getNetworkInfo: updated IsAvailable=true
V/Provider/Settings(  966):  from settings cache , name = gprs_connection_setting , value = 0
D/MobileDataStateTracker(  706): ims: getNetworkInfo: updated IsAvailable=true
V/Provider/Settings(  966):  from settings cache , name = gprs_connection_setting , value = 0
D/MobileDataStateTracker(  706): ims: getNetworkInfo: updated IsAvailable=true
V/Provider/Settings(  966):  from settings cache , name = gprs_connection_setting , value = 0
D/MobileDataStateTracker(  706): cbs: getNetworkInfo: updated IsAvailable=true
V/Provider/Settings(  966):  from settings cache , name = gprs_connection_setting , value = 0
D/MobileDataStateTracker(  706): cbs: getNetworkInfo: updated IsAvailable=true
V/Provider/Settings(  966):  from settings cache , name = gprs_connection_setting , value = 0
D/MobileDataStateTracker(  706): dm: getNetworkInfo: updated IsAvailable=true
V/Provider/Settings(  966):  from settings cache , name = gprs_connection_setting , value = 0
D/MobileDataStateTracker(  706): dm: getNetworkInfo: updated IsAvailable=true
V/Provider/Settings(  966):  from settings cache , name = gprs_connection_setting , value = 0
D/MobileDataStateTracker(  706): wap: getNetworkInfo: updated IsAvailable=true
V/Provider/Settings(  966):  from settings cache , name = gprs_connection_setting , value = 0
D/MobileDataStateTracker(  706): wap: getNetworkInfo: updated IsAvailable=true
V/Provider/Settings(  966):  from settings cache , name = gprs_connection_setting , value = 0
I/SurfaceTexture(  139): [com.android.phoneassistant/com.android.phoneassistant.webserver.activity.ShareEntryActivity](this:0x41de6c48,api:1) [void* android::SurfaceTexture::createImage(EGLDisplay, const android::sp<android::GraphicBuffer>&)]
D/SurfaceTexture(  139):     GraphicBuffer: gb=0x40cb4bd8 handle=0x40cb7ae0
D/SurfaceTexture(  139):     EGLImage: dpy=0x1, img=0x10000006
D/MobileDataStateTracker(  706): net: getNetworkInfo: updated IsAvailable=true
V/Provider/Settings(  966):  from settings cache , name = gprs_connection_setting , value = 0
D/MobileDataStateTracker(  706): net: getNetworkInfo: updated IsAvailable=true
V/Provider/Settings(  966):  from settings cache , name = gprs_connection_setting , value = 0
D/MobileDataStateTracker(  706): cmmail: getNetworkInfo: updated IsAvailable=true
V/Provider/Settings(  966):  from settings cache , name = gprs_connection_setting , value = 0
D/MobileDataStateTracker(  706): cmmail: getNetworkInfo: updated IsAvailable=true
V/Provider/Settings(  966):  from settings cache , name = gprs_connection_setting , value = 0
D/MobileDataStateTracker(  706): rcse: getNetworkInfo: updated IsAvailable=true
V/Provider/Settings(  966):  from settings cache , name = gprs_connection_setting , value = 0
D/MobileDataStateTracker(  706): rcse: getNetworkInfo: updated IsAvailable=true
D/ConnectivityService(  706): getActiveNetworkInfo:NetworkInfo: type: WIFI[], state: CONNECTED/CONNECTED, reason: (unspecified), extra: "taugin", roaming: false, failover: false, isAvailable: true, simId: 0/10084
I/System.out(20599): [socket][/10.0.0.100:47638] connected
I/System.out(20599): [CDS]rx timeout:10000
I/System.out(20599): [CDS]SO_SND_TIMEOUT:0
I/System.out(20599): >doSendRequest
D/taugin  (19870): WifiApStateReceiver.register : 58 ---> WifiApStateReceiver registered.
D/dalvikvm(19870): create interp thread : stack size=128KB
D/dalvikvm(19870): create new thread
D/dalvikvm(19870): new thread created
D/dalvikvm(19870): update thread list
D/dalvikvm(19870): threadid=14: interp stack at 0x5ea5b000
D/dalvikvm(19870): threadid=14: created from interp
D/dalvikvm(19870): start new thread
D/dalvikvm(19870): threadid=14: notify debugger
D/dalvikvm(19870): threadid=14 (AsyncTask #2): calling run()
I/System.out(20599): <doSendRequest
I/System.out(20599): [CDS]close[47638]
I/System.out(20599): close [socket][/0.0.0.0:47638]
I/System.out(20599): close [socket][/0.0.0.0:47638]
I/CrashReport(20599): upload success! 520
V/WindowManager(  706): Changing focus from null to Window{42c4adb8 u0 com.android.phoneassistant/com.android.phoneassistant.webserver.activity.WebServerWithHotpot}
I/WindowManager(  706): Gaining focus: Window{42c4adb8 u0 com.android.phoneassistant/com.android.phoneassistant.webserver.activity.WebServerWithHotpot}
D/taugin  (19870): WifiApStateReceiver.onReceive : 34 ---> android.net.wifi.WIFI_AP_STATE_CHANGED
D/taugin  (19870): WebServActivity.doUnbindService : 65 ---> isBound = false
I/BufferQueue(  139): [unnamed-139-4277](this:0x4259f008,api:0) BufferQueue
I/BufferQueue(  139): [unnamed-139-4277](this:0x4259f008,api:0) consumerConnect
I/BufferQueue(  139): [unnamed-139-4277](this:0x4259f008,api:0) setConsumerName: unnamed-139-4277
I/SurfaceTexture(  139): [unnamed-139-4277](this:0x41f30270,api:0) SurfaceTexture
I/BufferQueue(  139): [unnamed-139-4277](this:0x4259f008,api:0) setSynchronousMode: enabled=1
I/BufferQueue(  139): [unnamed-139-4277](this:0x4259f008,api:0) setDefaultBufferSize: w=1, h=1
I/BufferQueue(  139): [com.android.phoneassistant/com.android.phoneassistant.webserver.activity.WebServerWithHotpot](this:0x4259f008,api:0) setConsumerName: com.android.phoneassistant/com.android.phoneassistant.webserver.activity.WebServerWithHotpot
D/KeyguardViewMediator(  706): setHidden false
D/KeyguardUpdateMonitor(  706): sendKeyguardVisibilityChanged(true)
D/KeyguardUpdateMonitor(  706): handleKeyguardVisibilityChanged(1)
D/KeyguardViewMediator(  706): handleMessage enter msg name=SET_HIDDEN
D/KeyguardViewMediator(  706): handleMessage exit msg name=SET_HIDDEN
I/BufferQueue(  139): [com.android.phoneassistant/com.android.phoneassistant.webserver.activity.WebServerWithHotpot](this:0x4259f008,api:0) setDefaultBufferSize: w=513, h=144
I/SurfaceFlinger(  139): [doDisplayComposition] skip composition for DisplayDevice(type:0) since dirtyRegion is empty
I/hwcomposer(  139): [COMP] FBT is not updated...
I/BufferQueue(  139): [com.android.phoneassistant/com.android.phoneassistant.webserver.activity.WebServerWithHotpot](this:0x4259f008,api:0) connect: api=1
I/BufferQueue(  139): [com.android.phoneassistant/com.android.phoneassistant.webserver.activity.WebServerWithHotpot](this:0x4259f008,api:1) setSynchronousMode: enabled=1
I/BufferQueue(  139): [com.android.phoneassistant/com.android.phoneassistant.webserver.activity.WebServerWithHotpot](this:0x4259f008,api:1) setSynchronousMode: enabled=1
I/BufferQueue(  139): [com.android.phoneassistant/com.android.phoneassistant.webserver.activity.WebServerWithHotpot](this:0x4259f008,api:1) new GraphicBuffer needed
D/BufferQueue(  139):     [OLD] gb:NULL
I/GraphicBuffer(  139): allocate buffer (w:528 h:144 f:1) handle(0x425a0fc0) err(0)
I/BufferQueue(  139):     [NEW] gb=0x41f34d38, handle=0x425a0fc0, w=513, h=144, s=528, fmt=1
D/GraphicBuffer(19870): create handle(0x5f4839b0) (w:528, h:144, f:1)
D/BufferQueue(  139): [com.android.phoneassistant/com.android.phoneassistant.webserver.activity.WebServerWithHotpot](this:0x4259f008,api:1) cancelBuffer: slot=0
I/BufferQueue(  139): [com.android.phoneassistant/com.android.phoneassistant.webserver.activity.WebServerWithHotpot](this:0x4259f008,api:1) setBufferCount: count=4
I/GraphicBuffer(  139): free buffer (w:528 h:144 f:1) handle(0x425a0fc0)
I/SurfaceTexture(  139): [com.android.phoneassistant/com.android.phoneassistant.webserver.activity.WebServerWithHotpot] [virtual android::status_t android::SurfaceTexture::forceAuxConversionLocked()] mCurrentTexture:-1, mCurrentBuf:0x0
